Last login: Fri Jul 10 15:49:34 on ttys004
horikei@horikeinoMacBook-Air ~ % # アプリをコマンドラインから直接起動してログを 保存（起動後、数秒経ったら Ctrl+C で停止してください）
/Applications/LosslessSwitcher.app/Contents/MacOS/LosslessSwitcher > LOG/04.log 2>&1

zsh: command not found: #
zsh: no such file or directory: LOG/04.log
horikei@horikeinoMacBook-Air ~ % # 1. プロジェクトのフォルダへ移動
cd /Users/horikei/Documents/LosslessSwitcher

# 2. アプリを起動してログを保存（起動後、数秒経ったら Ctrl+C で停止してください ）
/Applications/LosslessSwitcher.app/Contents/MacOS/LosslessSwitcher > LOG/04.log 2>&1

zsh: command not found: #
zsh: command not found: #
^C
horikei@horikeinoMacBook-Air LosslessSwitcher % # 1. プロジェクトのフォルダへ移 動
cd /Users/horikei/Documents/LosslessSwitcher

# 2. アプリを起動してログを保存（起動後、数秒経ったら Ctrl+C で停止してください ）
/Applications/LosslessSwitcher.app/Contents/MacOS/LosslessSwitcher > LOG/04.log 2>&1

zsh: command not found: #
zsh: command not found: #
^C
horikei@horikeinoMacBook-Air LosslessSwitcher % # ターミナル画面に直接出力させて起動
/Applications/LosslessSwitcher.app/Contents/MacOS/LosslessSwitcher

zsh: command not found: #
[VirtualAudioProxy] starting proxy layer
[VirtualAudioProxy] Microphone permission authorized via AVAudioApplication.
[AudioPluginBridge] Plugin initialization in progress...
[AudioPluginBridge] Plugin initialized successfully (listening to distributed notifications)
[VirtualAudioProxy] Preparing AVAudioEngine pass-through from LosslessSwitcher Virtual Device to MOONDROP Dawn Pro at 48.0 Hz
[VirtualAudioProxy] Preparing AVAudioEngine pass-through from LosslessSwitcher Virtual Device to MOONDROP Dawn Pro at 48.0 Hz
[VirtualAudioProxy] Error setting output device: -10851 (Target ID: 107)
[VirtualAudioProxy] Preparing AVAudioEngine pass-through from LosslessSwitcher Virtual Device to MOONDROP Dawn Pro at 48.0 Hz
[VirtualAudioProxy] Error setting output device: -10851 (Target ID: 107)
track 青春アーカイブ-hololive IDOL PROJECT-青春アーカイブ - Single 青春アーカイブ
[VirtualAudioProxy] Preparing AVAudioEngine pass-through from LosslessSwitcher Virtual Device to MOONDROP Dawn Pro at 48.0 Hz
[VirtualAudioProxy] Error setting output device: -10851 (Target ID: 107)
[VirtualAudioProxy] Preparing AVAudioEngine pass-through from LosslessSwitcher Virtual Device to MOONDROP Dawn Pro at 48.0 Hz
[VirtualAudioProxy] Error setting output device: -10851 (Target ID: 107)
track 青春アーカイブ-hololive IDOL PROJECT-青春アーカイブ - Single 青春アーカイブ
[VirtualAudioProxy] AVAudioEngine pass-through started successfully
[VirtualAudioProxy] AVAudioEngine pass-through started successfully
[VirtualAudioProxy] AVAudioEngine pass-through started successfully
[VirtualAudioProxy] AVAudioEngine pass-through started successfully
[VirtualAudioProxy] AVAudioEngine pass-through started successfully
[getAllStats] []
[getAllStats] []
track 青春アーカイブ-hololive IDOL PROJECT-青春アーカイブ - Single 青春アーカイブ
track 青春アーカイブ-hololive IDOL PROJECT-青春アーカイブ - Single 青春アーカイブ
[getAllStats] []
[getAllStats] []
[getAllStats] []
same track, ignore cache
[getAllStats] []
same track, ignore cache
[getAllStats] []
[getAllStats] []
[getAllStats] []
same track, ignore cache
[getAllStats] []
same track, ignore cache
[getAllStats] []
[getAllStats] []
[getAllStats] []
same track, ignore cache
[getAllStats] []
same track, ignore cache
[getAllStats] []
[getAllStats] []
[getAllStats] []
same track, ignore cache
[getAllStats] []
same track, ignore cache
[getAllStats] []
same track, ignore cache
[getAllStats] []
same track, ignore cache
track 青春アーカイブ-hololive IDOL PROJECT-青春アーカイブ - Single 青春アーカイブ
track 青春アーカイブ-hololive IDOL PROJECT-青春アーカイブ - Single 青春アーカイブ
[getAllStats] []
[getAllStats] []
track ORANGE PARADE (feat. 戌神ころね)-猫又おかゆ-ぽいずにゃ〜しんどろーむ ORANGE PARADE (feat. 戌神ころね)
track ORANGE PARADE (feat. 戌神ころね)-猫又おかゆ-ぽいずにゃ〜しんどろーむ ORANGE PARADE (feat. 戌神ころね)
track ORANGE PARADE (feat. 戌神ころね)-猫又おかゆ-ぽいずにゃ〜しんどろーむ ORANGE PARADE (feat. 戌神ころね)
track ORANGE PARADE (feat. 戌神ころね)-猫又おかゆ-ぽいずにゃ〜しんどろーむ ORANGE PARADE (feat. 戌神ころね)
detected stat CMPlayerStats(sampleRate: 48000.0, bitDepth: 24, date: 2026-07-10 06:54:14 +0000, priority: 5)
detected stat CMPlayerStats(sampleRate: 48000.0, bitDepth: 24, date: 2026-07-10 06:54:14 +0000, priority: 5)
[getAllStats] [LosslessSwitcher.CMPlayerStats(sampleRate: 48000.0, bitDepth: 24, date: 2026-07-10 06:54:14 +0000, priority: 5)]
[getAllStats] [LosslessSwitcher.CMPlayerStats(sampleRate: 48000.0, bitDepth: 24, date: 2026-07-10 06:54:14 +0000, priority: 5)]
NEAREST FORMAT [__C.AudioStreamBasicDescription(mSampleRate: 48000.0, mFormatID: 1819304813, mFormatFlags: 12, mBytesPerPacket: 6, mFramesPerPacket: 1, mBytesPerFrame: 6, mChannelsPerFrame: 2, mBitsPerChannel: 24, mReserved: 0)]
NEAREST FORMAT [__C.AudioStreamBasicDescription(mSampleRate: 48000.0, mFormatID: 1819304813, mFormatFlags: 12, mBytesPerPacket: 6, mFramesPerPacket: 1, mBytesPerFrame: 6, mChannelsPerFrame: 2, mBitsPerChannel: 24, mReserved: 0)]
detected stat CMPlayerStats(sampleRate: 48000.0, bitDepth: 24, date: 2026-07-10 06:54:14 +0000, priority: 5)
[getAllStats] [LosslessSwitcher.CMPlayerStats(sampleRate: 48000.0, bitDepth: 24, date: 2026-07-10 06:54:14 +0000, priority: 5)]
NEAREST FORMAT [__C.AudioStreamBasicDescription(mSampleRate: 48000.0, mFormatID: 1819304813, mFormatFlags: 12, mBytesPerPacket: 6, mFramesPerPacket: 1, mBytesPerFrame: 6, mChannelsPerFrame: 2, mBitsPerChannel: 24, mReserved: 0)]
detected stat CMPlayerStats(sampleRate: 48000.0, bitDepth: 24, date: 2026-07-10 06:54:14 +0000, priority: 5)
[getAllStats] [LosslessSwitcher.CMPlayerStats(sampleRate: 48000.0, bitDepth: 24, date: 2026-07-10 06:54:14 +0000, priority: 5)]
NEAREST FORMAT [__C.AudioStreamBasicDescription(mSampleRate: 48000.0, mFormatID: 1819304813, mFormatFlags: 12, mBytesPerPacket: 6, mFramesPerPacket: 1, mBytesPerFrame: 6, mChannelsPerFrame: 2, mBitsPerChannel: 24, mReserved: 0)]
detected stat CMPlayerStats(sampleRate: 48000.0, bitDepth: 24, date: 2026-07-10 06:54:14 +0000, priority: 5)
[getAllStats] [LosslessSwitcher.CMPlayerStats(sampleRate: 48000.0, bitDepth: 24, date: 2026-07-10 06:54:14 +0000, priority: 5)]
NEAREST FORMAT [__C.AudioStreamBasicDescription(mSampleRate: 48000.0, mFormatID: 1819304813, mFormatFlags: 12, mBytesPerPacket: 6, mFramesPerPacket: 1, mBytesPerFrame: 6, mChannelsPerFrame: 2, mBitsPerChannel: 24, mReserved: 0)]
detected stat CMPlayerStats(sampleRate: 48000.0, bitDepth: 24, date: 2026-07-10 06:54:14 +0000, priority: 5)
[getAllStats] [LosslessSwitcher.CMPlayerStats(sampleRate: 48000.0, bitDepth: 24, date: 2026-07-10 06:54:14 +0000, priority: 5)]
NEAREST FORMAT [__C.AudioStreamBasicDescription(mSampleRate: 48000.0, mFormatID: 1819304813, mFormatFlags: 12, mBytesPerPacket: 6, mFramesPerPacket: 1, mBytesPerFrame: 6, mChannelsPerFrame: 2, mBitsPerChannel: 24, mReserved: 0)]
track ORANGE PARADE (feat. 戌神ころね)-猫又おかゆ-ぽいずにゃ〜しんどろーむ ORANGE PARADE (feat. 戌神ころね)
track ORANGE PARADE (feat. 戌神ころね)-猫又おかゆ-ぽいずにゃ〜しんどろーむ ORANGE PARADE (feat. 戌神ころね)
detected stat CMPlayerStats(sampleRate: 48000.0, bitDepth: 24, date: 2026-07-10 06:54:14 +0000, priority: 5)
[getAllStats] [LosslessSwitcher.CMPlayerStats(sampleRate: 48000.0, bitDepth: 24, date: 2026-07-10 06:54:14 +0000, priority: 5)]
NEAREST FORMAT [__C.AudioStreamBasicDescription(mSampleRate: 48000.0, mFormatID: 1819304813, mFormatFlags: 12, mBytesPerPacket: 6, mFramesPerPacket: 1, mBytesPerFrame: 6, mChannelsPerFrame: 2, mBitsPerChannel: 24, mReserved: 0)]
detected stat CMPlayerStats(sampleRate: 48000.0, bitDepth: 24, date: 2026-07-10 06:54:14 +0000, priority: 5)
[getAllStats] [LosslessSwitcher.CMPlayerStats(sampleRate: 48000.0, bitDepth: 24, date: 2026-07-10 06:54:14 +0000, priority: 5)]
NEAREST FORMAT [__C.AudioStreamBasicDescription(mSampleRate: 48000.0, mFormatID: 1819304813, mFormatFlags: 12, mBytesPerPacket: 6, mFramesPerPacket: 1, mBytesPerFrame: 6, mChannelsPerFrame: 2, mBitsPerChannel: 24, mReserved: 0)]
detected stat CMPlayerStats(sampleRate: 48000.0, bitDepth: 24, date: 2026-07-10 06:54:14 +0000, priority: 5)
[getAllStats] [LosslessSwitcher.CMPlayerStats(sampleRate: 48000.0, bitDepth: 24, date: 2026-07-10 06:54:14 +0000, priority: 5)]
NEAREST FORMAT [__C.AudioStreamBasicDescription(mSampleRate: 48000.0, mFormatID: 1819304813, mFormatFlags: 12, mBytesPerPacket: 6, mFramesPerPacket: 1, mBytesPerFrame: 6, mChannelsPerFrame: 2, mBitsPerChannel: 24, mReserved: 0)]
detected stat CMPlayerStats(sampleRate: 48000.0, bitDepth: 24, date: 2026-07-10 06:54:14 +0000, priority: 5)
[getAllStats] [LosslessSwitcher.CMPlayerStats(sampleRate: 48000.0, bitDepth: 24, date: 2026-07-10 06:54:14 +0000, priority: 5)]
NEAREST FORMAT [__C.AudioStreamBasicDescription(mSampleRate: 48000.0, mFormatID: 1819304813, mFormatFlags: 12, mBytesPerPacket: 6, mFramesPerPacket: 1, mBytesPerFrame: 6, mChannelsPerFrame: 2, mBitsPerChannel: 24, mReserved: 0)]
detected stat CMPlayerStats(sampleRate: 48000.0, bitDepth: 24, date: 2026-07-10 06:54:14 +0000, priority: 5)
[getAllStats] [LosslessSwitcher.CMPlayerStats(sampleRate: 48000.0, bitDepth: 24, date: 2026-07-10 06:54:14 +0000, priority: 5)]
NEAREST FORMAT [__C.AudioStreamBasicDescription(mSampleRate: 48000.0, mFormatID: 1819304813, mFormatFlags: 12, mBytesPerPacket: 6, mFramesPerPacket: 1, mBytesPerFrame: 6, mChannelsPerFrame: 2, mBitsPerChannel: 24, mReserved: 0)]
detected stat CMPlayerStats(sampleRate: 48000.0, bitDepth: 24, date: 2026-07-10 06:54:14 +0000, priority: 5)
[getAllStats] [LosslessSwitcher.CMPlayerStats(sampleRate: 48000.0, bitDepth: 24, date: 2026-07-10 06:54:14 +0000, priority: 5)]
NEAREST FORMAT [__C.AudioStreamBasicDescription(mSampleRate: 48000.0, mFormatID: 1819304813, mFormatFlags: 12, mBytesPerPacket: 6, mFramesPerPacket: 1, mBytesPerFrame: 6, mChannelsPerFrame: 2, mBitsPerChannel: 24, mReserved: 0)]
detected stat CMPlayerStats(sampleRate: 48000.0, bitDepth: 24, date: 2026-07-10 06:54:14 +0000, priority: 5)
[getAllStats] [LosslessSwitcher.CMPlayerStats(sampleRate: 48000.0, bitDepth: 24, date: 2026-07-10 06:54:14 +0000, priority: 5)]
NEAREST FORMAT [__C.AudioStreamBasicDescription(mSampleRate: 48000.0, mFormatID: 1819304813, mFormatFlags: 12, mBytesPerPacket: 6, mFramesPerPacket: 1, mBytesPerFrame: 6, mChannelsPerFrame: 2, mBitsPerChannel: 24, mReserved: 0)]
detected stat CMPlayerStats(sampleRate: 48000.0, bitDepth: 24, date: 2026-07-10 06:54:14 +0000, priority: 5)
[getAllStats] [LosslessSwitcher.CMPlayerStats(sampleRate: 48000.0, bitDepth: 24, date: 2026-07-10 06:54:14 +0000, priority: 5)]
NEAREST FORMAT [__C.AudioStreamBasicDescription(mSampleRate: 48000.0, mFormatID: 1819304813, mFormatFlags: 12, mBytesPerPacket: 6, mFramesPerPacket: 1, mBytesPerFrame: 6, mChannelsPerFrame: 2, mBitsPerChannel: 24, mReserved: 0)]
[getAllStats] []
[getAllStats] []
track キラメキライダー☆-hololive IDOL PROJECT-キラメキライダー☆ - Single キラメキライダー☆
track キラメキライダー☆-hololive IDOL PROJECT-キラメキライダー☆ - Single キラメキライダー☆
detected stat CMPlayerStats(sampleRate: 96000.0, bitDepth: 24, date: 2026-07-10 06:54:20 +0000, priority: 5)
[getAllStats] [LosslessSwitcher.CMPlayerStats(sampleRate: 96000.0, bitDepth: 24, date: 2026-07-10 06:54:20 +0000, priority: 5)]
detected stat CMPlayerStats(sampleRate: 96000.0, bitDepth: 24, date: 2026-07-10 06:54:20 +0000, priority: 5)
[getAllStats] [LosslessSwitcher.CMPlayerStats(sampleRate: 96000.0, bitDepth: 24, date: 2026-07-10 06:54:20 +0000, priority: 5)]
NEAREST FORMAT [__C.AudioStreamBasicDescription(mSampleRate: 96000.0, mFormatID: 1819304813, mFormatFlags: 12, mBytesPerPacket: 6, mFramesPerPacket: 1, mBytesPerFrame: 6, mChannelsPerFrame: 2, mBitsPerChannel: 24, mReserved: 0)]
NEAREST FORMAT [__C.AudioStreamBasicDescription(mSampleRate: 96000.0, mFormatID: 1819304813, mFormatFlags: 12, mBytesPerPacket: 6, mFramesPerPacket: 1, mBytesPerFrame: 6, mChannelsPerFrame: 2, mBitsPerChannel: 24, mReserved: 0)]
[VirtualAudioProxy] AVAudioEngine pass-through stopped
[VirtualAudioProxy] Preparing AVAudioEngine pass-through from LosslessSwitcher Virtual Device to MOONDROP Dawn Pro at 96.0 Hz
[VirtualAudioProxy] Error setting output device: -10851 (Target ID: 107)
[VirtualAudioProxy] AVAudioEngine pass-through started successfully
detected stat CMPlayerStats(sampleRate: 96000.0, bitDepth: 24, date: 2026-07-10 06:54:20 +0000, priority: 5)
[getAllStats] [LosslessSwitcher.CMPlayerStats(sampleRate: 96000.0, bitDepth: 24, date: 2026-07-10 06:54:20 +0000, priority: 5)]
NEAREST FORMAT [__C.AudioStreamBasicDescription(mSampleRate: 96000.0, mFormatID: 1819304813, mFormatFlags: 12, mBytesPerPacket: 6, mFramesPerPacket: 1, mBytesPerFrame: 6, mChannelsPerFrame: 2, mBitsPerChannel: 24, mReserved: 0)]
detected stat CMPlayerStats(sampleRate: 96000.0, bitDepth: 24, date: 2026-07-10 06:54:20 +0000, priority: 5)
[getAllStats] [LosslessSwitcher.CMPlayerStats(sampleRate: 96000.0, bitDepth: 24, date: 2026-07-10 06:54:20 +0000, priority: 5)]
NEAREST FORMAT [__C.AudioStreamBasicDescription(mSampleRate: 96000.0, mFormatID: 1819304813, mFormatFlags: 12, mBytesPerPacket: 6, mFramesPerPacket: 1, mBytesPerFrame: 6, mChannelsPerFrame: 2, mBitsPerChannel: 24, mReserved: 0)]
track キラメキライダー☆-hololive IDOL PROJECT-キラメキライダー☆ - Single キラメキライダー☆
track キラメキライダー☆-hololive IDOL PROJECT-キラメキライダー☆ - Single キラメキライダー☆
detected stat CMPlayerStats(sampleRate: 96000.0, bitDepth: 24, date: 2026-07-10 06:54:20 +0000, priority: 5)
detected stat CMPlayerStats(sampleRate: 96000.0, bitDepth: 24, date: 2026-07-10 06:54:20 +0000, priority: 5)
[getAllStats] [LosslessSwitcher.CMPlayerStats(sampleRate: 96000.0, bitDepth: 24, date: 2026-07-10 06:54:20 +0000, priority: 5)]
[getAllStats] [LosslessSwitcher.CMPlayerStats(sampleRate: 96000.0, bitDepth: 24, date: 2026-07-10 06:54:20 +0000, priority: 5)]
NEAREST FORMAT [__C.AudioStreamBasicDescription(mSampleRate: 96000.0, mFormatID: 1819304813, mFormatFlags: 12, mBytesPerPacket: 6, mFramesPerPacket: 1, mBytesPerFrame: 6, mChannelsPerFrame: 2, mBitsPerChannel: 24, mReserved: 0)]
NEAREST FORMAT [__C.AudioStreamBasicDescription(mSampleRate: 96000.0, mFormatID: 1819304813, mFormatFlags: 12, mBytesPerPacket: 6, mFramesPerPacket: 1, mBytesPerFrame: 6, mChannelsPerFrame: 2, mBitsPerChannel: 24, mReserved: 0)]
detected stat CMPlayerStats(sampleRate: 96000.0, bitDepth: 24, date: 2026-07-10 06:54:20 +0000, priority: 5)
[getAllStats] [LosslessSwitcher.CMPlayerStats(sampleRate: 96000.0, bitDepth: 24, date: 2026-07-10 06:54:20 +0000, priority: 5)]
NEAREST FORMAT [__C.AudioStreamBasicDescription(mSampleRate: 96000.0, mFormatID: 1819304813, mFormatFlags: 12, mBytesPerPacket: 6, mFramesPerPacket: 1, mBytesPerFrame: 6, mChannelsPerFrame: 2, mBitsPerChannel: 24, mReserved: 0)]
detected stat CMPlayerStats(sampleRate: 96000.0, bitDepth: 24, date: 2026-07-10 06:54:20 +0000, priority: 5)
[getAllStats] [LosslessSwitcher.CMPlayerStats(sampleRate: 96000.0, bitDepth: 24, date: 2026-07-10 06:54:20 +0000, priority: 5)]
NEAREST FORMAT [__C.AudioStreamBasicDescription(mSampleRate: 96000.0, mFormatID: 1819304813, mFormatFlags: 12, mBytesPerPacket: 6, mFramesPerPacket: 1, mBytesPerFrame: 6, mChannelsPerFrame: 2, mBitsPerChannel: 24, mReserved: 0)]
detected stat CMPlayerStats(sampleRate: 96000.0, bitDepth: 24, date: 2026-07-10 06:54:20 +0000, priority: 5)
detected stat CMPlayerStats(sampleRate: 96000.0, bitDepth: 24, date: 2026-07-10 06:54:20 +0000, priority: 5)
[getAllStats] [LosslessSwitcher.CMPlayerStats(sampleRate: 96000.0, bitDepth: 24, date: 2026-07-10 06:54:20 +0000, priority: 5)]
[getAllStats] [LosslessSwitcher.CMPlayerStats(sampleRate: 96000.0, bitDepth: 24, date: 2026-07-10 06:54:20 +0000, priority: 5)]
NEAREST FORMAT [__C.AudioStreamBasicDescription(mSampleRate: 96000.0, mFormatID: 1819304813, mFormatFlags: 12, mBytesPerPacket: 6, mFramesPerPacket: 1, mBytesPerFrame: 6, mChannelsPerFrame: 2, mBitsPerChannel: 24, mReserved: 0)]
NEAREST FORMAT [__C.AudioStreamBasicDescription(mSampleRate: 96000.0, mFormatID: 1819304813, mFormatFlags: 12, mBytesPerPacket: 6, mFramesPerPacket: 1, mBytesPerFrame: 6, mChannelsPerFrame: 2, mBitsPerChannel: 24, mReserved: 0)]
detected stat CMPlayerStats(sampleRate: 96000.0, bitDepth: 24, date: 2026-07-10 06:54:20 +0000, priority: 5)
[getAllStats] [LosslessSwitcher.CMPlayerStats(sampleRate: 96000.0, bitDepth: 24, date: 2026-07-10 06:54:20 +0000, priority: 5)]
NEAREST FORMAT [__C.AudioStreamBasicDescription(mSampleRate: 96000.0, mFormatID: 1819304813, mFormatFlags: 12, mBytesPerPacket: 6, mFramesPerPacket: 1, mBytesPerFrame: 6, mChannelsPerFrame: 2, mBitsPerChannel: 24, mReserved: 0)]
detected stat CMPlayerStats(sampleRate: 96000.0, bitDepth: 24, date: 2026-07-10 06:54:20 +0000, priority: 5)
[getAllStats] [LosslessSwitcher.CMPlayerStats(sampleRate: 96000.0, bitDepth: 24, date: 2026-07-10 06:54:20 +0000, priority: 5)]
NEAREST FORMAT [__C.AudioStreamBasicDescription(mSampleRate: 96000.0, mFormatID: 1819304813, mFormatFlags: 12, mBytesPerPacket: 6, mFramesPerPacket: 1, mBytesPerFrame: 6, mChannelsPerFrame: 2, mBitsPerChannel: 24, mReserved: 0)]
detected stat CMPlayerStats(sampleRate: 96000.0, bitDepth: 24, date: 2026-07-10 06:54:20 +0000, priority: 5)
[getAllStats] [LosslessSwitcher.CMPlayerStats(sampleRate: 96000.0, bitDepth: 24, date: 2026-07-10 06:54:20 +0000, priority: 5)]
NEAREST FORMAT [__C.AudioStreamBasicDescription(mSampleRate: 96000.0, mFormatID: 1819304813, mFormatFlags: 12, mBytesPerPacket: 6, mFramesPerPacket: 1, mBytesPerFrame: 6, mChannelsPerFrame: 2, mBitsPerChannel: 24, mReserved: 0)]
detected stat CMPlayerStats(sampleRate: 96000.0, bitDepth: 24, date: 2026-07-10 06:54:20 +0000, priority: 5)
[getAllStats] [LosslessSwitcher.CMPlayerStats(sampleRate: 96000.0, bitDepth: 24, date: 2026-07-10 06:54:20 +0000, priority: 5)]
NEAREST FORMAT [__C.AudioStreamBasicDescription(mSampleRate: 96000.0, mFormatID: 1819304813, mFormatFlags: 12, mBytesPerPacket: 6, mFramesPerPacket: 1, mBytesPerFrame: 6, mChannelsPerFrame: 2, mBitsPerChannel: 24, mReserved: 0)]
track キラメキライダー☆-hololive IDOL PROJECT-キラメキライダー☆ - Single キラメキライダー☆
track キラメキライダー☆-hololive IDOL PROJECT-キラメキライダー☆ - Single キラメキライダー☆
detected stat CMPlayerStats(sampleRate: 96000.0, bitDepth: 24, date: 2026-07-10 06:54:25 +0000, priority: 5)
[getAllStats] [LosslessSwitcher.CMPlayerStats(sampleRate: 96000.0, bitDepth: 24, date: 2026-07-10 06:54:25 +0000, priority: 5)]
detected stat CMPlayerStats(sampleRate: 96000.0, bitDepth: 24, date: 2026-07-10 06:54:25 +0000, priority: 5)
[getAllStats] [LosslessSwitcher.CMPlayerStats(sampleRate: 96000.0, bitDepth: 24, date: 2026-07-10 06:54:25 +0000, priority: 5)]
NEAREST FORMAT [__C.AudioStreamBasicDescription(mSampleRate: 96000.0, mFormatID: 1819304813, mFormatFlags: 12, mBytesPerPacket: 6, mFramesPerPacket: 1, mBytesPerFrame: 6, mChannelsPerFrame: 2, mBitsPerChannel: 24, mReserved: 0)]
NEAREST FORMAT [__C.AudioStreamBasicDescription(mSampleRate: 96000.0, mFormatID: 1819304813, mFormatFlags: 12, mBytesPerPacket: 6, mFramesPerPacket: 1, mBytesPerFrame: 6, mChannelsPerFrame: 2, mBitsPerChannel: 24, mReserved: 0)]
detected stat CMPlayerStats(sampleRate: 96000.0, bitDepth: 24, date: 2026-07-10 06:54:25 +0000, priority: 5)
detected stat CMPlayerStats(sampleRate: 96000.0, bitDepth: 24, date: 2026-07-10 06:54:25 +0000, priority: 5)
[getAllStats] [LosslessSwitcher.CMPlayerStats(sampleRate: 96000.0, bitDepth: 24, date: 2026-07-10 06:54:25 +0000, priority: 5)]
[getAllStats] [LosslessSwitcher.CMPlayerStats(sampleRate: 96000.0, bitDepth: 24, date: 2026-07-10 06:54:25 +0000, priority: 5)]
NEAREST FORMAT [__C.AudioStreamBasicDescription(mSampleRate: 96000.0, mFormatID: 1819304813, mFormatFlags: 12, mBytesPerPacket: 6, mFramesPerPacket: 1, mBytesPerFrame: 6, mChannelsPerFrame: 2, mBitsPerChannel: 24, mReserved: 0)]
NEAREST FORMAT [__C.AudioStreamBasicDescription(mSampleRate: 96000.0, mFormatID: 1819304813, mFormatFlags: 12, mBytesPerPacket: 6, mFramesPerPacket: 1, mBytesPerFrame: 6, mChannelsPerFrame: 2, mBitsPerChannel: 24, mReserved: 0)]
horikei@horikeinoMacBook-Air LosslessSwitcher % 
