Last login: Fri Jul 10 15:58:03 on ttys004
horikei@horikeinoMacBook-Air ~ % # 実行中のアプリを一度終了
killall LosslessSwitcher

# 最新アプリを上書き配置して起動
cp -R /tmp/LosslessSwitcher.app /Applications/
open /Applications/LosslessSwitcher.app

zsh: command not found: #
No matching processes belonging to you were found
zsh: command not found: #
horikei@horikeinoMacBook-Air ~ % # ターミナル上で直接実行してログを出力
/Applications/LosslessSwitcher.app/Contents/MacOS/LosslessSwitcher

zsh: command not found: #
[VirtualAudioProxy] starting proxy layer
[VirtualAudioProxy] Microphone permission authorized via AVAudioApplication.
[AudioPluginBridge] Plugin initialization in progress...
[AudioPluginBridge] Plugin initialized successfully (listening to distributed notifications)
[VirtualAudioProxy] Preparing AVAudioEngine pass-through from LosslessSwitcher Virtual Device to MOONDROP Dawn Pro at 96.0 Hz
[VirtualAudioProxy] Preparing AVAudioEngine pass-through from LosslessSwitcher Virtual Device to MOONDROP Dawn Pro at 96.0 Hz
[VirtualAudioProxy] Error setting output device: -10851 (Target ID: 107)
[VirtualAudioProxy] Preparing AVAudioEngine pass-through from LosslessSwitcher Virtual Device to MOONDROP Dawn Pro at 96.0 Hz
[VirtualAudioProxy] Error setting output device: -10851 (Target ID: 107)
track キラメキライダー☆-hololive IDOL PROJECT-キラメキライダー☆ - Single キラメキライダー☆
[VirtualAudioProxy] Preparing AVAudioEngine pass-through from LosslessSwitcher Virtual Device to MOONDROP Dawn Pro at 96.0 Hz
[VirtualAudioProxy] Error setting output device: -10851 (Target ID: 107)
[VirtualAudioProxy] Preparing AVAudioEngine pass-through from LosslessSwitcher Virtual Device to MOONDROP Dawn Pro at 96.0 Hz
[VirtualAudioProxy] Error setting output device: -10851 (Target ID: 107)
track キラメキライダー☆-hololive IDOL PROJECT-キラメキライダー☆ - Single キラメキライダー☆
[VirtualAudioProxy] Failed to start AVAudioEngine, retrying in 500ms... Error: Error Domain=com.apple.coreaudio.avfaudio Code=-10875 "(null)" UserInfo={false condition=IsFormatSampleRateAndChannelCountValid(outputHWFormat)}
[VirtualAudioProxy] Failed to start AVAudioEngine on retry: Error Domain=com.apple.coreaudio.avfaudio Code=-10875 "(null)" UserInfo={false condition=IsFormatSampleRateAndChannelCountValid(outputHWFormat)}
[getAllStats] []
[getAllStats] []
[getAllStats] []
[getAllStats] []
[getAllStats] []
[getAllStats] []
track キラメキライダー☆-hololive IDOL PROJECT-キラメキライダー☆ - Single キラメキライダー☆
track キラメキライダー☆-hololive IDOL PROJECT-キラメキライダー☆ - Single キラメキライダー☆
[getAllStats] []
[getAllStats] []
[getAllStats] []
[getAllStats] []
[getAllStats] []
[getAllStats] []
[getAllStats] []
[getAllStats] []
[getAllStats] []
same track, ignore cache
[getAllStats] []
same track, ignore cache
[getAllStats] []
same track, ignore cache
[getAllStats] []
same track, ignore cache
[getAllStats] []
same track, ignore cache
[getAllStats] []
same track, ignore cache
[getAllStats] []
[getAllStats] []
[getAllStats] []
same track, ignore cache
[getAllStats] []
same track, ignore cache
track キラメキライダー☆-hololive IDOL PROJECT-キラメキライダー☆ - Single キラメキライダー☆
track キラメキライダー☆-hololive IDOL PROJECT-キラメキライダー☆ - Single キラメキライダー☆
track キラメキライダー☆-hololive IDOL PROJECT-キラメキライダー☆ - Single キラメキライダー☆
track キラメキライダー☆-hololive IDOL PROJECT-キラメキライダー☆ - Single キラメキライダー☆
detected stat CMPlayerStats(sampleRate: 96000.0, bitDepth: 24, date: 2026-07-10 06:59:10 +0000, priority: 5)
detected stat CMPlayerStats(sampleRate: 96000.0, bitDepth: 24, date: 2026-07-10 06:59:10 +0000, priority: 5)
[getAllStats] [LosslessSwitcher.CMPlayerStats(sampleRate: 96000.0, bitDepth: 24, date: 2026-07-10 06:59:10 +0000, priority: 5)]
[getAllStats] [LosslessSwitcher.CMPlayerStats(sampleRate: 96000.0, bitDepth: 24, date: 2026-07-10 06:59:10 +0000, priority: 5)]
NEAREST FORMAT [__C.AudioStreamBasicDescription(mSampleRate: 96000.0, mFormatID: 1819304813, mFormatFlags: 12, mBytesPerPacket: 6, mFramesPerPacket: 1, mBytesPerFrame: 6, mChannelsPerFrame: 2, mBitsPerChannel: 24, mReserved: 0)]
NEAREST FORMAT [__C.AudioStreamBasicDescription(mSampleRate: 96000.0, mFormatID: 1819304813, mFormatFlags: 12, mBytesPerPacket: 6, mFramesPerPacket: 1, mBytesPerFrame: 6, mChannelsPerFrame: 2, mBitsPerChannel: 24, mReserved: 0)]
[VirtualAudioProxy] Preparing AVAudioEngine pass-through from LosslessSwitcher Virtual Device to MOONDROP Dawn Pro at 96.0 Hz
[VirtualAudioProxy] Error setting output device: -10851 (Target ID: 107)
detected stat CMPlayerStats(sampleRate: 96000.0, bitDepth: 24, date: 2026-07-10 06:59:10 +0000, priority: 5)
[getAllStats] [LosslessSwitcher.CMPlayerStats(sampleRate: 96000.0, bitDepth: 24, date: 2026-07-10 06:59:10 +0000, priority: 5)]
NEAREST FORMAT [__C.AudioStreamBasicDescription(mSampleRate: 96000.0, mFormatID: 1819304813, mFormatFlags: 12, mBytesPerPacket: 6, mFramesPerPacket: 1, mBytesPerFrame: 6, mChannelsPerFrame: 2, mBitsPerChannel: 24, mReserved: 0)]
detected stat CMPlayerStats(sampleRate: 96000.0, bitDepth: 24, date: 2026-07-10 06:59:10 +0000, priority: 5)
[getAllStats] [LosslessSwitcher.CMPlayerStats(sampleRate: 96000.0, bitDepth: 24, date: 2026-07-10 06:59:10 +0000, priority: 5)]
NEAREST FORMAT [__C.AudioStreamBasicDescription(mSampleRate: 96000.0, mFormatID: 1819304813, mFormatFlags: 12, mBytesPerPacket: 6, mFramesPerPacket: 1, mBytesPerFrame: 6, mChannelsPerFrame: 2, mBitsPerChannel: 24, mReserved: 0)]
[VirtualAudioProxy] Preparing AVAudioEngine pass-through from LosslessSwitcher Virtual Device to MOONDROP Dawn Pro at 96.0 Hz
[VirtualAudioProxy] Error setting output device: -10851 (Target ID: 107)
[VirtualAudioProxy] Preparing AVAudioEngine pass-through from LosslessSwitcher Virtual Device to MOONDROP Dawn Pro at 96.0 Hz
[VirtualAudioProxy] Error setting output device: -10851 (Target ID: 107)
[VirtualAudioProxy] Preparing AVAudioEngine pass-through from LosslessSwitcher Virtual Device to MOONDROP Dawn Pro at 96.0 Hz
[VirtualAudioProxy] Error setting output device: -10851 (Target ID: 107)
track キラメキライダー☆-hololive IDOL PROJECT-キラメキライダー☆ - Single キラメキライダー☆
track キラメキライダー☆-hololive IDOL PROJECT-キラメキライダー☆ - Single キラメキライダー☆
[getAllStats] []
[getAllStats] []
[VirtualAudioProxy] Preparing AVAudioEngine pass-through from LosslessSwitcher Virtual Device to MacBook Airのスピーカー at 96.0 Hz
[VirtualAudioProxy] Error setting output device: -10851 (Target ID: 91)
[VirtualAudioProxy] Preparing AVAudioEngine pass-through from LosslessSwitcher Virtual Device to MacBook Airのスピーカー at 96.0 Hz
[VirtualAudioProxy] Error setting output device: -10851 (Target ID: 91)
[getAllStats] []
same track, ignore cache
[getAllStats] []
same track, ignore cache
track キラメキライダー☆-hololive IDOL PROJECT-キラメキライダー☆ - Single キラメキライダー☆
track キラメキライダー☆-hololive IDOL PROJECT-キラメキライダー☆ - Single キラメキライダー☆
[getAllStats] []
[getAllStats] []
[getAllStats] []
same track, ignore cache
[getAllStats] []
same track, ignore cache
[VirtualAudioProxy] Preparing AVAudioEngine pass-through from LosslessSwitcher Virtual Device to MOONDROP Dawn Pro at 44.1 Hz
[VirtualAudioProxy] Error setting output device: -10851 (Target ID: 107)
[VirtualAudioProxy] Preparing AVAudioEngine pass-through from LosslessSwitcher Virtual Device to MOONDROP Dawn Pro at 44.1 Hz
[VirtualAudioProxy] Error setting output device: -10851 (Target ID: 107)
track キラメキライダー☆-hololive IDOL PROJECT-キラメキライダー☆ - Single キラメキライダー☆
track キラメキライダー☆-hololive IDOL PROJECT-キラメキライダー☆ - Single キラメキライダー☆
detected stat CMPlayerStats(sampleRate: 96000.0, bitDepth: 24, date: 2026-07-10 06:59:51 +0000, priority: 5)
[getAllStats] [LosslessSwitcher.CMPlayerStats(sampleRate: 96000.0, bitDepth: 24, date: 2026-07-10 06:59:51 +0000, priority: 5)]
NEAREST FORMAT [__C.AudioStreamBasicDescription(mSampleRate: 96000.0, mFormatID: 1819304813, mFormatFlags: 12, mBytesPerPacket: 6, mFramesPerPacket: 1, mBytesPerFrame: 6, mChannelsPerFrame: 2, mBitsPerChannel: 24, mReserved: 0)]
detected stat CMPlayerStats(sampleRate: 96000.0, bitDepth: 24, date: 2026-07-10 06:59:51 +0000, priority: 5)
[getAllStats] [LosslessSwitcher.CMPlayerStats(sampleRate: 96000.0, bitDepth: 24, date: 2026-07-10 06:59:51 +0000, priority: 5)]
NEAREST FORMAT [__C.AudioStreamBasicDescription(mSampleRate: 96000.0, mFormatID: 1819304813, mFormatFlags: 12, mBytesPerPacket: 6, mFramesPerPacket: 1, mBytesPerFrame: 6, mChannelsPerFrame: 2, mBitsPerChannel: 24, mReserved: 0), __C.AudioStreamBasicDescription(mSampleRate: 96000.0, mFormatID: 1819304813, mFormatFlags: 76, mBytesPerPacket: 6, mFramesPerPacket: 1, mBytesPerFrame: 6, mChannelsPerFrame: 2, mBitsPerChannel: 24, mReserved: 0)]
[VirtualAudioProxy] Preparing AVAudioEngine pass-through from LosslessSwitcher Virtual Device to MOONDROP Dawn Pro at 96.0 Hz
[VirtualAudioProxy] Error setting output device: -10851 (Target ID: 107)
horikei@horikeinoMacBook-Air ~ % 
