Last login: Fri Jul 10 16:07:12 on ttys007
horikei@horikeinoMacBook-Air ~ % # 実行中のアプリを終了
killall LosslessSwitcher

# 最新アプリを上書き配置
cp -R /tmp/LosslessSwitcher.app /Applications/

# ログをターミナルで確認しながら実行
/Applications/LosslessSwitcher.app/Contents/MacOS/LosslessSwitcher

zsh: command not found: #
No matching processes belonging to you were found
zsh: command not found: #
zsh: command not found: #
[VirtualAudioProxy] starting proxy layer
[VirtualAudioProxy] Microphone permission authorized via AVAudioApplication.
[AudioPluginBridge] Plugin initialization in progress...
[AudioPluginBridge] Plugin initialized successfully (listening to distributed notifications)
[VirtualAudioProxy] Starting dual AVAudioEngine pass-through from LosslessSwitcher Virtual Device to MOONDROP Dawn Pro at 48.0 Hz
[VirtualAudioProxy] Starting dual AVAudioEngine pass-through from LosslessSwitcher Virtual Device to MOONDROP Dawn Pro at 48.0 Hz
[VirtualAudioProxy] Starting dual AVAudioEngine pass-through from LosslessSwitcher Virtual Device to MOONDROP Dawn Pro at 48.0 Hz
track My song-角巻わため-わためのうた vol.2 My song
[VirtualAudioProxy] Starting dual AVAudioEngine pass-through from LosslessSwitcher Virtual Device to MOONDROP Dawn Pro at 48.0 Hz
[VirtualAudioProxy] Starting dual AVAudioEngine pass-through from LosslessSwitcher Virtual Device to MOONDROP Dawn Pro at 48.0 Hz
track My song-角巻わため-わためのうた vol.2 My song
[VirtualAudioProxy] Dual AVAudioEngine pass-through started successfully
[VirtualAudioProxy] Dual AVAudioEngine pass-through started successfully
[VirtualAudioProxy] Dual AVAudioEngine pass-through started successfully
[VirtualAudioProxy] Dual AVAudioEngine pass-through started successfully
[VirtualAudioProxy] Dual AVAudioEngine pass-through started successfully
[VirtualAudioProxy] Pre-roll complete, started playerNode playback
[getAllStats] []
[getAllStats] []
[getAllStats] []
[getAllStats] []
[getAllStats] []
[getAllStats] []
track My song-角巻わため-わためのうた vol.2 My song
track My song-角巻わため-わためのうた vol.2 My song
[getAllStats] []
[getAllStats] []
[getAllStats] []
[getAllStats] []
[getAllStats] []
[getAllStats] []
[getAllStats] []
[getAllStats] []
[getAllStats] []
same track, ignore cache
[getAllStats] []
same track, ignore cache
[getAllStats] []
same track, ignore cache
[getAllStats] []
same track, ignore cache
[getAllStats] []
[getAllStats] []
same track, ignore cache
same track, ignore cache
[getAllStats] []
[getAllStats] []
track My song-角巻わため-わためのうた vol.2 My song
track My song-角巻わため-わためのうた vol.2 My song
[getAllStats] []
same track, ignore cache
[getAllStats] []
same track, ignore cache
[getAllStats] []
[getAllStats] []
[getAllStats] []
same track, ignore cache
[getAllStats] []
same track, ignore cache
track My song-角巻わため-わためのうた vol.2 My song
track My song-角巻わため-わためのうた vol.2 My song
track My song-角巻わため-わためのうた vol.2 My song
track My song-角巻わため-わためのうた vol.2 My song
[getAllStats] []
[getAllStats] []
detected stat CMPlayerStats(sampleRate: 96000.0, bitDepth: 24, date: 2026-07-10 07:10:42 +0000, priority: 5)
[getAllStats] [LosslessSwitcher.CMPlayerStats(sampleRate: 96000.0, bitDepth: 24, date: 2026-07-10 07:10:42 +0000, priority: 5)]
NEAREST FORMAT [__C.AudioStreamBasicDescription(mSampleRate: 96000.0, mFormatID: 1819304813, mFormatFlags: 12, mBytesPerPacket: 6, mFramesPerPacket: 1, mBytesPerFrame: 6, mChannelsPerFrame: 2, mBitsPerChannel: 24, mReserved: 0)]
detected stat CMPlayerStats(sampleRate: 96000.0, bitDepth: 24, date: 2026-07-10 07:10:42 +0000, priority: 5)
[getAllStats] [LosslessSwitcher.CMPlayerStats(sampleRate: 96000.0, bitDepth: 24, date: 2026-07-10 07:10:42 +0000, priority: 5)]
NEAREST FORMAT [__C.AudioStreamBasicDescription(mSampleRate: 96000.0, mFormatID: 1819304813, mFormatFlags: 12, mBytesPerPacket: 6, mFramesPerPacket: 1, mBytesPerFrame: 6, mChannelsPerFrame: 2, mBitsPerChannel: 24, mReserved: 0)]
[VirtualAudioProxy] AVAudioEngine pass-through stopped
[VirtualAudioProxy] Starting dual AVAudioEngine pass-through from LosslessSwitcher Virtual Device to MOONDROP Dawn Pro at 96.0 Hz
track My song-角巻わため-わためのうた vol.2 My song
track My song-角巻わため-わためのうた vol.2 My song
[VirtualAudioProxy] Dual AVAudioEngine pass-through started successfully
[VirtualAudioProxy] Pre-roll complete, started playerNode playback
detected stat CMPlayerStats(sampleRate: 96000.0, bitDepth: 24, date: 2026-07-10 07:10:42 +0000, priority: 5)
[getAllStats] [LosslessSwitcher.CMPlayerStats(sampleRate: 96000.0, bitDepth: 24, date: 2026-07-10 07:10:42 +0000, priority: 5)]
NEAREST FORMAT [__C.AudioStreamBasicDescription(mSampleRate: 96000.0, mFormatID: 1819304813, mFormatFlags: 12, mBytesPerPacket: 6, mFramesPerPacket: 1, mBytesPerFrame: 6, mChannelsPerFrame: 2, mBitsPerChannel: 24, mReserved: 0)]
detected stat CMPlayerStats(sampleRate: 96000.0, bitDepth: 24, date: 2026-07-10 07:10:42 +0000, priority: 5)
[getAllStats] [LosslessSwitcher.CMPlayerStats(sampleRate: 96000.0, bitDepth: 24, date: 2026-07-10 07:10:42 +0000, priority: 5)]
NEAREST FORMAT [__C.AudioStreamBasicDescription(mSampleRate: 96000.0, mFormatID: 1819304813, mFormatFlags: 12, mBytesPerPacket: 6, mFramesPerPacket: 1, mBytesPerFrame: 6, mChannelsPerFrame: 2, mBitsPerChannel: 24, mReserved: 0)]
detected stat CMPlayerStats(sampleRate: 96000.0, bitDepth: 24, date: 2026-07-10 07:10:42 +0000, priority: 5)
[getAllStats] [LosslessSwitcher.CMPlayerStats(sampleRate: 96000.0, bitDepth: 24, date: 2026-07-10 07:10:42 +0000, priority: 5)]
NEAREST FORMAT [__C.AudioStreamBasicDescription(mSampleRate: 96000.0, mFormatID: 1819304813, mFormatFlags: 12, mBytesPerPacket: 6, mFramesPerPacket: 1, mBytesPerFrame: 6, mChannelsPerFrame: 2, mBitsPerChannel: 24, mReserved: 0)]
detected stat CMPlayerStats(sampleRate: 96000.0, bitDepth: 24, date: 2026-07-10 07:10:42 +0000, priority: 5)
[getAllStats] [LosslessSwitcher.CMPlayerStats(sampleRate: 96000.0, bitDepth: 24, date: 2026-07-10 07:10:42 +0000, priority: 5)]
NEAREST FORMAT [__C.AudioStreamBasicDescription(mSampleRate: 96000.0, mFormatID: 1819304813, mFormatFlags: 12, mBytesPerPacket: 6, mFramesPerPacket: 1, mBytesPerFrame: 6, mChannelsPerFrame: 2, mBitsPerChannel: 24, mReserved: 0)]
track My song-角巻わため-わためのうた vol.2 My song
track My song-角巻わため-わためのうた vol.2 My song
[getAllStats] []
[getAllStats] []
[getAllStats] []
same track, ignore cache
[getAllStats] []
same track, ignore cache
track My song-角巻わため-わためのうた vol.2 My song
track My song-角巻わため-わためのうた vol.2 My song
[getAllStats] []
[getAllStats] []
track My song-角巻わため-わためのうた vol.2 My song
track My song-角巻わため-わためのうた vol.2 My song
detected stat CMPlayerStats(sampleRate: 48000.0, bitDepth: 24, date: 2026-07-10 07:11:01 +0000, priority: 5)
[getAllStats] [LosslessSwitcher.CMPlayerStats(sampleRate: 48000.0, bitDepth: 24, date: 2026-07-10 07:11:01 +0000, priority: 5)]
NEAREST FORMAT [__C.AudioStreamBasicDescription(mSampleRate: 48000.0, mFormatID: 1819304813, mFormatFlags: 12, mBytesPerPacket: 6, mFramesPerPacket: 1, mBytesPerFrame: 6, mChannelsPerFrame: 2, mBitsPerChannel: 24, mReserved: 0)]
detected stat CMPlayerStats(sampleRate: 48000.0, bitDepth: 24, date: 2026-07-10 07:11:01 +0000, priority: 5)
[getAllStats] [LosslessSwitcher.CMPlayerStats(sampleRate: 48000.0, bitDepth: 24, date: 2026-07-10 07:11:01 +0000, priority: 5)]
NEAREST FORMAT [__C.AudioStreamBasicDescription(mSampleRate: 48000.0, mFormatID: 1819304813, mFormatFlags: 12, mBytesPerPacket: 6, mFramesPerPacket: 1, mBytesPerFrame: 6, mChannelsPerFrame: 2, mBitsPerChannel: 24, mReserved: 0)]
[VirtualAudioProxy] AVAudioEngine pass-through stopped
[VirtualAudioProxy] Starting dual AVAudioEngine pass-through from LosslessSwitcher Virtual Device to MOONDROP Dawn Pro at 48.0 Hz
[VirtualAudioProxy] Dual AVAudioEngine pass-through started successfully
detected stat CMPlayerStats(sampleRate: 48000.0, bitDepth: 24, date: 2026-07-10 07:11:01 +0000, priority: 5)
[getAllStats] [LosslessSwitcher.CMPlayerStats(sampleRate: 48000.0, bitDepth: 24, date: 2026-07-10 07:11:01 +0000, priority: 5)]
NEAREST FORMAT [__C.AudioStreamBasicDescription(mSampleRate: 48000.0, mFormatID: 1819304813, mFormatFlags: 12, mBytesPerPacket: 6, mFramesPerPacket: 1, mBytesPerFrame: 6, mChannelsPerFrame: 2, mBitsPerChannel: 24, mReserved: 0)]
detected stat CMPlayerStats(sampleRate: 48000.0, bitDepth: 24, date: 2026-07-10 07:11:01 +0000, priority: 5)
[getAllStats] [LosslessSwitcher.CMPlayerStats(sampleRate: 48000.0, bitDepth: 24, date: 2026-07-10 07:11:01 +0000, priority: 5)]
NEAREST FORMAT [__C.AudioStreamBasicDescription(mSampleRate: 48000.0, mFormatID: 1819304813, mFormatFlags: 12, mBytesPerPacket: 6, mFramesPerPacket: 1, mBytesPerFrame: 6, mChannelsPerFrame: 2, mBitsPerChannel: 24, mReserved: 0)]
[VirtualAudioProxy] Pre-roll complete, started playerNode playback
detected stat CMPlayerStats(sampleRate: 48000.0, bitDepth: 24, date: 2026-07-10 07:11:01 +0000, priority: 5)
[getAllStats] [LosslessSwitcher.CMPlayerStats(sampleRate: 48000.0, bitDepth: 24, date: 2026-07-10 07:11:01 +0000, priority: 5)]
NEAREST FORMAT [__C.AudioStreamBasicDescription(mSampleRate: 48000.0, mFormatID: 1819304813, mFormatFlags: 12, mBytesPerPacket: 6, mFramesPerPacket: 1, mBytesPerFrame: 6, mChannelsPerFrame: 2, mBitsPerChannel: 24, mReserved: 0)]
detected stat CMPlayerStats(sampleRate: 48000.0, bitDepth: 24, date: 2026-07-10 07:11:01 +0000, priority: 5)
[getAllStats] [LosslessSwitcher.CMPlayerStats(sampleRate: 48000.0, bitDepth: 24, date: 2026-07-10 07:11:01 +0000, priority: 5)]
NEAREST FORMAT [__C.AudioStreamBasicDescription(mSampleRate: 48000.0, mFormatID: 1819304813, mFormatFlags: 12, mBytesPerPacket: 6, mFramesPerPacket: 1, mBytesPerFrame: 6, mChannelsPerFrame: 2, mBitsPerChannel: 24, mReserved: 0)]
horikei@horikeinoMacBook-Air ~ % 
