Last login: Fri Jul 10 16:10:05 on ttys004
horikei@horikeinoMacBook-Air ~ % # 実行中のアプリを終了
killall LosslessSwitcher

# 最新アプリを上書き配置
cp -R /tmp/LosslessSwitcher.app /Applications/

# ログをターミナルで確認しながら実行
/Applications/LosslessSwitcher.app/Contents/MacOS/LosslessSwitcher

zsh: command not found: #
No matching processes belonging to you were found
zsh: command not found: #
zsh: command not found: #
[VirtualAudioProxy] starting proxy layer
[VirtualAudioProxy] Microphone permission authorized via AVAudioApplication.
[AudioPluginBridge] Plugin initialization in progress...
[AudioPluginBridge] Plugin initialized successfully (listening to distributed notifications)
[VirtualAudioProxy] Starting dual AVAudioEngine pass-through from LosslessSwitcher Virtual Device to MOONDROP Dawn Pro at 48.0 Hz
[VirtualAudioProxy] Starting dual AVAudioEngine pass-through from LosslessSwitcher Virtual Device to MOONDROP Dawn Pro at 48.0 Hz
[VirtualAudioProxy] Starting dual AVAudioEngine pass-through from LosslessSwitcher Virtual Device to MOONDROP Dawn Pro at 48.0 Hz
[VirtualAudioProxy] Starting dual AVAudioEngine pass-through from LosslessSwitcher Virtual Device to MOONDROP Dawn Pro at 48.0 Hz
[VirtualAudioProxy] Starting dual AVAudioEngine pass-through from LosslessSwitcher Virtual Device to MOONDROP Dawn Pro at 48.0 Hz
track My song-角巻わため-わためのうた vol.2 My song
track My song-角巻わため-わためのうた vol.2 My song
[VirtualAudioProxy] Dual AVAudioEngine pass-through started successfully
[VirtualAudioProxy] Dual AVAudioEngine pass-through started successfully
[VirtualAudioProxy] Dual AVAudioEngine pass-through started successfully
[VirtualAudioProxy] Dual AVAudioEngine pass-through started successfully
[VirtualAudioProxy] Dual AVAudioEngine pass-through started successfully
[VirtualAudioProxy] Pre-roll complete, started playerNode playback
track My song-角巻わため-わためのうた vol.2 My song
track My song-角巻わため-わためのうた vol.2 My song
[getAllStats] []
[getAllStats] []
[getAllStats] []
[getAllStats] []
[getAllStats] []
[getAllStats] []
[getAllStats] []
same track, ignore cache
[getAllStats] []
same track, ignore cache
[getAllStats] []
same track, ignore cache
[getAllStats] []
same track, ignore cache
[getAllStats] []
[getAllStats] []
[getAllStats] []
same track, ignore cache
[getAllStats] []
same track, ignore cache
[getAllStats] []
[getAllStats] []
[getAllStats] []
same track, ignore cache
[getAllStats] []
same track, ignore cache
[getAllStats] []
[getAllStats] []
[getAllStats] []
same track, ignore cache
[getAllStats] []
same track, ignore cache
[getAllStats] []
same track, ignore cache
[getAllStats] []
same track, ignore cache
track My song-角巻わため-わためのうた vol.2 My song
track My song-角巻わため-わためのうた vol.2 My song
[getAllStats] []
[getAllStats] []
[getAllStats] []
same track, ignore cache
[getAllStats] []
same track, ignore cache
track My song-角巻わため-わためのうた vol.2 My song
track My song-角巻わため-わためのうた vol.2 My song
track My song-角巻わため-わためのうた vol.2 My song
track My song-角巻わため-わためのうた vol.2 My song
detected stat CMPlayerStats(sampleRate: 48000.0, bitDepth: 24, date: 2026-07-10 07:14:23 +0000, priority: 5)
detected stat CMPlayerStats(sampleRate: 48000.0, bitDepth: 24, date: 2026-07-10 07:14:23 +0000, priority: 5)
[getAllStats] [LosslessSwitcher.CMPlayerStats(sampleRate: 48000.0, bitDepth: 24, date: 2026-07-10 07:14:23 +0000, priority: 5)]
[getAllStats] [LosslessSwitcher.CMPlayerStats(sampleRate: 48000.0, bitDepth: 24, date: 2026-07-10 07:14:23 +0000, priority: 5)]
NEAREST FORMAT [__C.AudioStreamBasicDescription(mSampleRate: 48000.0, mFormatID: 1819304813, mFormatFlags: 12, mBytesPerPacket: 6, mFramesPerPacket: 1, mBytesPerFrame: 6, mChannelsPerFrame: 2, mBitsPerChannel: 24, mReserved: 0)]
NEAREST FORMAT [__C.AudioStreamBasicDescription(mSampleRate: 48000.0, mFormatID: 1819304813, mFormatFlags: 12, mBytesPerPacket: 6, mFramesPerPacket: 1, mBytesPerFrame: 6, mChannelsPerFrame: 2, mBitsPerChannel: 24, mReserved: 0)]
detected stat CMPlayerStats(sampleRate: 48000.0, bitDepth: 24, date: 2026-07-10 07:14:23 +0000, priority: 5)
[getAllStats] [LosslessSwitcher.CMPlayerStats(sampleRate: 48000.0, bitDepth: 24, date: 2026-07-10 07:14:23 +0000, priority: 5)]
NEAREST FORMAT [__C.AudioStreamBasicDescription(mSampleRate: 48000.0, mFormatID: 1819304813, mFormatFlags: 12, mBytesPerPacket: 6, mFramesPerPacket: 1, mBytesPerFrame: 6, mChannelsPerFrame: 2, mBitsPerChannel: 24, mReserved: 0)]
detected stat CMPlayerStats(sampleRate: 48000.0, bitDepth: 24, date: 2026-07-10 07:14:23 +0000, priority: 5)
[getAllStats] [LosslessSwitcher.CMPlayerStats(sampleRate: 48000.0, bitDepth: 24, date: 2026-07-10 07:14:23 +0000, priority: 5)]
NEAREST FORMAT [__C.AudioStreamBasicDescription(mSampleRate: 48000.0, mFormatID: 1819304813, mFormatFlags: 12, mBytesPerPacket: 6, mFramesPerPacket: 1, mBytesPerFrame: 6, mChannelsPerFrame: 2, mBitsPerChannel: 24, mReserved: 0)]
detected stat CMPlayerStats(sampleRate: 48000.0, bitDepth: 24, date: 2026-07-10 07:14:23 +0000, priority: 5)
[getAllStats] [LosslessSwitcher.CMPlayerStats(sampleRate: 48000.0, bitDepth: 24, date: 2026-07-10 07:14:23 +0000, priority: 5)]
NEAREST FORMAT [__C.AudioStreamBasicDescription(mSampleRate: 48000.0, mFormatID: 1819304813, mFormatFlags: 12, mBytesPerPacket: 6, mFramesPerPacket: 1, mBytesPerFrame: 6, mChannelsPerFrame: 2, mBitsPerChannel: 24, mReserved: 0)]
detected stat CMPlayerStats(sampleRate: 48000.0, bitDepth: 24, date: 2026-07-10 07:14:23 +0000, priority: 5)
[getAllStats] [LosslessSwitcher.CMPlayerStats(sampleRate: 48000.0, bitDepth: 24, date: 2026-07-10 07:14:23 +0000, priority: 5)]
NEAREST FORMAT [__C.AudioStreamBasicDescription(mSampleRate: 48000.0, mFormatID: 1819304813, mFormatFlags: 12, mBytesPerPacket: 6, mFramesPerPacket: 1, mBytesPerFrame: 6, mChannelsPerFrame: 2, mBitsPerChannel: 24, mReserved: 0)]
detected stat CMPlayerStats(sampleRate: 48000.0, bitDepth: 24, date: 2026-07-10 07:14:23 +0000, priority: 5)
[getAllStats] [LosslessSwitcher.CMPlayerStats(sampleRate: 48000.0, bitDepth: 24, date: 2026-07-10 07:14:23 +0000, priority: 5)]
NEAREST FORMAT [__C.AudioStreamBasicDescription(mSampleRate: 48000.0, mFormatID: 1819304813, mFormatFlags: 12, mBytesPerPacket: 6, mFramesPerPacket: 1, mBytesPerFrame: 6, mChannelsPerFrame: 2, mBitsPerChannel: 24, mReserved: 0)]
detected stat CMPlayerStats(sampleRate: 48000.0, bitDepth: 24, date: 2026-07-10 07:14:23 +0000, priority: 5)
[getAllStats] [LosslessSwitcher.CMPlayerStats(sampleRate: 48000.0, bitDepth: 24, date: 2026-07-10 07:14:23 +0000, priority: 5)]
NEAREST FORMAT [__C.AudioStreamBasicDescription(mSampleRate: 48000.0, mFormatID: 1819304813, mFormatFlags: 12, mBytesPerPacket: 6, mFramesPerPacket: 1, mBytesPerFrame: 6, mChannelsPerFrame: 2, mBitsPerChannel: 24, mReserved: 0)]
track My song-角巻わため-わためのうた vol.2 My song
track My song-角巻わため-わためのうた vol.2 My song
detected stat CMPlayerStats(sampleRate: 48000.0, bitDepth: 24, date: 2026-07-10 07:14:29 +0000, priority: 5)
[getAllStats] [LosslessSwitcher.CMPlayerStats(sampleRate: 48000.0, bitDepth: 24, date: 2026-07-10 07:14:29 +0000, priority: 5)]
NEAREST FORMAT [__C.AudioStreamBasicDescription(mSampleRate: 48000.0, mFormatID: 1819304813, mFormatFlags: 12, mBytesPerPacket: 6, mFramesPerPacket: 1, mBytesPerFrame: 6, mChannelsPerFrame: 2, mBitsPerChannel: 24, mReserved: 0)]
detected stat CMPlayerStats(sampleRate: 48000.0, bitDepth: 24, date: 2026-07-10 07:14:29 +0000, priority: 5)
[getAllStats] [LosslessSwitcher.CMPlayerStats(sampleRate: 48000.0, bitDepth: 24, date: 2026-07-10 07:14:29 +0000, priority: 5)]
NEAREST FORMAT [__C.AudioStreamBasicDescription(mSampleRate: 48000.0, mFormatID: 1819304813, mFormatFlags: 12, mBytesPerPacket: 6, mFramesPerPacket: 1, mBytesPerFrame: 6, mChannelsPerFrame: 2, mBitsPerChannel: 24, mReserved: 0)]
detected stat CMPlayerStats(sampleRate: 48000.0, bitDepth: 24, date: 2026-07-10 07:14:29 +0000, priority: 5)
[getAllStats] [LosslessSwitcher.CMPlayerStats(sampleRate: 48000.0, bitDepth: 24, date: 2026-07-10 07:14:29 +0000, priority: 5)]
detected stat CMPlayerStats(sampleRate: 48000.0, bitDepth: 24, date: 2026-07-10 07:14:29 +0000, priority: 5)
[getAllStats] [LosslessSwitcher.CMPlayerStats(sampleRate: 48000.0, bitDepth: 24, date: 2026-07-10 07:14:29 +0000, priority: 5)]
NEAREST FORMAT [__C.AudioStreamBasicDescription(mSampleRate: 48000.0, mFormatID: 1819304813, mFormatFlags: 12, mBytesPerPacket: 6, mFramesPerPacket: 1, mBytesPerFrame: 6, mChannelsPerFrame: 2, mBitsPerChannel: 24, mReserved: 0)]
NEAREST FORMAT [__C.AudioStreamBasicDescription(mSampleRate: 48000.0, mFormatID: 1819304813, mFormatFlags: 12, mBytesPerPacket: 6, mFramesPerPacket: 1, mBytesPerFrame: 6, mChannelsPerFrame: 2, mBitsPerChannel: 24, mReserved: 0)]
horikei@horikeinoMacBook-Air ~ % 









Last login: Fri Jul 10 16:10:05 on ttys004
horikei@horikeinoMacBook-Air ~ % # 実行中のアプリを終了
killall LosslessSwitcher

# 最新アプリを上書き配置
cp -R /tmp/LosslessSwitcher.app /Applications/

# ログをターミナルで確認しながら実行
/Applications/LosslessSwitcher.app/Contents/MacOS/LosslessSwitcher

zsh: command not found: #
No matching processes belonging to you were found
zsh: command not found: #
zsh: command not found: #
[VirtualAudioProxy] starting proxy layer
[VirtualAudioProxy] Microphone permission authorized via AVAudioApplication.
[AudioPluginBridge] Plugin initialization in progress...
[AudioPluginBridge] Plugin initialized successfully (listening to distributed notifications)
[VirtualAudioProxy] Starting dual AVAudioEngine pass-through from LosslessSwitcher Virtual Device to MOONDROP Dawn Pro at 48.0 Hz
[VirtualAudioProxy] Starting dual AVAudioEngine pass-through from LosslessSwitcher Virtual Device to MOONDROP Dawn Pro at 48.0 Hz
[VirtualAudioProxy] Starting dual AVAudioEngine pass-through from LosslessSwitcher Virtual Device to MOONDROP Dawn Pro at 48.0 Hz
[VirtualAudioProxy] Starting dual AVAudioEngine pass-through from LosslessSwitcher Virtual Device to MOONDROP Dawn Pro at 48.0 Hz
[VirtualAudioProxy] Starting dual AVAudioEngine pass-through from LosslessSwitcher Virtual Device to MOONDROP Dawn Pro at 48.0 Hz
track My song-角巻わため-わためのうた vol.2 My song
track My song-角巻わため-わためのうた vol.2 My song
[VirtualAudioProxy] Dual AVAudioEngine pass-through started successfully
[VirtualAudioProxy] Dual AVAudioEngine pass-through started successfully
[VirtualAudioProxy] Dual AVAudioEngine pass-through started successfully
[VirtualAudioProxy] Dual AVAudioEngine pass-through started successfully
[VirtualAudioProxy] Dual AVAudioEngine pass-through started successfully
[VirtualAudioProxy] Pre-roll complete, started playerNode playback
track My song-角巻わため-わためのうた vol.2 My song
track My song-角巻わため-わためのうた vol.2 My song
[getAllStats] []
[getAllStats] []
[getAllStats] []
[getAllStats] []
[getAllStats] []
[getAllStats] []
[getAllStats] []
same track, ignore cache
[getAllStats] []
same track, ignore cache
[getAllStats] []
same track, ignore cache
[getAllStats] []
same track, ignore cache
[getAllStats] []
[getAllStats] []
[getAllStats] []
same track, ignore cache
[getAllStats] []
same track, ignore cache
[getAllStats] []
[getAllStats] []
[getAllStats] []
same track, ignore cache
[getAllStats] []
same track, ignore cache
[getAllStats] []
[getAllStats] []
[getAllStats] []
same track, ignore cache
[getAllStats] []
same track, ignore cache
[getAllStats] []
same track, ignore cache
[getAllStats] []
same track, ignore cache
track My song-角巻わため-わためのうた vol.2 My song
track My song-角巻わため-わためのうた vol.2 My song
[getAllStats] []
[getAllStats] []
[getAllStats] []
same track, ignore cache
[getAllStats] []
same track, ignore cache
track My song-角巻わため-わためのうた vol.2 My song
track My song-角巻わため-わためのうた vol.2 My song
track My song-角巻わため-わためのうた vol.2 My song
track My song-角巻わため-わためのうた vol.2 My song
detected stat CMPlayerStats(sampleRate: 48000.0, bitDepth: 24, date: 2026-07-10 07:14:23 +0000, priority: 5)
detected stat CMPlayerStats(sampleRate: 48000.0, bitDepth: 24, date: 2026-07-10 07:14:23 +0000, priority: 5)
[getAllStats] [LosslessSwitcher.CMPlayerStats(sampleRate: 48000.0, bitDepth: 24, date: 2026-07-10 07:14:23 +0000, priority: 5)]
[getAllStats] [LosslessSwitcher.CMPlayerStats(sampleRate: 48000.0, bitDepth: 24, date: 2026-07-10 07:14:23 +0000, priority: 5)]
NEAREST FORMAT [__C.AudioStreamBasicDescription(mSampleRate: 48000.0, mFormatID: 1819304813, mFormatFlags: 12, mBytesPerPacket: 6, mFramesPerPacket: 1, mBytesPerFrame: 6, mChannelsPerFrame: 2, mBitsPerChannel: 24, mReserved: 0)]
NEAREST FORMAT [__C.AudioStreamBasicDescription(mSampleRate: 48000.0, mFormatID: 1819304813, mFormatFlags: 12, mBytesPerPacket: 6, mFramesPerPacket: 1, mBytesPerFrame: 6, mChannelsPerFrame: 2, mBitsPerChannel: 24, mReserved: 0)]
detected stat CMPlayerStats(sampleRate: 48000.0, bitDepth: 24, date: 2026-07-10 07:14:23 +0000, priority: 5)
[getAllStats] [LosslessSwitcher.CMPlayerStats(sampleRate: 48000.0, bitDepth: 24, date: 2026-07-10 07:14:23 +0000, priority: 5)]
NEAREST FORMAT [__C.AudioStreamBasicDescription(mSampleRate: 48000.0, mFormatID: 1819304813, mFormatFlags: 12, mBytesPerPacket: 6, mFramesPerPacket: 1, mBytesPerFrame: 6, mChannelsPerFrame: 2, mBitsPerChannel: 24, mReserved: 0)]
detected stat CMPlayerStats(sampleRate: 48000.0, bitDepth: 24, date: 2026-07-10 07:14:23 +0000, priority: 5)
[getAllStats] [LosslessSwitcher.CMPlayerStats(sampleRate: 48000.0, bitDepth: 24, date: 2026-07-10 07:14:23 +0000, priority: 5)]
NEAREST FORMAT [__C.AudioStreamBasicDescription(mSampleRate: 48000.0, mFormatID: 1819304813, mFormatFlags: 12, mBytesPerPacket: 6, mFramesPerPacket: 1, mBytesPerFrame: 6, mChannelsPerFrame: 2, mBitsPerChannel: 24, mReserved: 0)]
detected stat CMPlayerStats(sampleRate: 48000.0, bitDepth: 24, date: 2026-07-10 07:14:23 +0000, priority: 5)
[getAllStats] [LosslessSwitcher.CMPlayerStats(sampleRate: 48000.0, bitDepth: 24, date: 2026-07-10 07:14:23 +0000, priority: 5)]
NEAREST FORMAT [__C.AudioStreamBasicDescription(mSampleRate: 48000.0, mFormatID: 1819304813, mFormatFlags: 12, mBytesPerPacket: 6, mFramesPerPacket: 1, mBytesPerFrame: 6, mChannelsPerFrame: 2, mBitsPerChannel: 24, mReserved: 0)]
detected stat CMPlayerStats(sampleRate: 48000.0, bitDepth: 24, date: 2026-07-10 07:14:23 +0000, priority: 5)
[getAllStats] [LosslessSwitcher.CMPlayerStats(sampleRate: 48000.0, bitDepth: 24, date: 2026-07-10 07:14:23 +0000, priority: 5)]
NEAREST FORMAT [__C.AudioStreamBasicDescription(mSampleRate: 48000.0, mFormatID: 1819304813, mFormatFlags: 12, mBytesPerPacket: 6, mFramesPerPacket: 1, mBytesPerFrame: 6, mChannelsPerFrame: 2, mBitsPerChannel: 24, mReserved: 0)]
detected stat CMPlayerStats(sampleRate: 48000.0, bitDepth: 24, date: 2026-07-10 07:14:23 +0000, priority: 5)
[getAllStats] [LosslessSwitcher.CMPlayerStats(sampleRate: 48000.0, bitDepth: 24, date: 2026-07-10 07:14:23 +0000, priority: 5)]
NEAREST FORMAT [__C.AudioStreamBasicDescription(mSampleRate: 48000.0, mFormatID: 1819304813, mFormatFlags: 12, mBytesPerPacket: 6, mFramesPerPacket: 1, mBytesPerFrame: 6, mChannelsPerFrame: 2, mBitsPerChannel: 24, mReserved: 0)]
detected stat CMPlayerStats(sampleRate: 48000.0, bitDepth: 24, date: 2026-07-10 07:14:23 +0000, priority: 5)
[getAllStats] [LosslessSwitcher.CMPlayerStats(sampleRate: 48000.0, bitDepth: 24, date: 2026-07-10 07:14:23 +0000, priority: 5)]
NEAREST FORMAT [__C.AudioStreamBasicDescription(mSampleRate: 48000.0, mFormatID: 1819304813, mFormatFlags: 12, mBytesPerPacket: 6, mFramesPerPacket: 1, mBytesPerFrame: 6, mChannelsPerFrame: 2, mBitsPerChannel: 24, mReserved: 0)]
track My song-角巻わため-わためのうた vol.2 My song
track My song-角巻わため-わためのうた vol.2 My song
detected stat CMPlayerStats(sampleRate: 48000.0, bitDepth: 24, date: 2026-07-10 07:14:29 +0000, priority: 5)
[getAllStats] [LosslessSwitcher.CMPlayerStats(sampleRate: 48000.0, bitDepth: 24, date: 2026-07-10 07:14:29 +0000, priority: 5)]
NEAREST FORMAT [__C.AudioStreamBasicDescription(mSampleRate: 48000.0, mFormatID: 1819304813, mFormatFlags: 12, mBytesPerPacket: 6, mFramesPerPacket: 1, mBytesPerFrame: 6, mChannelsPerFrame: 2, mBitsPerChannel: 24, mReserved: 0)]
detected stat CMPlayerStats(sampleRate: 48000.0, bitDepth: 24, date: 2026-07-10 07:14:29 +0000, priority: 5)
[getAllStats] [LosslessSwitcher.CMPlayerStats(sampleRate: 48000.0, bitDepth: 24, date: 2026-07-10 07:14:29 +0000, priority: 5)]
NEAREST FORMAT [__C.AudioStreamBasicDescription(mSampleRate: 48000.0, mFormatID: 1819304813, mFormatFlags: 12, mBytesPerPacket: 6, mFramesPerPacket: 1, mBytesPerFrame: 6, mChannelsPerFrame: 2, mBitsPerChannel: 24, mReserved: 0)]
detected stat CMPlayerStats(sampleRate: 48000.0, bitDepth: 24, date: 2026-07-10 07:14:29 +0000, priority: 5)
[getAllStats] [LosslessSwitcher.CMPlayerStats(sampleRate: 48000.0, bitDepth: 24, date: 2026-07-10 07:14:29 +0000, priority: 5)]
detected stat CMPlayerStats(sampleRate: 48000.0, bitDepth: 24, date: 2026-07-10 07:14:29 +0000, priority: 5)
[getAllStats] [LosslessSwitcher.CMPlayerStats(sampleRate: 48000.0, bitDepth: 24, date: 2026-07-10 07:14:29 +0000, priority: 5)]
NEAREST FORMAT [__C.AudioStreamBasicDescription(mSampleRate: 48000.0, mFormatID: 1819304813, mFormatFlags: 12, mBytesPerPacket: 6, mFramesPerPacket: 1, mBytesPerFrame: 6, mChannelsPerFrame: 2, mBitsPerChannel: 24, mReserved: 0)]
NEAREST FORMAT [__C.AudioStreamBasicDescription(mSampleRate: 48000.0, mFormatID: 1819304813, mFormatFlags: 12, mBytesPerPacket: 6, mFramesPerPacket: 1, mBytesPerFrame: 6, mChannelsPerFrame: 2, mBitsPerChannel: 24, mReserved: 0)]
horikei@horikeinoMacBook-Air ~ % # 実行中のアプリを終了
killall LosslessSwitcher

# 最新アプリを上書き配置
cp -R /tmp/LosslessSwitcher.app /Applications/

# ログをターミナルで確認しながら実行
/Applications/LosslessSwitcher.app/Contents/MacOS/LosslessSwitcher

zsh: command not found: #
No matching processes belonging to you were found
zsh: command not found: #
zsh: command not found: #
[VirtualAudioProxy] starting proxy layer
[VirtualAudioProxy] Microphone permission authorized via AVAudioApplication.
[AudioPluginBridge] Plugin initialization in progress...
[AudioPluginBridge] Plugin initialized successfully (listening to distributed notifications)
[VirtualAudioProxy] Starting dual AVAudioEngine pass-through from LosslessSwitcher Virtual Device to MOONDROP Dawn Pro at 48.0 Hz
[VirtualAudioProxy] Starting dual AVAudioEngine pass-through from LosslessSwitcher Virtual Device to MOONDROP Dawn Pro at 48.0 Hz
[VirtualAudioProxy] Starting dual AVAudioEngine pass-through from LosslessSwitcher Virtual Device to MOONDROP Dawn Pro at 48.0 Hz
track My song-角巻わため-わためのうた vol.2 My song
[VirtualAudioProxy] Starting dual AVAudioEngine pass-through from LosslessSwitcher Virtual Device to MOONDROP Dawn Pro at 48.0 Hz
[VirtualAudioProxy] Starting dual AVAudioEngine pass-through from LosslessSwitcher Virtual Device to MOONDROP Dawn Pro at 48.0 Hz
track My song-角巻わため-わためのうた vol.2 My song
[VirtualAudioProxy] Dual AVAudioEngine pass-through started successfully
[VirtualAudioProxy] Dual AVAudioEngine pass-through started successfully
[VirtualAudioProxy] Dual AVAudioEngine pass-through started successfully
[VirtualAudioProxy] Dual AVAudioEngine pass-through started successfully
[VirtualAudioProxy] Dual AVAudioEngine pass-through started successfully
[VirtualAudioProxy] Pre-roll complete, started playerNode playback
[getAllStats] []
[getAllStats] []
track My song-角巻わため-わためのうた vol.2 My song
track My song-角巻わため-わためのうた vol.2 My song
[getAllStats] []
[getAllStats] []
[getAllStats] []
same track, ignore cache
[getAllStats] []
same track, ignore cache
[getAllStats] []
[getAllStats] []
track My song-角巻わため-わためのうた vol.2 My song
track My song-角巻わため-わためのうた vol.2 My song
[getAllStats] []
same track, ignore cache
[getAllStats] []
same track, ignore cache
track My song-角巻わため-わためのうた vol.2 My song
track My song-角巻わため-わためのうた vol.2 My song
detected stat CMPlayerStats(sampleRate: 48000.0, bitDepth: 24, date: 2026-07-10 07:15:07 +0000, priority: 5)
[getAllStats] [LosslessSwitcher.CMPlayerStats(sampleRate: 48000.0, bitDepth: 24, date: 2026-07-10 07:15:07 +0000, priority: 5)]
NEAREST FORMAT [__C.AudioStreamBasicDescription(mSampleRate: 48000.0, mFormatID: 1819304813, mFormatFlags: 12, mBytesPerPacket: 6, mFramesPerPacket: 1, mBytesPerFrame: 6, mChannelsPerFrame: 2, mBitsPerChannel: 24, mReserved: 0)]
detected stat CMPlayerStats(sampleRate: 48000.0, bitDepth: 24, date: 2026-07-10 07:15:07 +0000, priority: 5)
[getAllStats] [LosslessSwitcher.CMPlayerStats(sampleRate: 48000.0, bitDepth: 24, date: 2026-07-10 07:15:07 +0000, priority: 5)]
NEAREST FORMAT [__C.AudioStreamBasicDescription(mSampleRate: 48000.0, mFormatID: 1819304813, mFormatFlags: 12, mBytesPerPacket: 6, mFramesPerPacket: 1, mBytesPerFrame: 6, mChannelsPerFrame: 2, mBitsPerChannel: 24, mReserved: 0)]
detected stat CMPlayerStats(sampleRate: 48000.0, bitDepth: 24, date: 2026-07-10 07:15:07 +0000, priority: 5)
[getAllStats] [LosslessSwitcher.CMPlayerStats(sampleRate: 48000.0, bitDepth: 24, date: 2026-07-10 07:15:07 +0000, priority: 5)]
NEAREST FORMAT [__C.AudioStreamBasicDescription(mSampleRate: 48000.0, mFormatID: 1819304813, mFormatFlags: 12, mBytesPerPacket: 6, mFramesPerPacket: 1, mBytesPerFrame: 6, mChannelsPerFrame: 2, mBitsPerChannel: 24, mReserved: 0)]
detected stat CMPlayerStats(sampleRate: 48000.0, bitDepth: 24, date: 2026-07-10 07:15:07 +0000, priority: 5)
[getAllStats] [LosslessSwitcher.CMPlayerStats(sampleRate: 48000.0, bitDepth: 24, date: 2026-07-10 07:15:07 +0000, priority: 5)]
NEAREST FORMAT [__C.AudioStreamBasicDescription(mSampleRate: 48000.0, mFormatID: 1819304813, mFormatFlags: 12, mBytesPerPacket: 6, mFramesPerPacket: 1, mBytesPerFrame: 6, mChannelsPerFrame: 2, mBitsPerChannel: 24, mReserved: 0)]
detected stat CMPlayerStats(sampleRate: 48000.0, bitDepth: 24, date: 2026-07-10 07:15:07 +0000, priority: 5)
[getAllStats] [LosslessSwitcher.CMPlayerStats(sampleRate: 48000.0, bitDepth: 24, date: 2026-07-10 07:15:07 +0000, priority: 5)]
detected stat CMPlayerStats(sampleRate: 48000.0, bitDepth: 24, date: 2026-07-10 07:15:07 +0000, priority: 5)
[getAllStats] [LosslessSwitcher.CMPlayerStats(sampleRate: 48000.0, bitDepth: 24, date: 2026-07-10 07:15:07 +0000, priority: 5)]
NEAREST FORMAT [__C.AudioStreamBasicDescription(mSampleRate: 48000.0, mFormatID: 1819304813, mFormatFlags: 12, mBytesPerPacket: 6, mFramesPerPacket: 1, mBytesPerFrame: 6, mChannelsPerFrame: 2, mBitsPerChannel: 24, mReserved: 0)]
NEAREST FORMAT [__C.AudioStreamBasicDescription(mSampleRate: 48000.0, mFormatID: 1819304813, mFormatFlags: 12, mBytesPerPacket: 6, mFramesPerPacket: 1, mBytesPerFrame: 6, mChannelsPerFrame: 2, mBitsPerChannel: 24, mReserved: 0)]
detected stat CMPlayerStats(sampleRate: 48000.0, bitDepth: 24, date: 2026-07-10 07:15:07 +0000, priority: 5)
[getAllStats] [LosslessSwitcher.CMPlayerStats(sampleRate: 48000.0, bitDepth: 24, date: 2026-07-10 07:15:07 +0000, priority: 5)]
NEAREST FORMAT [__C.AudioStreamBasicDescription(mSampleRate: 48000.0, mFormatID: 1819304813, mFormatFlags: 12, mBytesPerPacket: 6, mFramesPerPacket: 1, mBytesPerFrame: 6, mChannelsPerFrame: 2, mBitsPerChannel: 24, mReserved: 0)]
detected stat CMPlayerStats(sampleRate: 48000.0, bitDepth: 24, date: 2026-07-10 07:15:07 +0000, priority: 5)
[getAllStats] [LosslessSwitcher.CMPlayerStats(sampleRate: 48000.0, bitDepth: 24, date: 2026-07-10 07:15:07 +0000, priority: 5)]
NEAREST FORMAT [__C.AudioStreamBasicDescription(mSampleRate: 48000.0, mFormatID: 1819304813, mFormatFlags: 12, mBytesPerPacket: 6, mFramesPerPacket: 1, mBytesPerFrame: 6, mChannelsPerFrame: 2, mBitsPerChannel: 24, mReserved: 0)]
detected stat CMPlayerStats(sampleRate: 48000.0, bitDepth: 24, date: 2026-07-10 07:15:07 +0000, priority: 5)
[getAllStats] [LosslessSwitcher.CMPlayerStats(sampleRate: 48000.0, bitDepth: 24, date: 2026-07-10 07:15:07 +0000, priority: 5)]
NEAREST FORMAT [__C.AudioStreamBasicDescription(mSampleRate: 48000.0, mFormatID: 1819304813, mFormatFlags: 12, mBytesPerPacket: 6, mFramesPerPacket: 1, mBytesPerFrame: 6, mChannelsPerFrame: 2, mBitsPerChannel: 24, mReserved: 0)]
detected stat CMPlayerStats(sampleRate: 48000.0, bitDepth: 24, date: 2026-07-10 07:15:07 +0000, priority: 5)
[getAllStats] [LosslessSwitcher.CMPlayerStats(sampleRate: 48000.0, bitDepth: 24, date: 2026-07-10 07:15:07 +0000, priority: 5)]
NEAREST FORMAT [__C.AudioStreamBasicDescription(mSampleRate: 48000.0, mFormatID: 1819304813, mFormatFlags: 12, mBytesPerPacket: 6, mFramesPerPacket: 1, mBytesPerFrame: 6, mChannelsPerFrame: 2, mBitsPerChannel: 24, mReserved: 0)]
detected stat CMPlayerStats(sampleRate: 48000.0, bitDepth: 24, date: 2026-07-10 07:15:07 +0000, priority: 5)
[getAllStats] [LosslessSwitcher.CMPlayerStats(sampleRate: 48000.0, bitDepth: 24, date: 2026-07-10 07:15:07 +0000, priority: 5)]
NEAREST FORMAT [__C.AudioStreamBasicDescription(mSampleRate: 48000.0, mFormatID: 1819304813, mFormatFlags: 12, mBytesPerPacket: 6, mFramesPerPacket: 1, mBytesPerFrame: 6, mChannelsPerFrame: 2, mBitsPerChannel: 24, mReserved: 0)]
detected stat CMPlayerStats(sampleRate: 48000.0, bitDepth: 24, date: 2026-07-10 07:15:07 +0000, priority: 5)
[getAllStats] [LosslessSwitcher.CMPlayerStats(sampleRate: 48000.0, bitDepth: 24, date: 2026-07-10 07:15:07 +0000, priority: 5)]
NEAREST FORMAT [__C.AudioStreamBasicDescription(mSampleRate: 48000.0, mFormatID: 1819304813, mFormatFlags: 12, mBytesPerPacket: 6, mFramesPerPacket: 1, mBytesPerFrame: 6, mChannelsPerFrame: 2, mBitsPerChannel: 24, mReserved: 0)]
detected stat CMPlayerStats(sampleRate: 48000.0, bitDepth: 24, date: 2026-07-10 07:15:07 +0000, priority: 5)
[getAllStats] [LosslessSwitcher.CMPlayerStats(sampleRate: 48000.0, bitDepth: 24, date: 2026-07-10 07:15:07 +0000, priority: 5)]
NEAREST FORMAT [__C.AudioStreamBasicDescription(mSampleRate: 48000.0, mFormatID: 1819304813, mFormatFlags: 12, mBytesPerPacket: 6, mFramesPerPacket: 1, mBytesPerFrame: 6, mChannelsPerFrame: 2, mBitsPerChannel: 24, mReserved: 0)]
detected stat CMPlayerStats(sampleRate: 48000.0, bitDepth: 24, date: 2026-07-10 07:15:07 +0000, priority: 5)
[getAllStats] [LosslessSwitcher.CMPlayerStats(sampleRate: 48000.0, bitDepth: 24, date: 2026-07-10 07:15:07 +0000, priority: 5)]
NEAREST FORMAT [__C.AudioStreamBasicDescription(mSampleRate: 48000.0, mFormatID: 1819304813, mFormatFlags: 12, mBytesPerPacket: 6, mFramesPerPacket: 1, mBytesPerFrame: 6, mChannelsPerFrame: 2, mBitsPerChannel: 24, mReserved: 0)]
[getAllStats] []
[getAllStats] []
track 美少女無罪♡パイレーツ-宝鐘マリン-美少女無罪♡パイレーツ - Single 美少女無罪♡パイレーツ
track 美少女無罪♡パイレーツ-宝鐘マリン-美少女無罪♡パイレーツ - Single 美少女無罪♡パイレーツ
[getAllStats] []
same track, ignore cache
[getAllStats] []
same track, ignore cache
track 美少女無罪♡パイレーツ-宝鐘マリン-美少女無罪♡パイレーツ - Single 美少女無罪♡パイレーツ
track 美少女無罪♡パイレーツ-宝鐘マリン-美少女無罪♡パイレーツ - Single 美少女無罪♡パイレーツ
detected stat CMPlayerStats(sampleRate: 48000.0, bitDepth: 24, date: 2026-07-10 07:15:13 +0000, priority: 5)
[getAllStats] [LosslessSwitcher.CMPlayerStats(sampleRate: 48000.0, bitDepth: 24, date: 2026-07-10 07:15:13 +0000, priority: 5)]
NEAREST FORMAT [__C.AudioStreamBasicDescription(mSampleRate: 48000.0, mFormatID: 1819304813, mFormatFlags: 12, mBytesPerPacket: 6, mFramesPerPacket: 1, mBytesPerFrame: 6, mChannelsPerFrame: 2, mBitsPerChannel: 24, mReserved: 0)]
detected stat CMPlayerStats(sampleRate: 48000.0, bitDepth: 24, date: 2026-07-10 07:15:13 +0000, priority: 5)
[getAllStats] [LosslessSwitcher.CMPlayerStats(sampleRate: 48000.0, bitDepth: 24, date: 2026-07-10 07:15:13 +0000, priority: 5)]
NEAREST FORMAT [__C.AudioStreamBasicDescription(mSampleRate: 48000.0, mFormatID: 1819304813, mFormatFlags: 12, mBytesPerPacket: 6, mFramesPerPacket: 1, mBytesPerFrame: 6, mChannelsPerFrame: 2, mBitsPerChannel: 24, mReserved: 0)]
detected stat CMPlayerStats(sampleRate: 48000.0, bitDepth: 24, date: 2026-07-10 07:15:13 +0000, priority: 5)
detected stat CMPlayerStats(sampleRate: 48000.0, bitDepth: 24, date: 2026-07-10 07:15:13 +0000, priority: 5)
[getAllStats] [LosslessSwitcher.CMPlayerStats(sampleRate: 48000.0, bitDepth: 24, date: 2026-07-10 07:15:13 +0000, priority: 5)]
[getAllStats] [LosslessSwitcher.CMPlayerStats(sampleRate: 48000.0, bitDepth: 24, date: 2026-07-10 07:15:13 +0000, priority: 5)]
NEAREST FORMAT [__C.AudioStreamBasicDescription(mSampleRate: 48000.0, mFormatID: 1819304813, mFormatFlags: 12, mBytesPerPacket: 6, mFramesPerPacket: 1, mBytesPerFrame: 6, mChannelsPerFrame: 2, mBitsPerChannel: 24, mReserved: 0)]
NEAREST FORMAT [__C.AudioStreamBasicDescription(mSampleRate: 48000.0, mFormatID: 1819304813, mFormatFlags: 12, mBytesPerPacket: 6, mFramesPerPacket: 1, mBytesPerFrame: 6, mChannelsPerFrame: 2, mBitsPerChannel: 24, mReserved: 0)]
detected stat CMPlayerStats(sampleRate: 48000.0, bitDepth: 24, date: 2026-07-10 07:15:13 +0000, priority: 5)
[getAllStats] [LosslessSwitcher.CMPlayerStats(sampleRate: 48000.0, bitDepth: 24, date: 2026-07-10 07:15:13 +0000, priority: 5)]
NEAREST FORMAT [__C.AudioStreamBasicDescription(mSampleRate: 48000.0, mFormatID: 1819304813, mFormatFlags: 12, mBytesPerPacket: 6, mFramesPerPacket: 1, mBytesPerFrame: 6, mChannelsPerFrame: 2, mBitsPerChannel: 24, mReserved: 0)]
detected stat CMPlayerStats(sampleRate: 48000.0, bitDepth: 24, date: 2026-07-10 07:15:13 +0000, priority: 5)
[getAllStats] [LosslessSwitcher.CMPlayerStats(sampleRate: 48000.0, bitDepth: 24, date: 2026-07-10 07:15:13 +0000, priority: 5)]
NEAREST FORMAT [__C.AudioStreamBasicDescription(mSampleRate: 48000.0, mFormatID: 1819304813, mFormatFlags: 12, mBytesPerPacket: 6, mFramesPerPacket: 1, mBytesPerFrame: 6, mChannelsPerFrame: 2, mBitsPerChannel: 24, mReserved: 0)]
detected stat CMPlayerStats(sampleRate: 48000.0, bitDepth: 24, date: 2026-07-10 07:15:13 +0000, priority: 5)
[getAllStats] [LosslessSwitcher.CMPlayerStats(sampleRate: 48000.0, bitDepth: 24, date: 2026-07-10 07:15:13 +0000, priority: 5)]
NEAREST FORMAT [__C.AudioStreamBasicDescription(mSampleRate: 48000.0, mFormatID: 1819304813, mFormatFlags: 12, mBytesPerPacket: 6, mFramesPerPacket: 1, mBytesPerFrame: 6, mChannelsPerFrame: 2, mBitsPerChannel: 24, mReserved: 0)]
detected stat CMPlayerStats(sampleRate: 48000.0, bitDepth: 24, date: 2026-07-10 07:15:13 +0000, priority: 5)
[getAllStats] [LosslessSwitcher.CMPlayerStats(sampleRate: 48000.0, bitDepth: 24, date: 2026-07-10 07:15:13 +0000, priority: 5)]
NEAREST FORMAT [__C.AudioStreamBasicDescription(mSampleRate: 48000.0, mFormatID: 1819304813, mFormatFlags: 12, mBytesPerPacket: 6, mFramesPerPacket: 1, mBytesPerFrame: 6, mChannelsPerFrame: 2, mBitsPerChannel: 24, mReserved: 0)]
detected stat CMPlayerStats(sampleRate: 48000.0, bitDepth: 24, date: 2026-07-10 07:15:13 +0000, priority: 5)
[getAllStats] [LosslessSwitcher.CMPlayerStats(sampleRate: 48000.0, bitDepth: 24, date: 2026-07-10 07:15:13 +0000, priority: 5)]
NEAREST FORMAT [__C.AudioStreamBasicDescription(mSampleRate: 48000.0, mFormatID: 1819304813, mFormatFlags: 12, mBytesPerPacket: 6, mFramesPerPacket: 1, mBytesPerFrame: 6, mChannelsPerFrame: 2, mBitsPerChannel: 24, mReserved: 0)]
detected stat CMPlayerStats(sampleRate: 48000.0, bitDepth: 24, date: 2026-07-10 07:15:13 +0000, priority: 5)
[getAllStats] [LosslessSwitcher.CMPlayerStats(sampleRate: 48000.0, bitDepth: 24, date: 2026-07-10 07:15:13 +0000, priority: 5)]
NEAREST FORMAT [__C.AudioStreamBasicDescription(mSampleRate: 48000.0, mFormatID: 1819304813, mFormatFlags: 12, mBytesPerPacket: 6, mFramesPerPacket: 1, mBytesPerFrame: 6, mChannelsPerFrame: 2, mBitsPerChannel: 24, mReserved: 0)]
detected stat CMPlayerStats(sampleRate: 48000.0, bitDepth: 24, date: 2026-07-10 07:15:13 +0000, priority: 5)
[getAllStats] [LosslessSwitcher.CMPlayerStats(sampleRate: 48000.0, bitDepth: 24, date: 2026-07-10 07:15:13 +0000, priority: 5)]
NEAREST FORMAT [__C.AudioStreamBasicDescription(mSampleRate: 48000.0, mFormatID: 1819304813, mFormatFlags: 12, mBytesPerPacket: 6, mFramesPerPacket: 1, mBytesPerFrame: 6, mChannelsPerFrame: 2, mBitsPerChannel: 24, mReserved: 0)]
detected stat CMPlayerStats(sampleRate: 48000.0, bitDepth: 24, date: 2026-07-10 07:15:13 +0000, priority: 5)
[getAllStats] [LosslessSwitcher.CMPlayerStats(sampleRate: 48000.0, bitDepth: 24, date: 2026-07-10 07:15:13 +0000, priority: 5)]
NEAREST FORMAT [__C.AudioStreamBasicDescription(mSampleRate: 48000.0, mFormatID: 1819304813, mFormatFlags: 12, mBytesPerPacket: 6, mFramesPerPacket: 1, mBytesPerFrame: 6, mChannelsPerFrame: 2, mBitsPerChannel: 24, mReserved: 0)]
detected stat CMPlayerStats(sampleRate: 48000.0, bitDepth: 24, date: 2026-07-10 07:15:13 +0000, priority: 5)
[getAllStats] [LosslessSwitcher.CMPlayerStats(sampleRate: 48000.0, bitDepth: 24, date: 2026-07-10 07:15:13 +0000, priority: 5)]
NEAREST FORMAT [__C.AudioStreamBasicDescription(mSampleRate: 48000.0, mFormatID: 1819304813, mFormatFlags: 12, mBytesPerPacket: 6, mFramesPerPacket: 1, mBytesPerFrame: 6, mChannelsPerFrame: 2, mBitsPerChannel: 24, mReserved: 0)]
detected stat CMPlayerStats(sampleRate: 48000.0, bitDepth: 24, date: 2026-07-10 07:15:13 +0000, priority: 5)
[getAllStats] [LosslessSwitcher.CMPlayerStats(sampleRate: 48000.0, bitDepth: 24, date: 2026-07-10 07:15:13 +0000, priority: 5)]
NEAREST FORMAT [__C.AudioStreamBasicDescription(mSampleRate: 48000.0, mFormatID: 1819304813, mFormatFlags: 12, mBytesPerPacket: 6, mFramesPerPacket: 1, mBytesPerFrame: 6, mChannelsPerFrame: 2, mBitsPerChannel: 24, mReserved: 0)]
detected stat CMPlayerStats(sampleRate: 48000.0, bitDepth: 24, date: 2026-07-10 07:15:18 +0000, priority: 5)
[getAllStats] [LosslessSwitcher.CMPlayerStats(sampleRate: 48000.0, bitDepth: 24, date: 2026-07-10 07:15:18 +0000, priority: 5)]
NEAREST FORMAT [__C.AudioStreamBasicDescription(mSampleRate: 48000.0, mFormatID: 1819304813, mFormatFlags: 12, mBytesPerPacket: 6, mFramesPerPacket: 1, mBytesPerFrame: 6, mChannelsPerFrame: 2, mBitsPerChannel: 24, mReserved: 0)]
track 美少女無罪♡パイレーツ-宝鐘マリン-美少女無罪♡パイレーツ - Single 美少女無罪♡パイレーツ
track 美少女無罪♡パイレーツ-宝鐘マリン-美少女無罪♡パイレーツ - Single 美少女無罪♡パイレーツ
detected stat CMPlayerStats(sampleRate: 48000.0, bitDepth: 24, date: 2026-07-10 07:15:18 +0000, priority: 5)
[getAllStats] [LosslessSwitcher.CMPlayerStats(sampleRate: 48000.0, bitDepth: 24, date: 2026-07-10 07:15:18 +0000, priority: 5)]
NEAREST FORMAT [__C.AudioStreamBasicDescription(mSampleRate: 48000.0, mFormatID: 1819304813, mFormatFlags: 12, mBytesPerPacket: 6, mFramesPerPacket: 1, mBytesPerFrame: 6, mChannelsPerFrame: 2, mBitsPerChannel: 24, mReserved: 0)]
detected stat CMPlayerStats(sampleRate: 48000.0, bitDepth: 24, date: 2026-07-10 07:15:18 +0000, priority: 5)
[getAllStats] [LosslessSwitcher.CMPlayerStats(sampleRate: 48000.0, bitDepth: 24, date: 2026-07-10 07:15:18 +0000, priority: 5)]
NEAREST FORMAT [__C.AudioStreamBasicDescription(mSampleRate: 48000.0, mFormatID: 1819304813, mFormatFlags: 12, mBytesPerPacket: 6, mFramesPerPacket: 1, mBytesPerFrame: 6, mChannelsPerFrame: 2, mBitsPerChannel: 24, mReserved: 0)]
detected stat CMPlayerStats(sampleRate: 48000.0, bitDepth: 24, date: 2026-07-10 07:15:18 +0000, priority: 5)
[getAllStats] [LosslessSwitcher.CMPlayerStats(sampleRate: 48000.0, bitDepth: 24, date: 2026-07-10 07:15:18 +0000, priority: 5)]
NEAREST FORMAT [__C.AudioStreamBasicDescription(mSampleRate: 48000.0, mFormatID: 1819304813, mFormatFlags: 12, mBytesPerPacket: 6, mFramesPerPacket: 1, mBytesPerFrame: 6, mChannelsPerFrame: 2, mBitsPerChannel: 24, mReserved: 0)]
track 美少女無罪♡パイレーツ-宝鐘マリン-美少女無罪♡パイレーツ - Single 美少女無罪♡パイレーツ
track 美少女無罪♡パイレーツ-宝鐘マリン-美少女無罪♡パイレーツ - Single 美少女無罪♡パイレーツ
detected stat CMPlayerStats(sampleRate: 48000.0, bitDepth: 24, date: 2026-07-10 07:15:18 +0000, priority: 5)
[getAllStats] [LosslessSwitcher.CMPlayerStats(sampleRate: 48000.0, bitDepth: 24, date: 2026-07-10 07:15:18 +0000, priority: 5)]
NEAREST FORMAT [__C.AudioStreamBasicDescription(mSampleRate: 48000.0, mFormatID: 1819304813, mFormatFlags: 12, mBytesPerPacket: 6, mFramesPerPacket: 1, mBytesPerFrame: 6, mChannelsPerFrame: 2, mBitsPerChannel: 24, mReserved: 0)]
detected stat CMPlayerStats(sampleRate: 48000.0, bitDepth: 24, date: 2026-07-10 07:15:18 +0000, priority: 5)
[getAllStats] [LosslessSwitcher.CMPlayerStats(sampleRate: 48000.0, bitDepth: 24, date: 2026-07-10 07:15:18 +0000, priority: 5)]
NEAREST FORMAT [__C.AudioStreamBasicDescription(mSampleRate: 48000.0, mFormatID: 1819304813, mFormatFlags: 12, mBytesPerPacket: 6, mFramesPerPacket: 1, mBytesPerFrame: 6, mChannelsPerFrame: 2, mBitsPerChannel: 24, mReserved: 0)]
detected stat CMPlayerStats(sampleRate: 48000.0, bitDepth: 24, date: 2026-07-10 07:15:18 +0000, priority: 5)
[getAllStats] [LosslessSwitcher.CMPlayerStats(sampleRate: 48000.0, bitDepth: 24, date: 2026-07-10 07:15:18 +0000, priority: 5)]
NEAREST FORMAT [__C.AudioStreamBasicDescription(mSampleRate: 48000.0, mFormatID: 1819304813, mFormatFlags: 12, mBytesPerPacket: 6, mFramesPerPacket: 1, mBytesPerFrame: 6, mChannelsPerFrame: 2, mBitsPerChannel: 24, mReserved: 0)]
detected stat CMPlayerStats(sampleRate: 48000.0, bitDepth: 24, date: 2026-07-10 07:15:18 +0000, priority: 5)
[getAllStats] [LosslessSwitcher.CMPlayerStats(sampleRate: 48000.0, bitDepth: 24, date: 2026-07-10 07:15:18 +0000, priority: 5)]
NEAREST FORMAT [__C.AudioStreamBasicDescription(mSampleRate: 48000.0, mFormatID: 1819304813, mFormatFlags: 12, mBytesPerPacket: 6, mFramesPerPacket: 1, mBytesPerFrame: 6, mChannelsPerFrame: 2, mBitsPerChannel: 24, mReserved: 0)]
detected stat CMPlayerStats(sampleRate: 48000.0, bitDepth: 24, date: 2026-07-10 07:15:18 +0000, priority: 5)
[getAllStats] [LosslessSwitcher.CMPlayerStats(sampleRate: 48000.0, bitDepth: 24, date: 2026-07-10 07:15:18 +0000, priority: 5)]
NEAREST FORMAT [__C.AudioStreamBasicDescription(mSampleRate: 48000.0, mFormatID: 1819304813, mFormatFlags: 12, mBytesPerPacket: 6, mFramesPerPacket: 1, mBytesPerFrame: 6, mChannelsPerFrame: 2, mBitsPerChannel: 24, mReserved: 0)]
detected stat CMPlayerStats(sampleRate: 48000.0, bitDepth: 24, date: 2026-07-10 07:15:18 +0000, priority: 5)
[getAllStats] [LosslessSwitcher.CMPlayerStats(sampleRate: 48000.0, bitDepth: 24, date: 2026-07-10 07:15:18 +0000, priority: 5)]
NEAREST FORMAT [__C.AudioStreamBasicDescription(mSampleRate: 48000.0, mFormatID: 1819304813, mFormatFlags: 12, mBytesPerPacket: 6, mFramesPerPacket: 1, mBytesPerFrame: 6, mChannelsPerFrame: 2, mBitsPerChannel: 24, mReserved: 0)]
detected stat CMPlayerStats(sampleRate: 48000.0, bitDepth: 24, date: 2026-07-10 07:15:18 +0000, priority: 5)
[getAllStats] [LosslessSwitcher.CMPlayerStats(sampleRate: 48000.0, bitDepth: 24, date: 2026-07-10 07:15:18 +0000, priority: 5)]
NEAREST FORMAT [__C.AudioStreamBasicDescription(mSampleRate: 48000.0, mFormatID: 1819304813, mFormatFlags: 12, mBytesPerPacket: 6, mFramesPerPacket: 1, mBytesPerFrame: 6, mChannelsPerFrame: 2, mBitsPerChannel: 24, mReserved: 0)]
detected stat CMPlayerStats(sampleRate: 48000.0, bitDepth: 24, date: 2026-07-10 07:15:18 +0000, priority: 5)
[getAllStats] [LosslessSwitcher.CMPlayerStats(sampleRate: 48000.0, bitDepth: 24, date: 2026-07-10 07:15:18 +0000, priority: 5)]
NEAREST FORMAT [__C.AudioStreamBasicDescription(mSampleRate: 48000.0, mFormatID: 1819304813, mFormatFlags: 12, mBytesPerPacket: 6, mFramesPerPacket: 1, mBytesPerFrame: 6, mChannelsPerFrame: 2, mBitsPerChannel: 24, mReserved: 0)]
detected stat CMPlayerStats(sampleRate: 48000.0, bitDepth: 24, date: 2026-07-10 07:15:18 +0000, priority: 5)
[getAllStats] [LosslessSwitcher.CMPlayerStats(sampleRate: 48000.0, bitDepth: 24, date: 2026-07-10 07:15:18 +0000, priority: 5)]
NEAREST FORMAT [__C.AudioStreamBasicDescription(mSampleRate: 48000.0, mFormatID: 1819304813, mFormatFlags: 12, mBytesPerPacket: 6, mFramesPerPacket: 1, mBytesPerFrame: 6, mChannelsPerFrame: 2, mBitsPerChannel: 24, mReserved: 0)]
detected stat CMPlayerStats(sampleRate: 48000.0, bitDepth: 24, date: 2026-07-10 07:15:18 +0000, priority: 5)
[getAllStats] [LosslessSwitcher.CMPlayerStats(sampleRate: 48000.0, bitDepth: 24, date: 2026-07-10 07:15:18 +0000, priority: 5)]
NEAREST FORMAT [__C.AudioStreamBasicDescription(mSampleRate: 48000.0, mFormatID: 1819304813, mFormatFlags: 12, mBytesPerPacket: 6, mFramesPerPacket: 1, mBytesPerFrame: 6, mChannelsPerFrame: 2, mBitsPerChannel: 24, mReserved: 0)]
[getAllStats] []
[getAllStats] []
[getAllStats] []
same track, ignore cache
[getAllStats] []
same track, ignore cache
[getAllStats] []
same track, ignore cache
[getAllStats] []
same track, ignore cache
[getAllStats] []
same track, ignore cache
[getAllStats] []
same track, ignore cache
track 美少女無罪♡パイレーツ-宝鐘マリン-美少女無罪♡パイレーツ - Single 美少女無罪♡パイレーツ
track 美少女無罪♡パイレーツ-宝鐘マリン-美少女無罪♡パイレーツ - Single 美少女無罪♡パイレーツ
track 美少女無罪♡パイレーツ-宝鐘マリン-美少女無罪♡パイレーツ - Single 美少女無罪♡パイレーツ
track 美少女無罪♡パイレーツ-宝鐘マリン-美少女無罪♡パイレーツ - Single 美少女無罪♡パイレーツ
detected stat CMPlayerStats(sampleRate: 48000.0, bitDepth: 24, date: 2026-07-10 07:15:32 +0000, priority: 5)
[getAllStats] [LosslessSwitcher.CMPlayerStats(sampleRate: 48000.0, bitDepth: 24, date: 2026-07-10 07:15:32 +0000, priority: 5)]
NEAREST FORMAT [__C.AudioStreamBasicDescription(mSampleRate: 48000.0, mFormatID: 1819304813, mFormatFlags: 12, mBytesPerPacket: 6, mFramesPerPacket: 1, mBytesPerFrame: 6, mChannelsPerFrame: 2, mBitsPerChannel: 24, mReserved: 0)]
detected stat CMPlayerStats(sampleRate: 48000.0, bitDepth: 24, date: 2026-07-10 07:15:32 +0000, priority: 5)
[getAllStats] [LosslessSwitcher.CMPlayerStats(sampleRate: 48000.0, bitDepth: 24, date: 2026-07-10 07:15:32 +0000, priority: 5)]
NEAREST FORMAT [__C.AudioStreamBasicDescription(mSampleRate: 48000.0, mFormatID: 1819304813, mFormatFlags: 12, mBytesPerPacket: 6, mFramesPerPacket: 1, mBytesPerFrame: 6, mChannelsPerFrame: 2, mBitsPerChannel: 24, mReserved: 0)]
track 美少女無罪♡パイレーツ-宝鐘マリン-美少女無罪♡パイレーツ - Single 美少女無罪♡パイレーツ
track 美少女無罪♡パイレーツ-宝鐘マリン-美少女無罪♡パイレーツ - Single 美少女無罪♡パイレーツ
detected stat CMPlayerStats(sampleRate: 48000.0, bitDepth: 24, date: 2026-07-10 07:15:32 +0000, priority: 5)
[getAllStats] [LosslessSwitcher.CMPlayerStats(sampleRate: 48000.0, bitDepth: 24, date: 2026-07-10 07:15:32 +0000, priority: 5)]
NEAREST FORMAT [__C.AudioStreamBasicDescription(mSampleRate: 48000.0, mFormatID: 1819304813, mFormatFlags: 12, mBytesPerPacket: 6, mFramesPerPacket: 1, mBytesPerFrame: 6, mChannelsPerFrame: 2, mBitsPerChannel: 24, mReserved: 0)]
detected stat CMPlayerStats(sampleRate: 48000.0, bitDepth: 24, date: 2026-07-10 07:15:32 +0000, priority: 5)
[getAllStats] [LosslessSwitcher.CMPlayerStats(sampleRate: 48000.0, bitDepth: 24, date: 2026-07-10 07:15:32 +0000, priority: 5)]
NEAREST FORMAT [__C.AudioStreamBasicDescription(mSampleRate: 48000.0, mFormatID: 1819304813, mFormatFlags: 12, mBytesPerPacket: 6, mFramesPerPacket: 1, mBytesPerFrame: 6, mChannelsPerFrame: 2, mBitsPerChannel: 24, mReserved: 0)]
detected stat CMPlayerStats(sampleRate: 48000.0, bitDepth: 24, date: 2026-07-10 07:15:32 +0000, priority: 5)
[getAllStats] [LosslessSwitcher.CMPlayerStats(sampleRate: 48000.0, bitDepth: 24, date: 2026-07-10 07:15:32 +0000, priority: 5)]
NEAREST FORMAT [__C.AudioStreamBasicDescription(mSampleRate: 48000.0, mFormatID: 1819304813, mFormatFlags: 12, mBytesPerPacket: 6, mFramesPerPacket: 1, mBytesPerFrame: 6, mChannelsPerFrame: 2, mBitsPerChannel: 24, mReserved: 0)]
detected stat CMPlayerStats(sampleRate: 48000.0, bitDepth: 24, date: 2026-07-10 07:15:32 +0000, priority: 5)
[getAllStats] [LosslessSwitcher.CMPlayerStats(sampleRate: 48000.0, bitDepth: 24, date: 2026-07-10 07:15:32 +0000, priority: 5)]
NEAREST FORMAT [__C.AudioStreamBasicDescription(mSampleRate: 48000.0, mFormatID: 1819304813, mFormatFlags: 12, mBytesPerPacket: 6, mFramesPerPacket: 1, mBytesPerFrame: 6, mChannelsPerFrame: 2, mBitsPerChannel: 24, mReserved: 0)]
detected stat CMPlayerStats(sampleRate: 48000.0, bitDepth: 24, date: 2026-07-10 07:15:32 +0000, priority: 5)
[getAllStats] [LosslessSwitcher.CMPlayerStats(sampleRate: 48000.0, bitDepth: 24, date: 2026-07-10 07:15:32 +0000, priority: 5)]
NEAREST FORMAT [__C.AudioStreamBasicDescription(mSampleRate: 48000.0, mFormatID: 1819304813, mFormatFlags: 12, mBytesPerPacket: 6, mFramesPerPacket: 1, mBytesPerFrame: 6, mChannelsPerFrame: 2, mBitsPerChannel: 24, mReserved: 0)]
detected stat CMPlayerStats(sampleRate: 48000.0, bitDepth: 24, date: 2026-07-10 07:15:32 +0000, priority: 5)
[getAllStats] [LosslessSwitcher.CMPlayerStats(sampleRate: 48000.0, bitDepth: 24, date: 2026-07-10 07:15:32 +0000, priority: 5)]
NEAREST FORMAT [__C.AudioStreamBasicDescription(mSampleRate: 48000.0, mFormatID: 1819304813, mFormatFlags: 12, mBytesPerPacket: 6, mFramesPerPacket: 1, mBytesPerFrame: 6, mChannelsPerFrame: 2, mBitsPerChannel: 24, mReserved: 0)]
detected stat CMPlayerStats(sampleRate: 48000.0, bitDepth: 24, date: 2026-07-10 07:15:32 +0000, priority: 5)
[getAllStats] [LosslessSwitcher.CMPlayerStats(sampleRate: 48000.0, bitDepth: 24, date: 2026-07-10 07:15:32 +0000, priority: 5)]
NEAREST FORMAT [__C.AudioStreamBasicDescription(mSampleRate: 48000.0, mFormatID: 1819304813, mFormatFlags: 12, mBytesPerPacket: 6, mFramesPerPacket: 1, mBytesPerFrame: 6, mChannelsPerFrame: 2, mBitsPerChannel: 24, mReserved: 0)]
detected stat CMPlayerStats(sampleRate: 48000.0, bitDepth: 24, date: 2026-07-10 07:15:32 +0000, priority: 5)
[getAllStats] [LosslessSwitcher.CMPlayerStats(sampleRate: 48000.0, bitDepth: 24, date: 2026-07-10 07:15:32 +0000, priority: 5)]
NEAREST FORMAT [__C.AudioStreamBasicDescription(mSampleRate: 48000.0, mFormatID: 1819304813, mFormatFlags: 12, mBytesPerPacket: 6, mFramesPerPacket: 1, mBytesPerFrame: 6, mChannelsPerFrame: 2, mBitsPerChannel: 24, mReserved: 0)]
detected stat CMPlayerStats(sampleRate: 48000.0, bitDepth: 24, date: 2026-07-10 07:15:32 +0000, priority: 5)
[getAllStats] [LosslessSwitcher.CMPlayerStats(sampleRate: 48000.0, bitDepth: 24, date: 2026-07-10 07:15:32 +0000, priority: 5)]
NEAREST FORMAT [__C.AudioStreamBasicDescription(mSampleRate: 48000.0, mFormatID: 1819304813, mFormatFlags: 12, mBytesPerPacket: 6, mFramesPerPacket: 1, mBytesPerFrame: 6, mChannelsPerFrame: 2, mBitsPerChannel: 24, mReserved: 0)]
detected stat CMPlayerStats(sampleRate: 48000.0, bitDepth: 24, date: 2026-07-10 07:15:32 +0000, priority: 5)
[getAllStats] [LosslessSwitcher.CMPlayerStats(sampleRate: 48000.0, bitDepth: 24, date: 2026-07-10 07:15:32 +0000, priority: 5)]
NEAREST FORMAT [__C.AudioStreamBasicDescription(mSampleRate: 48000.0, mFormatID: 1819304813, mFormatFlags: 12, mBytesPerPacket: 6, mFramesPerPacket: 1, mBytesPerFrame: 6, mChannelsPerFrame: 2, mBitsPerChannel: 24, mReserved: 0)]
track 美少女無罪♡パイレーツ-宝鐘マリン-美少女無罪♡パイレーツ - Single 美少女無罪♡パイレーツ
track 美少女無罪♡パイレーツ-宝鐘マリン-美少女無罪♡パイレーツ - Single 美少女無罪♡パイレーツ
[getAllStats] []
[getAllStats] []
track 美少女無罪♡パイレーツ-宝鐘マリン-美少女無罪♡パイレーツ - Single 美少女無罪♡パイレーツ
track 美少女無罪♡パイレーツ-宝鐘マリン-美少女無罪♡パイレーツ - Single 美少女無罪♡パイレーツ
detected stat CMPlayerStats(sampleRate: 48000.0, bitDepth: 24, date: 2026-07-10 07:15:45 +0000, priority: 5)
[getAllStats] [LosslessSwitcher.CMPlayerStats(sampleRate: 48000.0, bitDepth: 24, date: 2026-07-10 07:15:45 +0000, priority: 5)]
NEAREST FORMAT [__C.AudioStreamBasicDescription(mSampleRate: 48000.0, mFormatID: 1819304813, mFormatFlags: 12, mBytesPerPacket: 6, mFramesPerPacket: 1, mBytesPerFrame: 6, mChannelsPerFrame: 2, mBitsPerChannel: 24, mReserved: 0)]
detected stat CMPlayerStats(sampleRate: 48000.0, bitDepth: 24, date: 2026-07-10 07:15:45 +0000, priority: 5)
[getAllStats] [LosslessSwitcher.CMPlayerStats(sampleRate: 48000.0, bitDepth: 24, date: 2026-07-10 07:15:45 +0000, priority: 5)]
NEAREST FORMAT [__C.AudioStreamBasicDescription(mSampleRate: 48000.0, mFormatID: 1819304813, mFormatFlags: 12, mBytesPerPacket: 6, mFramesPerPacket: 1, mBytesPerFrame: 6, mChannelsPerFrame: 2, mBitsPerChannel: 24, mReserved: 0)]
track 美少女無罪♡パイレーツ-宝鐘マリン-美少女無罪♡パイレーツ - Single 美少女無罪♡パイレーツ
track 美少女無罪♡パイレーツ-宝鐘マリン-美少女無罪♡パイレーツ - Single 美少女無罪♡パイレーツ
detected stat CMPlayerStats(sampleRate: 48000.0, bitDepth: 24, date: 2026-07-10 07:15:46 +0000, priority: 5)
[getAllStats] [LosslessSwitcher.CMPlayerStats(sampleRate: 48000.0, bitDepth: 24, date: 2026-07-10 07:15:46 +0000, priority: 5)]
NEAREST FORMAT [__C.AudioStreamBasicDescription(mSampleRate: 48000.0, mFormatID: 1819304813, mFormatFlags: 12, mBytesPerPacket: 6, mFramesPerPacket: 1, mBytesPerFrame: 6, mChannelsPerFrame: 2, mBitsPerChannel: 24, mReserved: 0)]
detected stat CMPlayerStats(sampleRate: 48000.0, bitDepth: 24, date: 2026-07-10 07:15:46 +0000, priority: 5)
[getAllStats] [LosslessSwitcher.CMPlayerStats(sampleRate: 48000.0, bitDepth: 24, date: 2026-07-10 07:15:46 +0000, priority: 5)]
NEAREST FORMAT [__C.AudioStreamBasicDescription(mSampleRate: 48000.0, mFormatID: 1819304813, mFormatFlags: 12, mBytesPerPacket: 6, mFramesPerPacket: 1, mBytesPerFrame: 6, mChannelsPerFrame: 2, mBitsPerChannel: 24, mReserved: 0)]
detected stat CMPlayerStats(sampleRate: 48000.0, bitDepth: 24, date: 2026-07-10 07:15:46 +0000, priority: 5)
[getAllStats] [LosslessSwitcher.CMPlayerStats(sampleRate: 48000.0, bitDepth: 24, date: 2026-07-10 07:15:46 +0000, priority: 5)]
NEAREST FORMAT [__C.AudioStreamBasicDescription(mSampleRate: 48000.0, mFormatID: 1819304813, mFormatFlags: 12, mBytesPerPacket: 6, mFramesPerPacket: 1, mBytesPerFrame: 6, mChannelsPerFrame: 2, mBitsPerChannel: 24, mReserved: 0)]
detected stat CMPlayerStats(sampleRate: 48000.0, bitDepth: 24, date: 2026-07-10 07:15:46 +0000, priority: 5)
[getAllStats] [LosslessSwitcher.CMPlayerStats(sampleRate: 48000.0, bitDepth: 24, date: 2026-07-10 07:15:46 +0000, priority: 5)]
NEAREST FORMAT [__C.AudioStreamBasicDescription(mSampleRate: 48000.0, mFormatID: 1819304813, mFormatFlags: 12, mBytesPerPacket: 6, mFramesPerPacket: 1, mBytesPerFrame: 6, mChannelsPerFrame: 2, mBitsPerChannel: 24, mReserved: 0)]
detected stat CMPlayerStats(sampleRate: 48000.0, bitDepth: 24, date: 2026-07-10 07:15:46 +0000, priority: 5)
[getAllStats] [LosslessSwitcher.CMPlayerStats(sampleRate: 48000.0, bitDepth: 24, date: 2026-07-10 07:15:46 +0000, priority: 5)]
NEAREST FORMAT [__C.AudioStreamBasicDescription(mSampleRate: 48000.0, mFormatID: 1819304813, mFormatFlags: 12, mBytesPerPacket: 6, mFramesPerPacket: 1, mBytesPerFrame: 6, mChannelsPerFrame: 2, mBitsPerChannel: 24, mReserved: 0)]
detected stat CMPlayerStats(sampleRate: 48000.0, bitDepth: 24, date: 2026-07-10 07:15:46 +0000, priority: 5)
[getAllStats] [LosslessSwitcher.CMPlayerStats(sampleRate: 48000.0, bitDepth: 24, date: 2026-07-10 07:15:46 +0000, priority: 5)]
NEAREST FORMAT [__C.AudioStreamBasicDescription(mSampleRate: 48000.0, mFormatID: 1819304813, mFormatFlags: 12, mBytesPerPacket: 6, mFramesPerPacket: 1, mBytesPerFrame: 6, mChannelsPerFrame: 2, mBitsPerChannel: 24, mReserved: 0)]
detected stat CMPlayerStats(sampleRate: 48000.0, bitDepth: 24, date: 2026-07-10 07:15:46 +0000, priority: 5)
[getAllStats] [LosslessSwitcher.CMPlayerStats(sampleRate: 48000.0, bitDepth: 24, date: 2026-07-10 07:15:46 +0000, priority: 5)]
NEAREST FORMAT [__C.AudioStreamBasicDescription(mSampleRate: 48000.0, mFormatID: 1819304813, mFormatFlags: 12, mBytesPerPacket: 6, mFramesPerPacket: 1, mBytesPerFrame: 6, mChannelsPerFrame: 2, mBitsPerChannel: 24, mReserved: 0)]
detected stat CMPlayerStats(sampleRate: 48000.0, bitDepth: 24, date: 2026-07-10 07:15:46 +0000, priority: 5)
[getAllStats] [LosslessSwitcher.CMPlayerStats(sampleRate: 48000.0, bitDepth: 24, date: 2026-07-10 07:15:46 +0000, priority: 5)]
NEAREST FORMAT [__C.AudioStreamBasicDescription(mSampleRate: 48000.0, mFormatID: 1819304813, mFormatFlags: 12, mBytesPerPacket: 6, mFramesPerPacket: 1, mBytesPerFrame: 6, mChannelsPerFrame: 2, mBitsPerChannel: 24, mReserved: 0)]
track 美少女無罪♡パイレーツ-宝鐘マリン-美少女無罪♡パイレーツ - Single 美少女無罪♡パイレーツ
track 美少女無罪♡パイレーツ-宝鐘マリン-美少女無罪♡パイレーツ - Single 美少女無罪♡パイレーツ
detected stat CMPlayerStats(sampleRate: 48000.0, bitDepth: 24, date: 2026-07-10 07:15:58 +0000, priority: 5)
[getAllStats] [LosslessSwitcher.CMPlayerStats(sampleRate: 48000.0, bitDepth: 24, date: 2026-07-10 07:15:58 +0000, priority: 5)]
NEAREST FORMAT [__C.AudioStreamBasicDescription(mSampleRate: 48000.0, mFormatID: 1819304813, mFormatFlags: 12, mBytesPerPacket: 6, mFramesPerPacket: 1, mBytesPerFrame: 6, mChannelsPerFrame: 2, mBitsPerChannel: 24, mReserved: 0)]
detected stat CMPlayerStats(sampleRate: 48000.0, bitDepth: 24, date: 2026-07-10 07:15:58 +0000, priority: 5)
[getAllStats] [LosslessSwitcher.CMPlayerStats(sampleRate: 48000.0, bitDepth: 24, date: 2026-07-10 07:15:58 +0000, priority: 5)]
NEAREST FORMAT [__C.AudioStreamBasicDescription(mSampleRate: 48000.0, mFormatID: 1819304813, mFormatFlags: 12, mBytesPerPacket: 6, mFramesPerPacket: 1, mBytesPerFrame: 6, mChannelsPerFrame: 2, mBitsPerChannel: 24, mReserved: 0)]
horikei@horikeinoMacBook-Air ~ % 
