Last login: Fri Jul 10 16:18:32 on ttys007
horikei@horikeinoMacBook-Air ~ % # 実行中のアプリを終了
killall LosslessSwitcher

# 最新アプリをコピー
cp -R /tmp/LosslessSwitcher.app /Applications/

# ログをターミナルで確認しながら実行
/Applications/LosslessSwitcher.app/Contents/MacOS/LosslessSwitcher

zsh: command not found: #
No matching processes belonging to you were found
zsh: command not found: #
zsh: command not found: #
[OutputDevices] Enforcing default output device to: LosslessSwitcher Virtual Device
[VirtualAudioProxy] starting proxy layer
[VirtualAudioProxy] Microphone permission authorized via AVAudioApplication.
[AudioPluginBridge] Plugin initialization in progress...
[AudioPluginBridge] Plugin initialized successfully (listening to distributed notifications)
[VirtualAudioProxy] Starting dual AVAudioEngine pass-through from LosslessSwitcher Virtual Device to MOONDROP Dawn Pro at 44.1 Hz
[VirtualAudioProxy] Starting dual AVAudioEngine pass-through from LosslessSwitcher Virtual Device to MOONDROP Dawn Pro at 44.1 Hz
[VirtualAudioProxy] Starting dual AVAudioEngine pass-through from LosslessSwitcher Virtual Device to MOONDROP Dawn Pro at 44.1 Hz
track いいわけバニー-兎田ぺこら-いいわけバニー - Single いいわけバニー
[VirtualAudioProxy] Starting dual AVAudioEngine pass-through from LosslessSwitcher Virtual Device to MOONDROP Dawn Pro at 44.1 Hz
[VirtualAudioProxy] Starting dual AVAudioEngine pass-through from LosslessSwitcher Virtual Device to MOONDROP Dawn Pro at 44.1 Hz
track いいわけバニー-兎田ぺこら-いいわけバニー - Single いいわけバニー
[VirtualAudioProxy] Starting dual AVAudioEngine pass-through from LosslessSwitcher Virtual Device to MOONDROP Dawn Pro at 44.1 Hz
[VirtualAudioProxy] Dual AVAudioEngine pass-through started successfully
[VirtualAudioProxy] Dual AVAudioEngine pass-through started successfully
[VirtualAudioProxy] Dual AVAudioEngine pass-through started successfully
[VirtualAudioProxy] Dual AVAudioEngine pass-through started successfully
[VirtualAudioProxy] Dual AVAudioEngine pass-through started successfully
[VirtualAudioProxy] Dual AVAudioEngine pass-through started successfully
[getAllStats] []
[getAllStats] []
track いいわけバニー-兎田ぺこら-いいわけバニー - Single いいわけバニー
track いいわけバニー-兎田ぺこら-いいわけバニー - Single いいわけバニー
detected stat CMPlayerStats(sampleRate: 48000.0, bitDepth: 24, date: 2026-07-10 07:18:49 +0000, priority: 5)
detected stat CMPlayerStats(sampleRate: 48000.0, bitDepth: 24, date: 2026-07-10 07:18:49 +0000, priority: 5)
[getAllStats] [LosslessSwitcher.CMPlayerStats(sampleRate: 48000.0, bitDepth: 24, date: 2026-07-10 07:18:49 +0000, priority: 5)]
[getAllStats] [LosslessSwitcher.CMPlayerStats(sampleRate: 48000.0, bitDepth: 24, date: 2026-07-10 07:18:49 +0000, priority: 5)]
NEAREST FORMAT [__C.AudioStreamBasicDescription(mSampleRate: 48000.0, mFormatID: 1819304813, mFormatFlags: 12, mBytesPerPacket: 6, mFramesPerPacket: 1, mBytesPerFrame: 6, mChannelsPerFrame: 2, mBitsPerChannel: 24, mReserved: 0)]
NEAREST FORMAT [__C.AudioStreamBasicDescription(mSampleRate: 48000.0, mFormatID: 1819304813, mFormatFlags: 12, mBytesPerPacket: 6, mFramesPerPacket: 1, mBytesPerFrame: 6, mChannelsPerFrame: 2, mBitsPerChannel: 24, mReserved: 0)]
[VirtualAudioProxy] AVAudioEngine pass-through stopped
[VirtualAudioProxy] Starting dual AVAudioEngine pass-through from LosslessSwitcher Virtual Device to MOONDROP Dawn Pro at 48.0 Hz
*** Terminating app due to uncaught exception 'com.apple.coreaudio.avfaudio', reason: 'Failed to create tap due to format mismatch, <AVAudioFormat 0x99d83e080:  2 ch,     48 Hz, Float32, deinterleaved>'
*** First throw call stack:
(
	0   CoreFoundation                      0x000000018f4a51c0 __exceptionPreprocess + 176
	1   libobjc.A.dylib                     0x000000018ef2e91c objc_exception_throw + 88
	2   CoreFoundation                      0x000000018f4a50b0 +[NSException exceptionWithName:reason:userInfo:] + 0
	3   AVFAudio                            0x0000000234f44008 _ZN17AVAudioEngineImpl16InstallTapOnNodeEP11AVAudioNodemjP13AVAudioFormatU13block_pointerFvP16AVAudioPCMBufferP11AVAudioTimeE + 1536
	4   AVFAudio                            0x0000000234f223c8 -[AVAudioNode installTapOnBus:bufferSize:format:block:] + 608
	5   LosslessSwitcher                    0x0000000102ee27a0 $s16LosslessSwitcher17VirtualAudioProxyC18restartPassThrough10sampleRateySd_tF + 2596
	6   LosslessSwitcher                    0x0000000102ee1648 $s16LosslessSwitcher17VirtualAudioProxyC13outputDevicesAcA06OutputG0C_tcfcy010SimplyCoreD00D6DeviceCSgcfU_yyScMYccfU_Tm + 164
	7   LosslessSwitcher                    0x0000000102ee38e0 $s16LosslessSwitcher17VirtualAudioProxyC13outputDevicesAcA06OutputG0C_tcfcy010SimplyCoreD00D6DeviceCSgcfU_yyScMYccfU_TA + 16
	8   LosslessSwitcher                    0x0000000102ed4dac $sIegh_IeyBh_TR + 28
	9   libdispatch.dylib                   0x000000018f1bea28 _dispatch_call_block_and_release + 32
	10  libdispatch.dylib                   0x000000018f1d84b0 _dispatch_client_callout + 16
	11  libdispatch.dylib                   0x000000018f1f63f0 _dispatch_main_queue_drain.cold.6 + 832
	12  libdispatch.dylib                   0x000000018f1cd9e4 _dispatch_main_queue_drain + 176
	13  libdispatch.dylib                   0x000000018f1cd924 _dispatch_main_queue_callback_4CF + 44
	14  CoreFoundation                      0x000000018f473724 __CFRUNLOOP_IS_SERVICING_THE_MAIN_DISPATCH_QUEUE__ + 16
	15  CoreFoundation                      0x000000018f435cb8 __CFRunLoopRun + 1944
	16  CoreFoundation                      0x000000018f5081c4 _CFRunLoopRunSpecificWithOptions + 532
	17  HIToolbox                           0x000000019c21b560 RunCurrentEventLoopInMode + 320
	18  HIToolbox                           0x000000019c21e8bc ReceiveNextEventCommon + 488
	19  HIToolbox                           0x000000019c3a814c _BlockUntilNextEventMatchingListInMode + 48
	20  AppKit                              0x0000000193f1035c _DPSBlockUntilNextEventMatchingListInMode + 228
	21  AppKit                              0x0000000193864084 _DPSNextEvent + 576
	22  AppKit                              0x00000001943f98b0 -[NSApplication(NSEventRouting) _nextEventMatchingEventMask:untilDate:inMode:dequeue:] + 688
	23  AppKit                              0x00000001943f95bc -[NSApplication(NSEventRouting) nextEventMatchingMask:untilDate:inMode:dequeue:] + 72
	24  AppKit                              0x000000019385713c -[NSApplication run] + 368
	25  AppKit                              0x000000019382f7b0 NSApplicationMain + 880
	26  SwiftUI                             0x00000001c41e147c $s7SwiftUI6runAppys5NeverOSo21NSApplicationDelegate_So11NSResponderCXcFTf4e_nAA07TestingdG0C_Tg5Tm + 140
	27  SwiftUI                             0x00000001c45974a4 $s7SwiftUI6runAppys5NeverOxAA0D0RzlF + 104
	28  SwiftUI                             0x00000001c4863344 $s7SwiftUI3AppPAAE4mainyyFZ + 224
	29  LosslessSwitcher                    0x0000000102ed7028 main + 64
	30  dyld                                0x000000018efbbe00 start + 6992
)
libc++abi: terminating due to uncaught exception of type NSException
zsh: abort      /Applications/LosslessSwitcher.app/Contents/MacOS/LosslessSwitcher
horikei@horikeinoMacBook-Air ~ % # 実行中のアプリを終了
killall LosslessSwitcher

# 最新アプリをコピー
cp -R /tmp/LosslessSwitcher.app /Applications/

# ログをターミナルで確認しながら実行
/Applications/LosslessSwitcher.app/Contents/MacOS/LosslessSwitcher

zsh: command not found: #
No matching processes belonging to you were found
zsh: command not found: #
zsh: command not found: #
[VirtualAudioProxy] starting proxy layer
[VirtualAudioProxy] Microphone permission authorized via AVAudioApplication.
[AudioPluginBridge] Plugin initialization in progress...
[AudioPluginBridge] Plugin initialized successfully (listening to distributed notifications)
[VirtualAudioProxy] Starting dual AVAudioEngine pass-through from LosslessSwitcher Virtual Device to MOONDROP Dawn Pro at 48.0 Hz
[VirtualAudioProxy] Starting dual AVAudioEngine pass-through from LosslessSwitcher Virtual Device to MOONDROP Dawn Pro at 48.0 Hz
[VirtualAudioProxy] Starting dual AVAudioEngine pass-through from LosslessSwitcher Virtual Device to MOONDROP Dawn Pro at 48.0 Hz
track いいわけバニー-兎田ぺこら-いいわけバニー - Single いいわけバニー
[VirtualAudioProxy] Starting dual AVAudioEngine pass-through from LosslessSwitcher Virtual Device to MOONDROP Dawn Pro at 48.0 Hz
[VirtualAudioProxy] Starting dual AVAudioEngine pass-through from LosslessSwitcher Virtual Device to MOONDROP Dawn Pro at 48.0 Hz
track いいわけバニー-兎田ぺこら-いいわけバニー - Single いいわけバニー
[VirtualAudioProxy] Dual AVAudioEngine pass-through started successfully
[VirtualAudioProxy] Dual AVAudioEngine pass-through started successfully
[VirtualAudioProxy] Dual AVAudioEngine pass-through started successfully
[VirtualAudioProxy] Dual AVAudioEngine pass-through started successfully
[VirtualAudioProxy] Dual AVAudioEngine pass-through started successfully
[getAllStats] []
[getAllStats] []
track いいわけバニー-兎田ぺこら-いいわけバニー - Single いいわけバニー
track いいわけバニー-兎田ぺこら-いいわけバニー - Single いいわけバニー
[getAllStats] []
[getAllStats] []
same track, ignore cache
same track, ignore cache
[getAllStats] []
[getAllStats] []
[getAllStats] []
[getAllStats] []
[getAllStats] []
[getAllStats] []
[getAllStats] []
same track, ignore cache
[getAllStats] []
same track, ignore cache
track いいわけバニー-兎田ぺこら-いいわけバニー - Single いいわけバニー
track いいわけバニー-兎田ぺこら-いいわけバニー - Single いいわけバニー
[getAllStats] []
same track, ignore cache
[getAllStats] []
same track, ignore cache
[getAllStats] []
same track, ignore cache
[getAllStats] []
same track, ignore cache
[getAllStats] []
[getAllStats] []
[getAllStats] []
same track, ignore cache
[getAllStats] []
same track, ignore cache
[getAllStats] []
[getAllStats] []
[getAllStats] []
[getAllStats] []
[getAllStats] []
same track, ignore cache
[getAllStats] []
same track, ignore cache
[getAllStats] []
same track, ignore cache
[getAllStats] []
same track, ignore cache
track いいわけバニー-兎田ぺこら-いいわけバニー - Single いいわけバニー
track いいわけバニー-兎田ぺこら-いいわけバニー - Single いいわけバニー
detected stat CMPlayerStats(sampleRate: 48000.0, bitDepth: 24, date: 2026-07-10 07:19:16 +0000, priority: 5)
[getAllStats] [LosslessSwitcher.CMPlayerStats(sampleRate: 48000.0, bitDepth: 24, date: 2026-07-10 07:19:16 +0000, priority: 5)]
NEAREST FORMAT [__C.AudioStreamBasicDescription(mSampleRate: 48000.0, mFormatID: 1819304813, mFormatFlags: 12, mBytesPerPacket: 6, mFramesPerPacket: 1, mBytesPerFrame: 6, mChannelsPerFrame: 2, mBitsPerChannel: 24, mReserved: 0)]
detected stat CMPlayerStats(sampleRate: 48000.0, bitDepth: 24, date: 2026-07-10 07:19:16 +0000, priority: 5)
[getAllStats] [LosslessSwitcher.CMPlayerStats(sampleRate: 48000.0, bitDepth: 24, date: 2026-07-10 07:19:16 +0000, priority: 5)]
NEAREST FORMAT [__C.AudioStreamBasicDescription(mSampleRate: 48000.0, mFormatID: 1819304813, mFormatFlags: 12, mBytesPerPacket: 6, mFramesPerPacket: 1, mBytesPerFrame: 6, mChannelsPerFrame: 2, mBitsPerChannel: 24, mReserved: 0), __C.AudioStreamBasicDescription(mSampleRate: 48000.0, mFormatID: 1819304813, mFormatFlags: 76, mBytesPerPacket: 6, mFramesPerPacket: 1, mBytesPerFrame: 6, mChannelsPerFrame: 2, mBitsPerChannel: 24, mReserved: 0)]
detected stat CMPlayerStats(sampleRate: 48000.0, bitDepth: 24, date: 2026-07-10 07:19:16 +0000, priority: 5)
[getAllStats] [LosslessSwitcher.CMPlayerStats(sampleRate: 48000.0, bitDepth: 24, date: 2026-07-10 07:19:16 +0000, priority: 5)]
NEAREST FORMAT [__C.AudioStreamBasicDescription(mSampleRate: 48000.0, mFormatID: 1819304813, mFormatFlags: 12, mBytesPerPacket: 6, mFramesPerPacket: 1, mBytesPerFrame: 6, mChannelsPerFrame: 2, mBitsPerChannel: 24, mReserved: 0), __C.AudioStreamBasicDescription(mSampleRate: 48000.0, mFormatID: 1819304813, mFormatFlags: 76, mBytesPerPacket: 6, mFramesPerPacket: 1, mBytesPerFrame: 6, mChannelsPerFrame: 2, mBitsPerChannel: 24, mReserved: 0)]
detected stat CMPlayerStats(sampleRate: 48000.0, bitDepth: 24, date: 2026-07-10 07:19:16 +0000, priority: 5)
[getAllStats] [LosslessSwitcher.CMPlayerStats(sampleRate: 48000.0, bitDepth: 24, date: 2026-07-10 07:19:16 +0000, priority: 5)]
NEAREST FORMAT [__C.AudioStreamBasicDescription(mSampleRate: 48000.0, mFormatID: 1819304813, mFormatFlags: 12, mBytesPerPacket: 6, mFramesPerPacket: 1, mBytesPerFrame: 6, mChannelsPerFrame: 2, mBitsPerChannel: 24, mReserved: 0)]
horikei@horikeinoMacBook-Air ~ % 
