Last login: Fri Jul 10 16:40:05 on ttys004
horikei@horikeinoMacBook-Air ~ % # 実行中のアプリを終了
killall LosslessSwitcher

# 最新アプリをコピー
cp -R /tmp/LosslessSwitcher.app /Applications/

# ログをターミナルで確認しながら実行
/Applications/LosslessSwitcher.app/Contents/MacOS/LosslessSwitcher

zsh: command not found: #
No matching processes belonging to you were found
zsh: command not found: #
zsh: command not found: #
[VirtualAudioProxy] starting proxy layer
[VirtualAudioProxy] Microphone permission authorized via AVAudioApplication.
[AudioPluginBridge] Plugin initialization in progress...
[AudioPluginBridge] Plugin initialized successfully (listening to distributed notifications)
[VirtualAudioProxy] Starting dual AVAudioEngine pass-through (AVAudioSourceNode Jitter Buffer) from LosslessSwitcher Virtual Device to MOONDROP Dawn Pro at 48.0 Hz
[VirtualAudioProxy] Starting dual AVAudioEngine pass-through (AVAudioSourceNode Jitter Buffer) from LosslessSwitcher Virtual Device to MOONDROP Dawn Pro at 48.0 Hz
[VirtualAudioProxy] Starting dual AVAudioEngine pass-through (AVAudioSourceNode Jitter Buffer) from LosslessSwitcher Virtual Device to MOONDROP Dawn Pro at 48.0 Hz
[VirtualAudioProxy] Starting dual AVAudioEngine pass-through (AVAudioSourceNode Jitter Buffer) from LosslessSwitcher Virtual Device to MOONDROP Dawn Pro at 48.0 Hz
[VirtualAudioProxy] Starting dual AVAudioEngine pass-through (AVAudioSourceNode Jitter Buffer) from LosslessSwitcher Virtual Device to MOONDROP Dawn Pro at 48.0 Hz
track 明日への境界線-雪花ラミィ-明日への境界線 - Single 明日への境界線
track 明日への境界線-雪花ラミィ-明日への境界線 - Single 明日への境界線
[VirtualAudioProxy] Dual AVAudioEngine (AVAudioSourceNode) pass-through started successfully
[VirtualAudioProxy] Dual AVAudioEngine (AVAudioSourceNode) pass-through started successfully
[VirtualAudioProxy] Dual AVAudioEngine (AVAudioSourceNode) pass-through started successfully
[VirtualAudioProxy] Dual AVAudioEngine (AVAudioSourceNode) pass-through started successfully
[VirtualAudioProxy] Dual AVAudioEngine (AVAudioSourceNode) pass-through started successfully
[getAllStats] []
[getAllStats] []
[getAllStats] []
[getAllStats] []
[getAllStats] []
[getAllStats] []
[getAllStats] []
[getAllStats] []
[getAllStats] []
[getAllStats] []
[getAllStats] []
[getAllStats] []
[getAllStats] []
[getAllStats] []
track 明日への境界線-雪花ラミィ-明日への境界線 - Single 明日への境界線
track 明日への境界線-雪花ラミィ-明日への境界線 - Single 明日への境界線
[getAllStats] []
[getAllStats] []
[getAllStats] []
[getAllStats] []
[getAllStats] []
[getAllStats] []
track 明日への境界線-雪花ラミィ-明日への境界線 - Single 明日への境界線
track 明日への境界線-雪花ラミィ-明日への境界線 - Single 明日への境界線
detected stat CMPlayerStats(sampleRate: 48000.0, bitDepth: 24, date: 2026-07-10 07:42:53 +0000, priority: 5)
[getAllStats] [LosslessSwitcher.CMPlayerStats(sampleRate: 48000.0, bitDepth: 24, date: 2026-07-10 07:42:53 +0000, priority: 5)]
NEAREST FORMAT [__C.AudioStreamBasicDescription(mSampleRate: 48000.0, mFormatID: 1819304813, mFormatFlags: 12, mBytesPerPacket: 6, mFramesPerPacket: 1, mBytesPerFrame: 6, mChannelsPerFrame: 2, mBitsPerChannel: 24, mReserved: 0)]
detected stat CMPlayerStats(sampleRate: 48000.0, bitDepth: 24, date: 2026-07-10 07:42:53 +0000, priority: 5)
[getAllStats] [LosslessSwitcher.CMPlayerStats(sampleRate: 48000.0, bitDepth: 24, date: 2026-07-10 07:42:53 +0000, priority: 5)]
NEAREST FORMAT [__C.AudioStreamBasicDescription(mSampleRate: 48000.0, mFormatID: 1819304813, mFormatFlags: 12, mBytesPerPacket: 6, mFramesPerPacket: 1, mBytesPerFrame: 6, mChannelsPerFrame: 2, mBitsPerChannel: 24, mReserved: 0)]
detected stat CMPlayerStats(sampleRate: 48000.0, bitDepth: 24, date: 2026-07-10 07:42:53 +0000, priority: 5)
[getAllStats] [LosslessSwitcher.CMPlayerStats(sampleRate: 48000.0, bitDepth: 24, date: 2026-07-10 07:42:53 +0000, priority: 5)]
NEAREST FORMAT [__C.AudioStreamBasicDescription(mSampleRate: 48000.0, mFormatID: 1819304813, mFormatFlags: 12, mBytesPerPacket: 6, mFramesPerPacket: 1, mBytesPerFrame: 6, mChannelsPerFrame: 2, mBitsPerChannel: 24, mReserved: 0)]
detected stat CMPlayerStats(sampleRate: 48000.0, bitDepth: 24, date: 2026-07-10 07:42:53 +0000, priority: 5)
[getAllStats] [LosslessSwitcher.CMPlayerStats(sampleRate: 48000.0, bitDepth: 24, date: 2026-07-10 07:42:53 +0000, priority: 5)]
NEAREST FORMAT [__C.AudioStreamBasicDescription(mSampleRate: 48000.0, mFormatID: 1819304813, mFormatFlags: 12, mBytesPerPacket: 6, mFramesPerPacket: 1, mBytesPerFrame: 6, mChannelsPerFrame: 2, mBitsPerChannel: 24, mReserved: 0)]
detected stat CMPlayerStats(sampleRate: 48000.0, bitDepth: 24, date: 2026-07-10 07:42:53 +0000, priority: 5)
[getAllStats] [LosslessSwitcher.CMPlayerStats(sampleRate: 48000.0, bitDepth: 24, date: 2026-07-10 07:42:53 +0000, priority: 5)]
NEAREST FORMAT [__C.AudioStreamBasicDescription(mSampleRate: 48000.0, mFormatID: 1819304813, mFormatFlags: 12, mBytesPerPacket: 6, mFramesPerPacket: 1, mBytesPerFrame: 6, mChannelsPerFrame: 2, mBitsPerChannel: 24, mReserved: 0)]
detected stat CMPlayerStats(sampleRate: 48000.0, bitDepth: 24, date: 2026-07-10 07:42:53 +0000, priority: 5)
[getAllStats] [LosslessSwitcher.CMPlayerStats(sampleRate: 48000.0, bitDepth: 24, date: 2026-07-10 07:42:53 +0000, priority: 5)]
NEAREST FORMAT [__C.AudioStreamBasicDescription(mSampleRate: 48000.0, mFormatID: 1819304813, mFormatFlags: 12, mBytesPerPacket: 6, mFramesPerPacket: 1, mBytesPerFrame: 6, mChannelsPerFrame: 2, mBitsPerChannel: 24, mReserved: 0)]
track 明日への境界線-雪花ラミィ-明日への境界線 - Single 明日への境界線
track 明日への境界線-雪花ラミィ-明日への境界線 - Single 明日への境界線
track 明日への境界線-雪花ラミィ-明日への境界線 - Single 明日への境界線
track 明日への境界線-雪花ラミィ-明日への境界線 - Single 明日への境界線
detected stat CMPlayerStats(sampleRate: 48000.0, bitDepth: 24, date: 2026-07-10 07:42:56 +0000, priority: 5)
[getAllStats] [LosslessSwitcher.CMPlayerStats(sampleRate: 48000.0, bitDepth: 24, date: 2026-07-10 07:42:56 +0000, priority: 5)]
NEAREST FORMAT [__C.AudioStreamBasicDescription(mSampleRate: 48000.0, mFormatID: 1819304813, mFormatFlags: 12, mBytesPerPacket: 6, mFramesPerPacket: 1, mBytesPerFrame: 6, mChannelsPerFrame: 2, mBitsPerChannel: 24, mReserved: 0)]
detected stat CMPlayerStats(sampleRate: 48000.0, bitDepth: 24, date: 2026-07-10 07:42:56 +0000, priority: 5)
[getAllStats] [LosslessSwitcher.CMPlayerStats(sampleRate: 48000.0, bitDepth: 24, date: 2026-07-10 07:42:56 +0000, priority: 5)]
NEAREST FORMAT [__C.AudioStreamBasicDescription(mSampleRate: 48000.0, mFormatID: 1819304813, mFormatFlags: 12, mBytesPerPacket: 6, mFramesPerPacket: 1, mBytesPerFrame: 6, mChannelsPerFrame: 2, mBitsPerChannel: 24, mReserved: 0)]
detected stat CMPlayerStats(sampleRate: 48000.0, bitDepth: 24, date: 2026-07-10 07:42:56 +0000, priority: 5)
[getAllStats] [LosslessSwitcher.CMPlayerStats(sampleRate: 48000.0, bitDepth: 24, date: 2026-07-10 07:42:56 +0000, priority: 5)]
NEAREST FORMAT [__C.AudioStreamBasicDescription(mSampleRate: 48000.0, mFormatID: 1819304813, mFormatFlags: 12, mBytesPerPacket: 6, mFramesPerPacket: 1, mBytesPerFrame: 6, mChannelsPerFrame: 2, mBitsPerChannel: 24, mReserved: 0)]
detected stat CMPlayerStats(sampleRate: 48000.0, bitDepth: 24, date: 2026-07-10 07:42:56 +0000, priority: 5)
[getAllStats] [LosslessSwitcher.CMPlayerStats(sampleRate: 48000.0, bitDepth: 24, date: 2026-07-10 07:42:56 +0000, priority: 5)]
NEAREST FORMAT [__C.AudioStreamBasicDescription(mSampleRate: 48000.0, mFormatID: 1819304813, mFormatFlags: 12, mBytesPerPacket: 6, mFramesPerPacket: 1, mBytesPerFrame: 6, mChannelsPerFrame: 2, mBitsPerChannel: 24, mReserved: 0)]
detected stat CMPlayerStats(sampleRate: 48000.0, bitDepth: 24, date: 2026-07-10 07:42:56 +0000, priority: 5)
[getAllStats] [LosslessSwitcher.CMPlayerStats(sampleRate: 48000.0, bitDepth: 24, date: 2026-07-10 07:42:56 +0000, priority: 5)]
NEAREST FORMAT [__C.AudioStreamBasicDescription(mSampleRate: 48000.0, mFormatID: 1819304813, mFormatFlags: 12, mBytesPerPacket: 6, mFramesPerPacket: 1, mBytesPerFrame: 6, mChannelsPerFrame: 2, mBitsPerChannel: 24, mReserved: 0)]
detected stat CMPlayerStats(sampleRate: 48000.0, bitDepth: 24, date: 2026-07-10 07:42:56 +0000, priority: 5)
[getAllStats] [LosslessSwitcher.CMPlayerStats(sampleRate: 48000.0, bitDepth: 24, date: 2026-07-10 07:42:56 +0000, priority: 5)]
NEAREST FORMAT [__C.AudioStreamBasicDescription(mSampleRate: 48000.0, mFormatID: 1819304813, mFormatFlags: 12, mBytesPerPacket: 6, mFramesPerPacket: 1, mBytesPerFrame: 6, mChannelsPerFrame: 2, mBitsPerChannel: 24, mReserved: 0)]
detected stat CMPlayerStats(sampleRate: 48000.0, bitDepth: 24, date: 2026-07-10 07:42:56 +0000, priority: 5)
[getAllStats] [LosslessSwitcher.CMPlayerStats(sampleRate: 48000.0, bitDepth: 24, date: 2026-07-10 07:42:56 +0000, priority: 5)]
NEAREST FORMAT [__C.AudioStreamBasicDescription(mSampleRate: 48000.0, mFormatID: 1819304813, mFormatFlags: 12, mBytesPerPacket: 6, mFramesPerPacket: 1, mBytesPerFrame: 6, mChannelsPerFrame: 2, mBitsPerChannel: 24, mReserved: 0)]
detected stat CMPlayerStats(sampleRate: 48000.0, bitDepth: 24, date: 2026-07-10 07:42:56 +0000, priority: 5)
[getAllStats] [LosslessSwitcher.CMPlayerStats(sampleRate: 48000.0, bitDepth: 24, date: 2026-07-10 07:42:56 +0000, priority: 5)]
NEAREST FORMAT [__C.AudioStreamBasicDescription(mSampleRate: 48000.0, mFormatID: 1819304813, mFormatFlags: 12, mBytesPerPacket: 6, mFramesPerPacket: 1, mBytesPerFrame: 6, mChannelsPerFrame: 2, mBitsPerChannel: 24, mReserved: 0)]
detected stat CMPlayerStats(sampleRate: 48000.0, bitDepth: 24, date: 2026-07-10 07:42:56 +0000, priority: 5)
[getAllStats] [LosslessSwitcher.CMPlayerStats(sampleRate: 48000.0, bitDepth: 24, date: 2026-07-10 07:42:56 +0000, priority: 5)]
NEAREST FORMAT [__C.AudioStreamBasicDescription(mSampleRate: 48000.0, mFormatID: 1819304813, mFormatFlags: 12, mBytesPerPacket: 6, mFramesPerPacket: 1, mBytesPerFrame: 6, mChannelsPerFrame: 2, mBitsPerChannel: 24, mReserved: 0)]
detected stat CMPlayerStats(sampleRate: 48000.0, bitDepth: 24, date: 2026-07-10 07:42:56 +0000, priority: 5)
[getAllStats] [LosslessSwitcher.CMPlayerStats(sampleRate: 48000.0, bitDepth: 24, date: 2026-07-10 07:42:56 +0000, priority: 5)]
NEAREST FORMAT [__C.AudioStreamBasicDescription(mSampleRate: 48000.0, mFormatID: 1819304813, mFormatFlags: 12, mBytesPerPacket: 6, mFramesPerPacket: 1, mBytesPerFrame: 6, mChannelsPerFrame: 2, mBitsPerChannel: 24, mReserved: 0)]
track GREATEST-音乃瀬奏-GREATEST - Single GREATEST
track GREATEST-音乃瀬奏-GREATEST - Single GREATEST
track GREATEST-音乃瀬奏-GREATEST - Single GREATEST
track GREATEST-音乃瀬奏-GREATEST - Single GREATEST
detected stat CMPlayerStats(sampleRate: 48000.0, bitDepth: 24, date: 2026-07-10 07:43:01 +0000, priority: 5)
[getAllStats] [LosslessSwitcher.CMPlayerStats(sampleRate: 48000.0, bitDepth: 24, date: 2026-07-10 07:43:01 +0000, priority: 5)]
NEAREST FORMAT [__C.AudioStreamBasicDescription(mSampleRate: 48000.0, mFormatID: 1819304813, mFormatFlags: 12, mBytesPerPacket: 6, mFramesPerPacket: 1, mBytesPerFrame: 6, mChannelsPerFrame: 2, mBitsPerChannel: 24, mReserved: 0)]
detected stat CMPlayerStats(sampleRate: 48000.0, bitDepth: 24, date: 2026-07-10 07:43:01 +0000, priority: 5)
[getAllStats] [LosslessSwitcher.CMPlayerStats(sampleRate: 48000.0, bitDepth: 24, date: 2026-07-10 07:43:01 +0000, priority: 5)]
NEAREST FORMAT [__C.AudioStreamBasicDescription(mSampleRate: 48000.0, mFormatID: 1819304813, mFormatFlags: 12, mBytesPerPacket: 6, mFramesPerPacket: 1, mBytesPerFrame: 6, mChannelsPerFrame: 2, mBitsPerChannel: 24, mReserved: 0)]
detected stat CMPlayerStats(sampleRate: 48000.0, bitDepth: 24, date: 2026-07-10 07:43:01 +0000, priority: 5)
[getAllStats] [LosslessSwitcher.CMPlayerStats(sampleRate: 48000.0, bitDepth: 24, date: 2026-07-10 07:43:01 +0000, priority: 5)]
NEAREST FORMAT [__C.AudioStreamBasicDescription(mSampleRate: 48000.0, mFormatID: 1819304813, mFormatFlags: 12, mBytesPerPacket: 6, mFramesPerPacket: 1, mBytesPerFrame: 6, mChannelsPerFrame: 2, mBitsPerChannel: 24, mReserved: 0)]
detected stat CMPlayerStats(sampleRate: 48000.0, bitDepth: 24, date: 2026-07-10 07:43:01 +0000, priority: 5)
[getAllStats] [LosslessSwitcher.CMPlayerStats(sampleRate: 48000.0, bitDepth: 24, date: 2026-07-10 07:43:01 +0000, priority: 5)]
NEAREST FORMAT [__C.AudioStreamBasicDescription(mSampleRate: 48000.0, mFormatID: 1819304813, mFormatFlags: 12, mBytesPerPacket: 6, mFramesPerPacket: 1, mBytesPerFrame: 6, mChannelsPerFrame: 2, mBitsPerChannel: 24, mReserved: 0)]
detected stat CMPlayerStats(sampleRate: 48000.0, bitDepth: 24, date: 2026-07-10 07:43:01 +0000, priority: 5)
[getAllStats] [LosslessSwitcher.CMPlayerStats(sampleRate: 48000.0, bitDepth: 24, date: 2026-07-10 07:43:01 +0000, priority: 5)]
NEAREST FORMAT [__C.AudioStreamBasicDescription(mSampleRate: 48000.0, mFormatID: 1819304813, mFormatFlags: 12, mBytesPerPacket: 6, mFramesPerPacket: 1, mBytesPerFrame: 6, mChannelsPerFrame: 2, mBitsPerChannel: 24, mReserved: 0)]
detected stat CMPlayerStats(sampleRate: 48000.0, bitDepth: 24, date: 2026-07-10 07:43:01 +0000, priority: 5)
[getAllStats] [LosslessSwitcher.CMPlayerStats(sampleRate: 48000.0, bitDepth: 24, date: 2026-07-10 07:43:01 +0000, priority: 5)]
NEAREST FORMAT [__C.AudioStreamBasicDescription(mSampleRate: 48000.0, mFormatID: 1819304813, mFormatFlags: 12, mBytesPerPacket: 6, mFramesPerPacket: 1, mBytesPerFrame: 6, mChannelsPerFrame: 2, mBitsPerChannel: 24, mReserved: 0)]
detected stat CMPlayerStats(sampleRate: 48000.0, bitDepth: 24, date: 2026-07-10 07:43:01 +0000, priority: 5)
[getAllStats] [LosslessSwitcher.CMPlayerStats(sampleRate: 48000.0, bitDepth: 24, date: 2026-07-10 07:43:01 +0000, priority: 5)]
NEAREST FORMAT [__C.AudioStreamBasicDescription(mSampleRate: 48000.0, mFormatID: 1819304813, mFormatFlags: 12, mBytesPerPacket: 6, mFramesPerPacket: 1, mBytesPerFrame: 6, mChannelsPerFrame: 2, mBitsPerChannel: 24, mReserved: 0)]
detected stat CMPlayerStats(sampleRate: 48000.0, bitDepth: 24, date: 2026-07-10 07:43:01 +0000, priority: 5)
[getAllStats] [LosslessSwitcher.CMPlayerStats(sampleRate: 48000.0, bitDepth: 24, date: 2026-07-10 07:43:01 +0000, priority: 5)]
NEAREST FORMAT [__C.AudioStreamBasicDescription(mSampleRate: 48000.0, mFormatID: 1819304813, mFormatFlags: 12, mBytesPerPacket: 6, mFramesPerPacket: 1, mBytesPerFrame: 6, mChannelsPerFrame: 2, mBitsPerChannel: 24, mReserved: 0)]
track GREATEST-音乃瀬奏-GREATEST - Single GREATEST
track GREATEST-音乃瀬奏-GREATEST - Single GREATEST
detected stat CMPlayerStats(sampleRate: 48000.0, bitDepth: 24, date: 2026-07-10 07:43:05 +0000, priority: 5)
[getAllStats] [LosslessSwitcher.CMPlayerStats(sampleRate: 48000.0, bitDepth: 24, date: 2026-07-10 07:43:05 +0000, priority: 5)]
NEAREST FORMAT [__C.AudioStreamBasicDescription(mSampleRate: 48000.0, mFormatID: 1819304813, mFormatFlags: 12, mBytesPerPacket: 6, mFramesPerPacket: 1, mBytesPerFrame: 6, mChannelsPerFrame: 2, mBitsPerChannel: 24, mReserved: 0)]
detected stat CMPlayerStats(sampleRate: 48000.0, bitDepth: 24, date: 2026-07-10 07:43:05 +0000, priority: 5)
[getAllStats] [LosslessSwitcher.CMPlayerStats(sampleRate: 48000.0, bitDepth: 24, date: 2026-07-10 07:43:05 +0000, priority: 5)]
NEAREST FORMAT [__C.AudioStreamBasicDescription(mSampleRate: 48000.0, mFormatID: 1819304813, mFormatFlags: 12, mBytesPerPacket: 6, mFramesPerPacket: 1, mBytesPerFrame: 6, mChannelsPerFrame: 2, mBitsPerChannel: 24, mReserved: 0)]
detected stat CMPlayerStats(sampleRate: 48000.0, bitDepth: 24, date: 2026-07-10 07:43:05 +0000, priority: 5)
[getAllStats] [LosslessSwitcher.CMPlayerStats(sampleRate: 48000.0, bitDepth: 24, date: 2026-07-10 07:43:05 +0000, priority: 5)]
NEAREST FORMAT [__C.AudioStreamBasicDescription(mSampleRate: 48000.0, mFormatID: 1819304813, mFormatFlags: 12, mBytesPerPacket: 6, mFramesPerPacket: 1, mBytesPerFrame: 6, mChannelsPerFrame: 2, mBitsPerChannel: 24, mReserved: 0)]
detected stat CMPlayerStats(sampleRate: 48000.0, bitDepth: 24, date: 2026-07-10 07:43:05 +0000, priority: 5)
[getAllStats] [LosslessSwitcher.CMPlayerStats(sampleRate: 48000.0, bitDepth: 24, date: 2026-07-10 07:43:05 +0000, priority: 5)]
NEAREST FORMAT [__C.AudioStreamBasicDescription(mSampleRate: 48000.0, mFormatID: 1819304813, mFormatFlags: 12, mBytesPerPacket: 6, mFramesPerPacket: 1, mBytesPerFrame: 6, mChannelsPerFrame: 2, mBitsPerChannel: 24, mReserved: 0)]
detected stat CMPlayerStats(sampleRate: 48000.0, bitDepth: 24, date: 2026-07-10 07:43:05 +0000, priority: 5)
[getAllStats] [LosslessSwitcher.CMPlayerStats(sampleRate: 48000.0, bitDepth: 24, date: 2026-07-10 07:43:05 +0000, priority: 5)]
NEAREST FORMAT [__C.AudioStreamBasicDescription(mSampleRate: 48000.0, mFormatID: 1819304813, mFormatFlags: 12, mBytesPerPacket: 6, mFramesPerPacket: 1, mBytesPerFrame: 6, mChannelsPerFrame: 2, mBitsPerChannel: 24, mReserved: 0)]
detected stat CMPlayerStats(sampleRate: 48000.0, bitDepth: 24, date: 2026-07-10 07:43:05 +0000, priority: 5)
[getAllStats] [LosslessSwitcher.CMPlayerStats(sampleRate: 48000.0, bitDepth: 24, date: 2026-07-10 07:43:05 +0000, priority: 5)]
NEAREST FORMAT [__C.AudioStreamBasicDescription(mSampleRate: 48000.0, mFormatID: 1819304813, mFormatFlags: 12, mBytesPerPacket: 6, mFramesPerPacket: 1, mBytesPerFrame: 6, mChannelsPerFrame: 2, mBitsPerChannel: 24, mReserved: 0)]
detected stat CMPlayerStats(sampleRate: 48000.0, bitDepth: 24, date: 2026-07-10 07:43:05 +0000, priority: 5)
[getAllStats] [LosslessSwitcher.CMPlayerStats(sampleRate: 48000.0, bitDepth: 24, date: 2026-07-10 07:43:05 +0000, priority: 5)]
NEAREST FORMAT [__C.AudioStreamBasicDescription(mSampleRate: 48000.0, mFormatID: 1819304813, mFormatFlags: 12, mBytesPerPacket: 6, mFramesPerPacket: 1, mBytesPerFrame: 6, mChannelsPerFrame: 2, mBitsPerChannel: 24, mReserved: 0)]
detected stat CMPlayerStats(sampleRate: 48000.0, bitDepth: 24, date: 2026-07-10 07:43:05 +0000, priority: 5)
[getAllStats] [LosslessSwitcher.CMPlayerStats(sampleRate: 48000.0, bitDepth: 24, date: 2026-07-10 07:43:05 +0000, priority: 5)]
NEAREST FORMAT [__C.AudioStreamBasicDescription(mSampleRate: 48000.0, mFormatID: 1819304813, mFormatFlags: 12, mBytesPerPacket: 6, mFramesPerPacket: 1, mBytesPerFrame: 6, mChannelsPerFrame: 2, mBitsPerChannel: 24, mReserved: 0)]
horikei@horikeinoMacBook-Air ~ % 
