Last login: Fri Jul 10 16:45:04 on ttys004
horikei@horikeinoMacBook-Air ~ % # 実行中のアプリを終了
killall LosslessSwitcher

# 最新アプリをコピー
cp -R /tmp/LosslessSwitcher.app /Applications/

# ログをターミナルで確認しながら実行
/Applications/LosslessSwitcher.app/Contents/MacOS/LosslessSwitcher

zsh: command not found: #
No matching processes belonging to you were found
zsh: command not found: #
zsh: command not found: #
[VirtualAudioProxy] starting proxy layer
[VirtualAudioProxy] Microphone permission authorized via AVAudioApplication.
[AudioPluginBridge] Plugin initialization in progress...
[AudioPluginBridge] Plugin initialized successfully (listening to distributed notifications)
[VirtualAudioProxy] Starting dual AVAudioEngine pass-through (AVAudioSourceNode Jitter Buffer) from LosslessSwitcher Virtual Device to MOONDROP Dawn Pro at 48.0 Hz
[VirtualAudioProxy] Starting dual AVAudioEngine pass-through (AVAudioSourceNode Jitter Buffer) from LosslessSwitcher Virtual Device to MOONDROP Dawn Pro at 48.0 Hz
[VirtualAudioProxy] Starting dual AVAudioEngine pass-through (AVAudioSourceNode Jitter Buffer) from LosslessSwitcher Virtual Device to MOONDROP Dawn Pro at 48.0 Hz
[VirtualAudioProxy] Starting dual AVAudioEngine pass-through (AVAudioSourceNode Jitter Buffer) from LosslessSwitcher Virtual Device to MOONDROP Dawn Pro at 48.0 Hz
[VirtualAudioProxy] Starting dual AVAudioEngine pass-through (AVAudioSourceNode Jitter Buffer) from LosslessSwitcher Virtual Device to MOONDROP Dawn Pro at 48.0 Hz
track GREATEST-音乃瀬奏-GREATEST - Single GREATEST
track GREATEST-音乃瀬奏-GREATEST - Single GREATEST
[VirtualAudioProxy] Dual AVAudioEngine (AVAudioSourceNode) pass-through started successfully
[VirtualAudioProxy] Dual AVAudioEngine (AVAudioSourceNode) pass-through started successfully
[VirtualAudioProxy] Dual AVAudioEngine (AVAudioSourceNode) pass-through started successfully
[VirtualAudioProxy] Dual AVAudioEngine (AVAudioSourceNode) pass-through started successfully
[VirtualAudioProxy] Dual AVAudioEngine (AVAudioSourceNode) pass-through started successfully
2026-07-10 16:47:37.341 LosslessSwitcher[13466:160713] [ProxyRender] available: 4992, threshold: 480, isPlaying: 0
2026-07-10 16:47:37.341 LosslessSwitcher[13466:160713] [ProxyRender] available: 4480, threshold: 480, isPlaying: 1
2026-07-10 16:47:37.341 LosslessSwitcher[13466:160713] [ProxyRender] available: 3968, threshold: 480, isPlaying: 1
2026-07-10 16:47:37.341 LosslessSwitcher[13466:160713] [ProxyRender] available: 3456, threshold: 480, isPlaying: 1
2026-07-10 16:47:37.341 LosslessSwitcher[13466:160713] [ProxyRender] available: 2944, threshold: 480, isPlaying: 1
[getAllStats] []
[getAllStats] []
2026-07-10 16:47:38.407 LosslessSwitcher[13466:160713] [ProxyRender] available: 256, threshold: 480, isPlaying: 0
2026-07-10 16:47:38.407 LosslessSwitcher[13466:160713] [ProxyRender] available: 256, threshold: 480, isPlaying: 0
2026-07-10 16:47:38.407 LosslessSwitcher[13466:160713] [ProxyRender] available: 256, threshold: 480, isPlaying: 0
2026-07-10 16:47:38.408 LosslessSwitcher[13466:160713] [ProxyRender] available: 256, threshold: 480, isPlaying: 0
2026-07-10 16:47:38.408 LosslessSwitcher[13466:160713] [ProxyRender] available: 256, threshold: 480, isPlaying: 0
[getAllStats] []
[getAllStats] []
2026-07-10 16:47:39.474 LosslessSwitcher[13466:160713] [ProxyRender] available: 320, threshold: 480, isPlaying: 0
2026-07-10 16:47:39.474 LosslessSwitcher[13466:160713] [ProxyRender] available: 320, threshold: 480, isPlaying: 0
2026-07-10 16:47:39.474 LosslessSwitcher[13466:160713] [ProxyRender] available: 320, threshold: 480, isPlaying: 0
2026-07-10 16:47:39.474 LosslessSwitcher[13466:160713] [ProxyRender] available: 320, threshold: 480, isPlaying: 0
2026-07-10 16:47:39.474 LosslessSwitcher[13466:160713] [ProxyRender] available: 320, threshold: 480, isPlaying: 0
[getAllStats] []
[getAllStats] []
2026-07-10 16:47:40.541 LosslessSwitcher[13466:160713] [ProxyRender] available: 4992, threshold: 480, isPlaying: 0
2026-07-10 16:47:40.541 LosslessSwitcher[13466:160713] [ProxyRender] available: 4480, threshold: 480, isPlaying: 1
2026-07-10 16:47:40.541 LosslessSwitcher[13466:160713] [ProxyRender] available: 3968, threshold: 480, isPlaying: 1
2026-07-10 16:47:40.541 LosslessSwitcher[13466:160713] [ProxyRender] available: 3456, threshold: 480, isPlaying: 1
2026-07-10 16:47:40.541 LosslessSwitcher[13466:160713] [ProxyRender] available: 2944, threshold: 480, isPlaying: 1
[getAllStats] []
[getAllStats] []
[getAllStats] []
[getAllStats] []
2026-07-10 16:47:41.607 LosslessSwitcher[13466:160713] [ProxyRender] available: 256, threshold: 480, isPlaying: 0
2026-07-10 16:47:41.607 LosslessSwitcher[13466:160713] [ProxyRender] available: 256, threshold: 480, isPlaying: 0
2026-07-10 16:47:41.607 LosslessSwitcher[13466:160713] [ProxyRender] available: 256, threshold: 480, isPlaying: 0
2026-07-10 16:47:41.607 LosslessSwitcher[13466:160713] [ProxyRender] available: 256, threshold: 480, isPlaying: 0
2026-07-10 16:47:41.607 LosslessSwitcher[13466:160713] [ProxyRender] available: 256, threshold: 480, isPlaying: 0
2026-07-10 16:47:42.674 LosslessSwitcher[13466:160713] [ProxyRender] available: 320, threshold: 480, isPlaying: 0
2026-07-10 16:47:42.674 LosslessSwitcher[13466:160713] [ProxyRender] available: 320, threshold: 480, isPlaying: 0
2026-07-10 16:47:42.674 LosslessSwitcher[13466:160713] [ProxyRender] available: 320, threshold: 480, isPlaying: 0
2026-07-10 16:47:42.674 LosslessSwitcher[13466:160713] [ProxyRender] available: 320, threshold: 480, isPlaying: 0
2026-07-10 16:47:42.674 LosslessSwitcher[13466:160713] [ProxyRender] available: 320, threshold: 480, isPlaying: 0
[getAllStats] []
[getAllStats] []
2026-07-10 16:47:43.740 LosslessSwitcher[13466:160713] [ProxyRender] available: 4992, threshold: 480, isPlaying: 0
2026-07-10 16:47:43.740 LosslessSwitcher[13466:160713] [ProxyRender] available: 4480, threshold: 480, isPlaying: 1
2026-07-10 16:47:43.740 LosslessSwitcher[13466:160713] [ProxyRender] available: 3968, threshold: 480, isPlaying: 1
2026-07-10 16:47:43.740 LosslessSwitcher[13466:160713] [ProxyRender] available: 3456, threshold: 480, isPlaying: 1
2026-07-10 16:47:43.740 LosslessSwitcher[13466:160713] [ProxyRender] available: 2944, threshold: 480, isPlaying: 1
track GREATEST-音乃瀬奏-GREATEST - Single GREATEST
track GREATEST-音乃瀬奏-GREATEST - Single GREATEST
[getAllStats] []
[getAllStats] []
2026-07-10 16:47:44.807 LosslessSwitcher[13466:160713] [ProxyRender] available: 256, threshold: 480, isPlaying: 0
2026-07-10 16:47:44.807 LosslessSwitcher[13466:160713] [ProxyRender] available: 256, threshold: 480, isPlaying: 0
2026-07-10 16:47:44.807 LosslessSwitcher[13466:160713] [ProxyRender] available: 256, threshold: 480, isPlaying: 0
2026-07-10 16:47:44.807 LosslessSwitcher[13466:160713] [ProxyRender] available: 256, threshold: 480, isPlaying: 0
2026-07-10 16:47:44.807 LosslessSwitcher[13466:160713] [ProxyRender] available: 256, threshold: 480, isPlaying: 0
[getAllStats] []
same track, ignore cache
[getAllStats] []
same track, ignore cache
track GREATEST-音乃瀬奏-GREATEST - Single GREATEST
track GREATEST-音乃瀬奏-GREATEST - Single GREATEST
[getAllStats] []
[getAllStats] []
2026-07-10 16:47:45.874 LosslessSwitcher[13466:160713] [ProxyRender] available: 320, threshold: 480, isPlaying: 0
2026-07-10 16:47:45.874 LosslessSwitcher[13466:160713] [ProxyRender] available: 320, threshold: 480, isPlaying: 0
2026-07-10 16:47:45.874 LosslessSwitcher[13466:160713] [ProxyRender] available: 320, threshold: 480, isPlaying: 0
2026-07-10 16:47:45.874 LosslessSwitcher[13466:160713] [ProxyRender] available: 320, threshold: 480, isPlaying: 0
2026-07-10 16:47:45.874 LosslessSwitcher[13466:160713] [ProxyRender] available: 320, threshold: 480, isPlaying: 0
[getAllStats] []
[getAllStats] []
2026-07-10 16:47:46.940 LosslessSwitcher[13466:160713] [ProxyRender] available: 4992, threshold: 480, isPlaying: 0
2026-07-10 16:47:46.941 LosslessSwitcher[13466:160713] [ProxyRender] available: 4480, threshold: 480, isPlaying: 1
2026-07-10 16:47:46.941 LosslessSwitcher[13466:160713] [ProxyRender] available: 3968, threshold: 480, isPlaying: 1
2026-07-10 16:47:46.941 LosslessSwitcher[13466:160713] [ProxyRender] available: 3456, threshold: 480, isPlaying: 1
2026-07-10 16:47:46.941 LosslessSwitcher[13466:160713] [ProxyRender] available: 2944, threshold: 480, isPlaying: 1
[getAllStats] []
[getAllStats] []
[getAllStats] []
same track, ignore cache
[getAllStats] []
same track, ignore cache
2026-07-10 16:47:48.007 LosslessSwitcher[13466:160713] [ProxyRender] available: 256, threshold: 480, isPlaying: 0
2026-07-10 16:47:48.007 LosslessSwitcher[13466:160713] [ProxyRender] available: 256, threshold: 480, isPlaying: 0
2026-07-10 16:47:48.007 LosslessSwitcher[13466:160713] [ProxyRender] available: 256, threshold: 480, isPlaying: 0
2026-07-10 16:47:48.007 LosslessSwitcher[13466:160713] [ProxyRender] available: 256, threshold: 480, isPlaying: 0
2026-07-10 16:47:48.007 LosslessSwitcher[13466:160713] [ProxyRender] available: 256, threshold: 480, isPlaying: 0
[getAllStats] []
same track, ignore cache
[getAllStats] []
same track, ignore cache
2026-07-10 16:47:49.074 LosslessSwitcher[13466:160713] [ProxyRender] available: 320, threshold: 480, isPlaying: 0
2026-07-10 16:47:49.074 LosslessSwitcher[13466:160713] [ProxyRender] available: 320, threshold: 480, isPlaying: 0
2026-07-10 16:47:49.074 LosslessSwitcher[13466:160713] [ProxyRender] available: 320, threshold: 480, isPlaying: 0
2026-07-10 16:47:49.074 LosslessSwitcher[13466:160713] [ProxyRender] available: 320, threshold: 480, isPlaying: 0
2026-07-10 16:47:49.074 LosslessSwitcher[13466:160713] [ProxyRender] available: 320, threshold: 480, isPlaying: 0
[getAllStats] []
same track, ignore cache
[getAllStats] []
same track, ignore cache
2026-07-10 16:47:50.140 LosslessSwitcher[13466:160713] [ProxyRender] available: 4992, threshold: 480, isPlaying: 0
2026-07-10 16:47:50.140 LosslessSwitcher[13466:160713] [ProxyRender] available: 4480, threshold: 480, isPlaying: 1
2026-07-10 16:47:50.140 LosslessSwitcher[13466:160713] [ProxyRender] available: 3968, threshold: 480, isPlaying: 1
2026-07-10 16:47:50.141 LosslessSwitcher[13466:160713] [ProxyRender] available: 3456, threshold: 480, isPlaying: 1
2026-07-10 16:47:50.141 LosslessSwitcher[13466:160713] [ProxyRender] available: 2944, threshold: 480, isPlaying: 1
2026-07-10 16:47:51.207 LosslessSwitcher[13466:160713] [ProxyRender] available: 256, threshold: 480, isPlaying: 0
2026-07-10 16:47:51.207 LosslessSwitcher[13466:160713] [ProxyRender] available: 256, threshold: 480, isPlaying: 0
2026-07-10 16:47:51.207 LosslessSwitcher[13466:160713] [ProxyRender] available: 256, threshold: 480, isPlaying: 0
2026-07-10 16:47:51.207 LosslessSwitcher[13466:160713] [ProxyRender] available: 256, threshold: 480, isPlaying: 0
2026-07-10 16:47:51.207 LosslessSwitcher[13466:160713] [ProxyRender] available: 256, threshold: 480, isPlaying: 0
2026-07-10 16:47:52.274 LosslessSwitcher[13466:160713] [ProxyRender] available: 320, threshold: 480, isPlaying: 0
2026-07-10 16:47:52.274 LosslessSwitcher[13466:160713] [ProxyRender] available: 320, threshold: 480, isPlaying: 0
2026-07-10 16:47:52.274 LosslessSwitcher[13466:160713] [ProxyRender] available: 320, threshold: 480, isPlaying: 0
2026-07-10 16:47:52.274 LosslessSwitcher[13466:160713] [ProxyRender] available: 320, threshold: 480, isPlaying: 0
2026-07-10 16:47:52.274 LosslessSwitcher[13466:160713] [ProxyRender] available: 320, threshold: 480, isPlaying: 0
2026-07-10 16:47:53.340 LosslessSwitcher[13466:160713] [ProxyRender] available: 4992, threshold: 480, isPlaying: 0
2026-07-10 16:47:53.340 LosslessSwitcher[13466:160713] [ProxyRender] available: 4480, threshold: 480, isPlaying: 1
2026-07-10 16:47:53.340 LosslessSwitcher[13466:160713] [ProxyRender] available: 3968, threshold: 480, isPlaying: 1
2026-07-10 16:47:53.340 LosslessSwitcher[13466:160713] [ProxyRender] available: 3456, threshold: 480, isPlaying: 1
2026-07-10 16:47:53.341 LosslessSwitcher[13466:160713] [ProxyRender] available: 2944, threshold: 480, isPlaying: 1
2026-07-10 16:47:54.407 LosslessSwitcher[13466:160713] [ProxyRender] available: 256, threshold: 480, isPlaying: 0
2026-07-10 16:47:54.407 LosslessSwitcher[13466:160713] [ProxyRender] available: 256, threshold: 480, isPlaying: 0
2026-07-10 16:47:54.407 LosslessSwitcher[13466:160713] [ProxyRender] available: 256, threshold: 480, isPlaying: 0
2026-07-10 16:47:54.407 LosslessSwitcher[13466:160713] [ProxyRender] available: 256, threshold: 480, isPlaying: 0
2026-07-10 16:47:54.407 LosslessSwitcher[13466:160713] [ProxyRender] available: 256, threshold: 480, isPlaying: 0
track GREATEST-音乃瀬奏-GREATEST - Single GREATEST
track GREATEST-音乃瀬奏-GREATEST - Single GREATEST
2026-07-10 16:47:55.473 LosslessSwitcher[13466:160713] [ProxyRender] available: 320, threshold: 480, isPlaying: 0
2026-07-10 16:47:55.473 LosslessSwitcher[13466:160713] [ProxyRender] available: 320, threshold: 480, isPlaying: 0
2026-07-10 16:47:55.474 LosslessSwitcher[13466:160713] [ProxyRender] available: 320, threshold: 480, isPlaying: 0
2026-07-10 16:47:55.474 LosslessSwitcher[13466:160713] [ProxyRender] available: 320, threshold: 480, isPlaying: 0
2026-07-10 16:47:55.474 LosslessSwitcher[13466:160713] [ProxyRender] available: 320, threshold: 480, isPlaying: 0
2026-07-10 16:47:56.540 LosslessSwitcher[13466:160713] [ProxyRender] available: 4992, threshold: 480, isPlaying: 0
2026-07-10 16:47:56.540 LosslessSwitcher[13466:160713] [ProxyRender] available: 4480, threshold: 480, isPlaying: 1
2026-07-10 16:47:56.540 LosslessSwitcher[13466:160713] [ProxyRender] available: 3968, threshold: 480, isPlaying: 1
2026-07-10 16:47:56.540 LosslessSwitcher[13466:160713] [ProxyRender] available: 3456, threshold: 480, isPlaying: 1
2026-07-10 16:47:56.540 LosslessSwitcher[13466:160713] [ProxyRender] available: 2944, threshold: 480, isPlaying: 1
[getAllStats] []
[getAllStats] []
2026-07-10 16:47:57.607 LosslessSwitcher[13466:160713] [ProxyRender] available: 256, threshold: 480, isPlaying: 0
2026-07-10 16:47:57.607 LosslessSwitcher[13466:160713] [ProxyRender] available: 256, threshold: 480, isPlaying: 0
2026-07-10 16:47:57.607 LosslessSwitcher[13466:160713] [ProxyRender] available: 256, threshold: 480, isPlaying: 0
2026-07-10 16:47:57.607 LosslessSwitcher[13466:160713] [ProxyRender] available: 256, threshold: 480, isPlaying: 0
2026-07-10 16:47:57.607 LosslessSwitcher[13466:160713] [ProxyRender] available: 256, threshold: 480, isPlaying: 0
2026-07-10 16:47:58.673 LosslessSwitcher[13466:160713] [ProxyRender] available: 320, threshold: 480, isPlaying: 0
2026-07-10 16:47:58.673 LosslessSwitcher[13466:160713] [ProxyRender] available: 320, threshold: 480, isPlaying: 0
2026-07-10 16:47:58.674 LosslessSwitcher[13466:160713] [ProxyRender] available: 320, threshold: 480, isPlaying: 0
2026-07-10 16:47:58.674 LosslessSwitcher[13466:160713] [ProxyRender] available: 320, threshold: 480, isPlaying: 0
2026-07-10 16:47:58.674 LosslessSwitcher[13466:160713] [ProxyRender] available: 320, threshold: 480, isPlaying: 0
[getAllStats] []
[getAllStats] []
same track, ignore cache
same track, ignore cache
2026-07-10 16:47:59.740 LosslessSwitcher[13466:160713] [ProxyRender] available: 4992, threshold: 480, isPlaying: 0
2026-07-10 16:47:59.740 LosslessSwitcher[13466:160713] [ProxyRender] available: 4480, threshold: 480, isPlaying: 1
2026-07-10 16:47:59.740 LosslessSwitcher[13466:160713] [ProxyRender] available: 3968, threshold: 480, isPlaying: 1
2026-07-10 16:47:59.740 LosslessSwitcher[13466:160713] [ProxyRender] available: 3456, threshold: 480, isPlaying: 1
2026-07-10 16:47:59.740 LosslessSwitcher[13466:160713] [ProxyRender] available: 2944, threshold: 480, isPlaying: 1
2026-07-10 16:48:00.807 LosslessSwitcher[13466:160713] [ProxyRender] available: 256, threshold: 480, isPlaying: 0
2026-07-10 16:48:00.807 LosslessSwitcher[13466:160713] [ProxyRender] available: 256, threshold: 480, isPlaying: 0
2026-07-10 16:48:00.807 LosslessSwitcher[13466:160713] [ProxyRender] available: 256, threshold: 480, isPlaying: 0
2026-07-10 16:48:00.807 LosslessSwitcher[13466:160713] [ProxyRender] available: 256, threshold: 480, isPlaying: 0
2026-07-10 16:48:00.807 LosslessSwitcher[13466:160713] [ProxyRender] available: 256, threshold: 480, isPlaying: 0
2026-07-10 16:48:01.873 LosslessSwitcher[13466:160713] [ProxyRender] available: 320, threshold: 480, isPlaying: 0
2026-07-10 16:48:01.873 LosslessSwitcher[13466:160713] [ProxyRender] available: 320, threshold: 480, isPlaying: 0
2026-07-10 16:48:01.873 LosslessSwitcher[13466:160713] [ProxyRender] available: 320, threshold: 480, isPlaying: 0
2026-07-10 16:48:01.873 LosslessSwitcher[13466:160713] [ProxyRender] available: 320, threshold: 480, isPlaying: 0
2026-07-10 16:48:01.874 LosslessSwitcher[13466:160713] [ProxyRender] available: 320, threshold: 480, isPlaying: 0
2026-07-10 16:48:02.940 LosslessSwitcher[13466:160713] [ProxyRender] available: 4992, threshold: 480, isPlaying: 0
2026-07-10 16:48:02.940 LosslessSwitcher[13466:160713] [ProxyRender] available: 4480, threshold: 480, isPlaying: 1
2026-07-10 16:48:02.940 LosslessSwitcher[13466:160713] [ProxyRender] available: 3968, threshold: 480, isPlaying: 1
2026-07-10 16:48:02.940 LosslessSwitcher[13466:160713] [ProxyRender] available: 3456, threshold: 480, isPlaying: 1
2026-07-10 16:48:02.940 LosslessSwitcher[13466:160713] [ProxyRender] available: 2944, threshold: 480, isPlaying: 1
2026-07-10 16:48:04.006 LosslessSwitcher[13466:160713] [ProxyRender] available: 256, threshold: 480, isPlaying: 0
2026-07-10 16:48:04.007 LosslessSwitcher[13466:160713] [ProxyRender] available: 256, threshold: 480, isPlaying: 0
2026-07-10 16:48:04.007 LosslessSwitcher[13466:160713] [ProxyRender] available: 256, threshold: 480, isPlaying: 0
2026-07-10 16:48:04.007 LosslessSwitcher[13466:160713] [ProxyRender] available: 256, threshold: 480, isPlaying: 0
2026-07-10 16:48:04.007 LosslessSwitcher[13466:160713] [ProxyRender] available: 256, threshold: 480, isPlaying: 0
2026-07-10 16:48:05.073 LosslessSwitcher[13466:160713] [ProxyRender] available: 448, threshold: 480, isPlaying: 0
2026-07-10 16:48:05.073 LosslessSwitcher[13466:160713] [ProxyRender] available: 448, threshold: 480, isPlaying: 0
2026-07-10 16:48:05.073 LosslessSwitcher[13466:160713] [ProxyRender] available: 448, threshold: 480, isPlaying: 0
2026-07-10 16:48:05.073 LosslessSwitcher[13466:160713] [ProxyRender] available: 448, threshold: 480, isPlaying: 0
2026-07-10 16:48:05.073 LosslessSwitcher[13466:160713] [ProxyRender] available: 448, threshold: 480, isPlaying: 0
2026-07-10 16:48:06.140 LosslessSwitcher[13466:160713] [ProxyRender] available: 4992, threshold: 480, isPlaying: 0
2026-07-10 16:48:06.140 LosslessSwitcher[13466:160713] [ProxyRender] available: 4480, threshold: 480, isPlaying: 1
2026-07-10 16:48:06.140 LosslessSwitcher[13466:160713] [ProxyRender] available: 3968, threshold: 480, isPlaying: 1
2026-07-10 16:48:06.140 LosslessSwitcher[13466:160713] [ProxyRender] available: 3456, threshold: 480, isPlaying: 1
2026-07-10 16:48:06.140 LosslessSwitcher[13466:160713] [ProxyRender] available: 2944, threshold: 480, isPlaying: 1
2026-07-10 16:48:07.206 LosslessSwitcher[13466:160713] [ProxyRender] available: 256, threshold: 480, isPlaying: 0
2026-07-10 16:48:07.207 LosslessSwitcher[13466:160713] [ProxyRender] available: 256, threshold: 480, isPlaying: 0
2026-07-10 16:48:07.207 LosslessSwitcher[13466:160713] [ProxyRender] available: 256, threshold: 480, isPlaying: 0
2026-07-10 16:48:07.207 LosslessSwitcher[13466:160713] [ProxyRender] available: 256, threshold: 480, isPlaying: 0
2026-07-10 16:48:07.207 LosslessSwitcher[13466:160713] [ProxyRender] available: 256, threshold: 480, isPlaying: 0
2026-07-10 16:48:08.273 LosslessSwitcher[13466:160713] [ProxyRender] available: 320, threshold: 480, isPlaying: 0
2026-07-10 16:48:08.273 LosslessSwitcher[13466:160713] [ProxyRender] available: 320, threshold: 480, isPlaying: 0
2026-07-10 16:48:08.273 LosslessSwitcher[13466:160713] [ProxyRender] available: 320, threshold: 480, isPlaying: 0
2026-07-10 16:48:08.273 LosslessSwitcher[13466:160713] [ProxyRender] available: 320, threshold: 480, isPlaying: 0
2026-07-10 16:48:08.273 LosslessSwitcher[13466:160713] [ProxyRender] available: 320, threshold: 480, isPlaying: 0
2026-07-10 16:48:09.340 LosslessSwitcher[13466:160713] [ProxyRender] available: 4992, threshold: 480, isPlaying: 0
2026-07-10 16:48:09.340 LosslessSwitcher[13466:160713] [ProxyRender] available: 4480, threshold: 480, isPlaying: 1
2026-07-10 16:48:09.340 LosslessSwitcher[13466:160713] [ProxyRender] available: 3968, threshold: 480, isPlaying: 1
2026-07-10 16:48:09.340 LosslessSwitcher[13466:160713] [ProxyRender] available: 3456, threshold: 480, isPlaying: 1
2026-07-10 16:48:09.340 LosslessSwitcher[13466:160713] [ProxyRender] available: 2944, threshold: 480, isPlaying: 1
2026-07-10 16:48:10.406 LosslessSwitcher[13466:160713] [ProxyRender] available: 256, threshold: 480, isPlaying: 0
2026-07-10 16:48:10.406 LosslessSwitcher[13466:160713] [ProxyRender] available: 256, threshold: 480, isPlaying: 0
2026-07-10 16:48:10.406 LosslessSwitcher[13466:160713] [ProxyRender] available: 256, threshold: 480, isPlaying: 0
2026-07-10 16:48:10.406 LosslessSwitcher[13466:160713] [ProxyRender] available: 256, threshold: 480, isPlaying: 0
2026-07-10 16:48:10.407 LosslessSwitcher[13466:160713] [ProxyRender] available: 256, threshold: 480, isPlaying: 0
track GREATEST-音乃瀬奏-GREATEST - Single GREATEST
track GREATEST-音乃瀬奏-GREATEST - Single GREATEST
track GREATEST-音乃瀬奏-GREATEST - Single GREATEST
track GREATEST-音乃瀬奏-GREATEST - Single GREATEST
2026-07-10 16:48:11.473 LosslessSwitcher[13466:160713] [ProxyRender] available: 320, threshold: 480, isPlaying: 0
2026-07-10 16:48:11.473 LosslessSwitcher[13466:160713] [ProxyRender] available: 320, threshold: 480, isPlaying: 0
2026-07-10 16:48:11.473 LosslessSwitcher[13466:160713] [ProxyRender] available: 320, threshold: 480, isPlaying: 0
2026-07-10 16:48:11.473 LosslessSwitcher[13466:160713] [ProxyRender] available: 320, threshold: 480, isPlaying: 0
2026-07-10 16:48:11.473 LosslessSwitcher[13466:160713] [ProxyRender] available: 320, threshold: 480, isPlaying: 0
detected stat CMPlayerStats(sampleRate: 48000.0, bitDepth: 24, date: 2026-07-10 07:48:10 +0000, priority: 5)
detected stat CMPlayerStats(sampleRate: 48000.0, bitDepth: 24, date: 2026-07-10 07:48:10 +0000, priority: 5)
[getAllStats] [LosslessSwitcher.CMPlayerStats(sampleRate: 48000.0, bitDepth: 24, date: 2026-07-10 07:48:10 +0000, priority: 5)]
[getAllStats] [LosslessSwitcher.CMPlayerStats(sampleRate: 48000.0, bitDepth: 24, date: 2026-07-10 07:48:10 +0000, priority: 5)]
NEAREST FORMAT [__C.AudioStreamBasicDescription(mSampleRate: 48000.0, mFormatID: 1819304813, mFormatFlags: 12, mBytesPerPacket: 6, mFramesPerPacket: 1, mBytesPerFrame: 6, mChannelsPerFrame: 2, mBitsPerChannel: 24, mReserved: 0)]
NEAREST FORMAT [__C.AudioStreamBasicDescription(mSampleRate: 48000.0, mFormatID: 1819304813, mFormatFlags: 12, mBytesPerPacket: 6, mFramesPerPacket: 1, mBytesPerFrame: 6, mChannelsPerFrame: 2, mBitsPerChannel: 24, mReserved: 0)]
2026-07-10 16:48:12.540 LosslessSwitcher[13466:160713] [ProxyRender] available: 4992, threshold: 480, isPlaying: 0
2026-07-10 16:48:12.540 LosslessSwitcher[13466:160713] [ProxyRender] available: 4480, threshold: 480, isPlaying: 1
2026-07-10 16:48:12.540 LosslessSwitcher[13466:160713] [ProxyRender] available: 3968, threshold: 480, isPlaying: 1
2026-07-10 16:48:12.540 LosslessSwitcher[13466:160713] [ProxyRender] available: 3456, threshold: 480, isPlaying: 1
2026-07-10 16:48:12.540 LosslessSwitcher[13466:160713] [ProxyRender] available: 2944, threshold: 480, isPlaying: 1
detected stat CMPlayerStats(sampleRate: 48000.0, bitDepth: 24, date: 2026-07-10 07:48:10 +0000, priority: 5)
[getAllStats] [LosslessSwitcher.CMPlayerStats(sampleRate: 48000.0, bitDepth: 24, date: 2026-07-10 07:48:10 +0000, priority: 5)]
NEAREST FORMAT [__C.AudioStreamBasicDescription(mSampleRate: 48000.0, mFormatID: 1819304813, mFormatFlags: 12, mBytesPerPacket: 6, mFramesPerPacket: 1, mBytesPerFrame: 6, mChannelsPerFrame: 2, mBitsPerChannel: 24, mReserved: 0)]
detected stat CMPlayerStats(sampleRate: 48000.0, bitDepth: 24, date: 2026-07-10 07:48:10 +0000, priority: 5)
[getAllStats] [LosslessSwitcher.CMPlayerStats(sampleRate: 48000.0, bitDepth: 24, date: 2026-07-10 07:48:10 +0000, priority: 5)]
NEAREST FORMAT [__C.AudioStreamBasicDescription(mSampleRate: 48000.0, mFormatID: 1819304813, mFormatFlags: 12, mBytesPerPacket: 6, mFramesPerPacket: 1, mBytesPerFrame: 6, mChannelsPerFrame: 2, mBitsPerChannel: 24, mReserved: 0)]
2026-07-10 16:48:13.606 LosslessSwitcher[13466:160713] [ProxyRender] available: 256, threshold: 480, isPlaying: 0
2026-07-10 16:48:13.606 LosslessSwitcher[13466:160713] [ProxyRender] available: 256, threshold: 480, isPlaying: 0
2026-07-10 16:48:13.606 LosslessSwitcher[13466:160713] [ProxyRender] available: 256, threshold: 480, isPlaying: 0
2026-07-10 16:48:13.606 LosslessSwitcher[13466:160713] [ProxyRender] available: 256, threshold: 480, isPlaying: 0
2026-07-10 16:48:13.607 LosslessSwitcher[13466:160713] [ProxyRender] available: 256, threshold: 480, isPlaying: 0
detected stat CMPlayerStats(sampleRate: 48000.0, bitDepth: 24, date: 2026-07-10 07:48:10 +0000, priority: 5)
[getAllStats] [LosslessSwitcher.CMPlayerStats(sampleRate: 48000.0, bitDepth: 24, date: 2026-07-10 07:48:10 +0000, priority: 5)]
NEAREST FORMAT [__C.AudioStreamBasicDescription(mSampleRate: 48000.0, mFormatID: 1819304813, mFormatFlags: 12, mBytesPerPacket: 6, mFramesPerPacket: 1, mBytesPerFrame: 6, mChannelsPerFrame: 2, mBitsPerChannel: 24, mReserved: 0)]
detected stat CMPlayerStats(sampleRate: 48000.0, bitDepth: 24, date: 2026-07-10 07:48:10 +0000, priority: 5)
[getAllStats] [LosslessSwitcher.CMPlayerStats(sampleRate: 48000.0, bitDepth: 24, date: 2026-07-10 07:48:10 +0000, priority: 5)]
NEAREST FORMAT [__C.AudioStreamBasicDescription(mSampleRate: 48000.0, mFormatID: 1819304813, mFormatFlags: 12, mBytesPerPacket: 6, mFramesPerPacket: 1, mBytesPerFrame: 6, mChannelsPerFrame: 2, mBitsPerChannel: 24, mReserved: 0)]
2026-07-10 16:48:14.673 LosslessSwitcher[13466:160713] [ProxyRender] available: 320, threshold: 480, isPlaying: 0
2026-07-10 16:48:14.673 LosslessSwitcher[13466:160713] [ProxyRender] available: 320, threshold: 480, isPlaying: 0
2026-07-10 16:48:14.673 LosslessSwitcher[13466:160713] [ProxyRender] available: 320, threshold: 480, isPlaying: 0
2026-07-10 16:48:14.673 LosslessSwitcher[13466:160713] [ProxyRender] available: 320, threshold: 480, isPlaying: 0
2026-07-10 16:48:14.673 LosslessSwitcher[13466:160713] [ProxyRender] available: 320, threshold: 480, isPlaying: 0
detected stat CMPlayerStats(sampleRate: 48000.0, bitDepth: 24, date: 2026-07-10 07:48:10 +0000, priority: 5)
[getAllStats] [LosslessSwitcher.CMPlayerStats(sampleRate: 48000.0, bitDepth: 24, date: 2026-07-10 07:48:10 +0000, priority: 5)]
NEAREST FORMAT [__C.AudioStreamBasicDescription(mSampleRate: 48000.0, mFormatID: 1819304813, mFormatFlags: 12, mBytesPerPacket: 6, mFramesPerPacket: 1, mBytesPerFrame: 6, mChannelsPerFrame: 2, mBitsPerChannel: 24, mReserved: 0)]
detected stat CMPlayerStats(sampleRate: 48000.0, bitDepth: 24, date: 2026-07-10 07:48:10 +0000, priority: 5)
[getAllStats] [LosslessSwitcher.CMPlayerStats(sampleRate: 48000.0, bitDepth: 24, date: 2026-07-10 07:48:10 +0000, priority: 5)]
NEAREST FORMAT [__C.AudioStreamBasicDescription(mSampleRate: 48000.0, mFormatID: 1819304813, mFormatFlags: 12, mBytesPerPacket: 6, mFramesPerPacket: 1, mBytesPerFrame: 6, mChannelsPerFrame: 2, mBitsPerChannel: 24, mReserved: 0)]
2026-07-10 16:48:15.739 LosslessSwitcher[13466:160713] [ProxyRender] available: 4992, threshold: 480, isPlaying: 0
2026-07-10 16:48:15.740 LosslessSwitcher[13466:160713] [ProxyRender] available: 4480, threshold: 480, isPlaying: 1
2026-07-10 16:48:15.740 LosslessSwitcher[13466:160713] [ProxyRender] available: 3968, threshold: 480, isPlaying: 1
2026-07-10 16:48:15.740 LosslessSwitcher[13466:160713] [ProxyRender] available: 3456, threshold: 480, isPlaying: 1
2026-07-10 16:48:15.740 LosslessSwitcher[13466:160713] [ProxyRender] available: 2944, threshold: 480, isPlaying: 1
2026-07-10 16:48:16.806 LosslessSwitcher[13466:160713] [ProxyRender] available: 256, threshold: 480, isPlaying: 0
2026-07-10 16:48:16.806 LosslessSwitcher[13466:160713] [ProxyRender] available: 256, threshold: 480, isPlaying: 0
2026-07-10 16:48:16.806 LosslessSwitcher[13466:160713] [ProxyRender] available: 256, threshold: 480, isPlaying: 0
2026-07-10 16:48:16.806 LosslessSwitcher[13466:160713] [ProxyRender] available: 256, threshold: 480, isPlaying: 0
2026-07-10 16:48:16.806 LosslessSwitcher[13466:160713] [ProxyRender] available: 256, threshold: 480, isPlaying: 0
2026-07-10 16:48:17.873 LosslessSwitcher[13466:160713] [ProxyRender] available: 320, threshold: 480, isPlaying: 0
2026-07-10 16:48:17.873 LosslessSwitcher[13466:160713] [ProxyRender] available: 320, threshold: 480, isPlaying: 0
2026-07-10 16:48:17.873 LosslessSwitcher[13466:160713] [ProxyRender] available: 320, threshold: 480, isPlaying: 0
2026-07-10 16:48:17.873 LosslessSwitcher[13466:160713] [ProxyRender] available: 320, threshold: 480, isPlaying: 0
2026-07-10 16:48:17.873 LosslessSwitcher[13466:160713] [ProxyRender] available: 320, threshold: 480, isPlaying: 0
2026-07-10 16:48:18.939 LosslessSwitcher[13466:160713] [ProxyRender] available: 4992, threshold: 480, isPlaying: 0
2026-07-10 16:48:18.940 LosslessSwitcher[13466:160713] [ProxyRender] available: 4480, threshold: 480, isPlaying: 1
2026-07-10 16:48:18.940 LosslessSwitcher[13466:160713] [ProxyRender] available: 3968, threshold: 480, isPlaying: 1
2026-07-10 16:48:18.940 LosslessSwitcher[13466:160713] [ProxyRender] available: 3456, threshold: 480, isPlaying: 1
2026-07-10 16:48:18.940 LosslessSwitcher[13466:160713] [ProxyRender] available: 2944, threshold: 480, isPlaying: 1
track GREATEST-音乃瀬奏-GREATEST - Single GREATEST
track GREATEST-音乃瀬奏-GREATEST - Single GREATEST
2026-07-10 16:48:20.006 LosslessSwitcher[13466:160713] [ProxyRender] available: 256, threshold: 480, isPlaying: 0
2026-07-10 16:48:20.006 LosslessSwitcher[13466:160713] [ProxyRender] available: 256, threshold: 480, isPlaying: 0
2026-07-10 16:48:20.006 LosslessSwitcher[13466:160713] [ProxyRender] available: 256, threshold: 480, isPlaying: 0
2026-07-10 16:48:20.006 LosslessSwitcher[13466:160713] [ProxyRender] available: 256, threshold: 480, isPlaying: 0
2026-07-10 16:48:20.006 LosslessSwitcher[13466:160713] [ProxyRender] available: 256, threshold: 480, isPlaying: 0
2026-07-10 16:48:21.073 LosslessSwitcher[13466:160713] [ProxyRender] available: 320, threshold: 480, isPlaying: 0
2026-07-10 16:48:21.073 LosslessSwitcher[13466:160713] [ProxyRender] available: 320, threshold: 480, isPlaying: 0
2026-07-10 16:48:21.073 LosslessSwitcher[13466:160713] [ProxyRender] available: 320, threshold: 480, isPlaying: 0
2026-07-10 16:48:21.073 LosslessSwitcher[13466:160713] [ProxyRender] available: 320, threshold: 480, isPlaying: 0
2026-07-10 16:48:21.073 LosslessSwitcher[13466:160713] [ProxyRender] available: 320, threshold: 480, isPlaying: 0
detected stat CMPlayerStats(sampleRate: 48000.0, bitDepth: 24, date: 2026-07-10 07:48:19 +0000, priority: 5)
[getAllStats] [LosslessSwitcher.CMPlayerStats(sampleRate: 48000.0, bitDepth: 24, date: 2026-07-10 07:48:19 +0000, priority: 5)]
NEAREST FORMAT [__C.AudioStreamBasicDescription(mSampleRate: 48000.0, mFormatID: 1819304813, mFormatFlags: 12, mBytesPerPacket: 6, mFramesPerPacket: 1, mBytesPerFrame: 6, mChannelsPerFrame: 2, mBitsPerChannel: 24, mReserved: 0)]
detected stat CMPlayerStats(sampleRate: 48000.0, bitDepth: 24, date: 2026-07-10 07:48:19 +0000, priority: 5)
[getAllStats] [LosslessSwitcher.CMPlayerStats(sampleRate: 48000.0, bitDepth: 24, date: 2026-07-10 07:48:19 +0000, priority: 5)]
NEAREST FORMAT [__C.AudioStreamBasicDescription(mSampleRate: 48000.0, mFormatID: 1819304813, mFormatFlags: 12, mBytesPerPacket: 6, mFramesPerPacket: 1, mBytesPerFrame: 6, mChannelsPerFrame: 2, mBitsPerChannel: 24, mReserved: 0)]
2026-07-10 16:48:22.139 LosslessSwitcher[13466:160713] [ProxyRender] available: 4992, threshold: 480, isPlaying: 0
2026-07-10 16:48:22.139 LosslessSwitcher[13466:160713] [ProxyRender] available: 4480, threshold: 480, isPlaying: 1
2026-07-10 16:48:22.140 LosslessSwitcher[13466:160713] [ProxyRender] available: 3968, threshold: 480, isPlaying: 1
2026-07-10 16:48:22.140 LosslessSwitcher[13466:160713] [ProxyRender] available: 3456, threshold: 480, isPlaying: 1
2026-07-10 16:48:22.140 LosslessSwitcher[13466:160713] [ProxyRender] available: 2944, threshold: 480, isPlaying: 1
detected stat CMPlayerStats(sampleRate: 48000.0, bitDepth: 24, date: 2026-07-10 07:48:19 +0000, priority: 5)
[getAllStats] [LosslessSwitcher.CMPlayerStats(sampleRate: 48000.0, bitDepth: 24, date: 2026-07-10 07:48:19 +0000, priority: 5)]
detected stat CMPlayerStats(sampleRate: 48000.0, bitDepth: 24, date: 2026-07-10 07:48:19 +0000, priority: 5)
[getAllStats] [LosslessSwitcher.CMPlayerStats(sampleRate: 48000.0, bitDepth: 24, date: 2026-07-10 07:48:19 +0000, priority: 5)]
NEAREST FORMAT [__C.AudioStreamBasicDescription(mSampleRate: 48000.0, mFormatID: 1819304813, mFormatFlags: 12, mBytesPerPacket: 6, mFramesPerPacket: 1, mBytesPerFrame: 6, mChannelsPerFrame: 2, mBitsPerChannel: 24, mReserved: 0)]
NEAREST FORMAT [__C.AudioStreamBasicDescription(mSampleRate: 48000.0, mFormatID: 1819304813, mFormatFlags: 12, mBytesPerPacket: 6, mFramesPerPacket: 1, mBytesPerFrame: 6, mChannelsPerFrame: 2, mBitsPerChannel: 24, mReserved: 0)]
2026-07-10 16:48:23.206 LosslessSwitcher[13466:160713] [ProxyRender] available: 256, threshold: 480, isPlaying: 0
2026-07-10 16:48:23.206 LosslessSwitcher[13466:160713] [ProxyRender] available: 256, threshold: 480, isPlaying: 0
2026-07-10 16:48:23.206 LosslessSwitcher[13466:160713] [ProxyRender] available: 256, threshold: 480, isPlaying: 0
2026-07-10 16:48:23.206 LosslessSwitcher[13466:160713] [ProxyRender] available: 256, threshold: 480, isPlaying: 0
2026-07-10 16:48:23.206 LosslessSwitcher[13466:160713] [ProxyRender] available: 256, threshold: 480, isPlaying: 0
2026-07-10 16:48:24.273 LosslessSwitcher[13466:160713] [ProxyRender] available: 320, threshold: 480, isPlaying: 0
2026-07-10 16:48:24.273 LosslessSwitcher[13466:160713] [ProxyRender] available: 320, threshold: 480, isPlaying: 0
2026-07-10 16:48:24.273 LosslessSwitcher[13466:160713] [ProxyRender] available: 320, threshold: 480, isPlaying: 0
2026-07-10 16:48:24.273 LosslessSwitcher[13466:160713] [ProxyRender] available: 320, threshold: 480, isPlaying: 0
2026-07-10 16:48:24.273 LosslessSwitcher[13466:160713] [ProxyRender] available: 320, threshold: 480, isPlaying: 0
2026-07-10 16:48:25.339 LosslessSwitcher[13466:160713] [ProxyRender] available: 4992, threshold: 480, isPlaying: 0
2026-07-10 16:48:25.339 LosslessSwitcher[13466:160713] [ProxyRender] available: 4480, threshold: 480, isPlaying: 1
2026-07-10 16:48:25.339 LosslessSwitcher[13466:160713] [ProxyRender] available: 3968, threshold: 480, isPlaying: 1
2026-07-10 16:48:25.339 LosslessSwitcher[13466:160713] [ProxyRender] available: 3456, threshold: 480, isPlaying: 1
2026-07-10 16:48:25.340 LosslessSwitcher[13466:160713] [ProxyRender] available: 2944, threshold: 480, isPlaying: 1
2026-07-10 16:48:26.406 LosslessSwitcher[13466:160713] [ProxyRender] available: 256, threshold: 480, isPlaying: 0
2026-07-10 16:48:26.406 LosslessSwitcher[13466:160713] [ProxyRender] available: 256, threshold: 480, isPlaying: 0
2026-07-10 16:48:26.406 LosslessSwitcher[13466:160713] [ProxyRender] available: 256, threshold: 480, isPlaying: 0
2026-07-10 16:48:26.406 LosslessSwitcher[13466:160713] [ProxyRender] available: 256, threshold: 480, isPlaying: 0
2026-07-10 16:48:26.406 LosslessSwitcher[13466:160713] [ProxyRender] available: 256, threshold: 480, isPlaying: 0
horikei@horikeinoMacBook-Air ~ % 
